Archive member included to satisfy reference by file (symbol)

c:/st/stm32cubeide_1.7.0/stm32cubeide/plugins/com.st.stm32cube.ide.mcu.externaltools.gnu-tools-for-stm32.9-2020-q2-update.win32_2.0.0.202105311346/tools/bin/../lib/gcc/arm-none-eabi/9.3.1/../../../../arm-none-eabi/lib/thumb/v7-m/nofp\libc_nano.a(lib_a-errno.o)
                              ./Core/Src/syscalls.o (__errno)
c:/st/stm32cubeide_1.7.0/stm32cubeide/plugins/com.st.stm32cube.ide.mcu.externaltools.gnu-tools-for-stm32.9-2020-q2-update.win32_2.0.0.202105311346/tools/bin/../lib/gcc/arm-none-eabi/9.3.1/../../../../arm-none-eabi/lib/thumb/v7-m/nofp\libc_nano.a(lib_a-exit.o)
                              c:/st/stm32cubeide_1.7.0/stm32cubeide/plugins/com.st.stm32cube.ide.mcu.externaltools.gnu-tools-for-stm32.9-2020-q2-update.win32_2.0.0.202105311346/tools/bin/../lib/gcc/arm-none-eabi/9.3.1/../../../../arm-none-eabi/lib/thumb/v7-m/nofp/crt0.o (exit)
c:/st/stm32cubeide_1.7.0/stm32cubeide/plugins/com.st.stm32cube.ide.mcu.externaltools.gnu-tools-for-stm32.9-2020-q2-update.win32_2.0.0.202105311346/tools/bin/../lib/gcc/arm-none-eabi/9.3.1/../../../../arm-none-eabi/lib/thumb/v7-m/nofp\libc_nano.a(lib_a-impure.o)
                              c:/st/stm32cubeide_1.7.0/stm32cubeide/plugins/com.st.stm32cube.ide.mcu.externaltools.gnu-tools-for-stm32.9-2020-q2-update.win32_2.0.0.202105311346/tools/bin/../lib/gcc/arm-none-eabi/9.3.1/../../../../arm-none-eabi/lib/thumb/v7-m/nofp\libc_nano.a(lib_a-exit.o) (_global_impure_ptr)
c:/st/stm32cubeide_1.7.0/stm32cubeide/plugins/com.st.stm32cube.ide.mcu.externaltools.gnu-tools-for-stm32.9-2020-q2-update.win32_2.0.0.202105311346/tools/bin/../lib/gcc/arm-none-eabi/9.3.1/../../../../arm-none-eabi/lib/thumb/v7-m/nofp\libc_nano.a(lib_a-init.o)
                              c:/st/stm32cubeide_1.7.0/stm32cubeide/plugins/com.st.stm32cube.ide.mcu.externaltools.gnu-tools-for-stm32.9-2020-q2-update.win32_2.0.0.202105311346/tools/bin/../lib/gcc/arm-none-eabi/9.3.1/../../../../arm-none-eabi/lib/thumb/v7-m/nofp/crt0.o (__libc_init_array)
c:/st/stm32cubeide_1.7.0/stm32cubeide/plugins/com.st.stm32cube.ide.mcu.externaltools.gnu-tools-for-stm32.9-2020-q2-update.win32_2.0.0.202105311346/tools/bin/../lib/gcc/arm-none-eabi/9.3.1/../../../../arm-none-eabi/lib/thumb/v7-m/nofp\libc_nano.a(lib_a-memset.o)
                              c:/st/stm32cubeide_1.7.0/stm32cubeide/plugins/com.st.stm32cube.ide.mcu.externaltools.gnu-tools-for-stm32.9-2020-q2-update.win32_2.0.0.202105311346/tools/bin/../lib/gcc/arm-none-eabi/9.3.1/../../../../arm-none-eabi/lib/thumb/v7-m/nofp/crt0.o (memset)
c:/st/stm32cubeide_1.7.0/stm32cubeide/plugins/com.st.stm32cube.ide.mcu.externaltools.gnu-tools-for-stm32.9-2020-q2-update.win32_2.0.0.202105311346/tools/bin/../lib/gcc/arm-none-eabi/9.3.1/../../../../arm-none-eabi/lib/thumb/v7-m/nofp\libc_nano.a(lib_a-sprintf.o)
                              ./Core/Src/i2c_lcd.o (sprintf)
c:/st/stm32cubeide_1.7.0/stm32cubeide/plugins/com.st.stm32cube.ide.mcu.externaltools.gnu-tools-for-stm32.9-2020-q2-update.win32_2.0.0.202105311346/tools/bin/../lib/gcc/arm-none-eabi/9.3.1/../../../../arm-none-eabi/lib/thumb/v7-m/nofp\libc_nano.a(lib_a-nano-svfprintf.o)
                              c:/st/stm32cubeide_1.7.0/stm32cubeide/plugins/com.st.stm32cube.ide.mcu.externaltools.gnu-tools-for-stm32.9-2020-q2-update.win32_2.0.0.202105311346/tools/bin/../lib/gcc/arm-none-eabi/9.3.1/../../../../arm-none-eabi/lib/thumb/v7-m/nofp\libc_nano.a(lib_a-sprintf.o) (_svfprintf_r)
c:/st/stm32cubeide_1.7.0/stm32cubeide/plugins/com.st.stm32cube.ide.mcu.externaltools.gnu-tools-for-stm32.9-2020-q2-update.win32_2.0.0.202105311346/tools/bin/../lib/gcc/arm-none-eabi/9.3.1/../../../../arm-none-eabi/lib/thumb/v7-m/nofp\libc_nano.a(lib_a-nano-vfprintf_i.o)
                              c:/st/stm32cubeide_1.7.0/stm32cubeide/plugins/com.st.stm32cube.ide.mcu.externaltools.gnu-tools-for-stm32.9-2020-q2-update.win32_2.0.0.202105311346/tools/bin/../lib/gcc/arm-none-eabi/9.3.1/../../../../arm-none-eabi/lib/thumb/v7-m/nofp\libc_nano.a(lib_a-nano-svfprintf.o) (_printf_i)
c:/st/stm32cubeide_1.7.0/stm32cubeide/plugins/com.st.stm32cube.ide.mcu.externaltools.gnu-tools-for-stm32.9-2020-q2-update.win32_2.0.0.202105311346/tools/bin/../lib/gcc/arm-none-eabi/9.3.1/../../../../arm-none-eabi/lib/thumb/v7-m/nofp\libc_nano.a(lib_a-memchr-stub.o)
                              c:/st/stm32cubeide_1.7.0/stm32cubeide/plugins/com.st.stm32cube.ide.mcu.externaltools.gnu-tools-for-stm32.9-2020-q2-update.win32_2.0.0.202105311346/tools/bin/../lib/gcc/arm-none-eabi/9.3.1/../../../../arm-none-eabi/lib/thumb/v7-m/nofp\libc_nano.a(lib_a-nano-svfprintf.o) (memchr)
c:/st/stm32cubeide_1.7.0/stm32cubeide/plugins/com.st.stm32cube.ide.mcu.externaltools.gnu-tools-for-stm32.9-2020-q2-update.win32_2.0.0.202105311346/tools/bin/../lib/gcc/arm-none-eabi/9.3.1/../../../../arm-none-eabi/lib/thumb/v7-m/nofp\libc_nano.a(lib_a-memcpy-stub.o)
[...]
Memory Configuration

Name             Origin             Length             Attributes
RAM              0x0000000020000000 0x0000000000005000 xrw
FLASH            0x0000000008000000 0x0000000000020000 xr
*default*        0x0000000000000000 0xffffffffffffffff

Linker script and memory map

LOAD c:/st/stm32cubeide_1.7.0/stm32cubeide/plugins/com.st.stm32cube.ide.mcu.externaltools.gnu-tools-for-stm32.9-2020-q2-update.win32_2.0.0.202105311346/tools/bin/../lib/gcc/arm-none-eabi/9.3.1/thumb/v7-m/nofp/crti.o
LOAD c:/st/stm32cubeide_1.7.0/stm32cubeide/plugins/com.st.stm32cube.ide.mcu.externaltools.gnu-tools-for-stm32.9-2020-q2-update.win32_2.0.0.202105311346/tools/bin/../lib/gcc/arm-none-eabi/9.3.1/thumb/v7-m/nofp/crtbegin.o
LOAD c:/st/stm32cubeide_1.7.0/stm32cubeide/plugins/com.st.stm32cube.ide.mcu.externaltools.gnu-tools-for-stm32.9-2020-q2-update.win32_2.0.0.202105311346/tools/bin/../lib/gcc/arm-none-eabi/9.3.1/../../../../arm-none-eabi/lib/thumb/v7-m/nofp/crt0.o
LOAD ./Core/Src/buttons.o
LOAD ./Core/Src/global.o
LOAD ./Core/Src/i2c_lcd.o
LOAD ./Core/Src/main.o
LOAD ./Core/Src/scheduler.o
LOAD ./Core/Src/software_timer.o
LOAD ./Core/Src/stm32f1xx_hal_msp.o
LOAD ./Core/Src/stm32f1xx_it.o
LOAD ./Core/Src/syscalls.o
LOAD ./Core/Src/sysmem.o
LOAD ./Core/Src/system_stm32f1xx.o
LOAD ./Core/Src/tasks.o
LOAD ./Core/Src/traffic_light.o
LOAD ./Core/Startup/startup_stm32f103rbtx.o
LOAD ./Drivers/STM32F1xx_HAL_Driver/Src/stm32f1xx_hal.o
LOAD ./Drivers/STM32F1xx_HAL_Driver/Src/stm32f1xx_hal_cortex.o
LOAD ./Drivers/STM32F1xx_HAL_Driver/Src/stm32f1xx_hal_dma.o
LOAD ./Drivers/STM32F1xx_HAL_Driver/Src/stm32f1xx_hal_exti.o
LOAD ./Drivers/STM32F1xx_HAL_Driver/Src/stm32f1xx_hal_flash.o
LOAD ./Drivers/STM32F1xx_HAL_Driver/Src/stm32f1xx_hal_flash_ex.o
LOAD ./Drivers/STM32F1xx_HAL_Driver/Src/stm32f1xx_hal_gpio.o
LOAD ./Drivers/STM32F1xx_HAL_Driver/Src/stm32f1xx_hal_gpio_ex.o
LOAD ./Drivers/STM32F1xx_HAL_Driver/Src/stm32f1xx_hal_i2c.o
LOAD ./Drivers/STM32F1xx_HAL_Driver/Src/stm32f1xx_hal_pwr.o
LOAD ./Drivers/STM32F1xx_HAL_Driver/Src/stm32f1xx_hal_rcc.o
LOAD ./Drivers/STM32F1xx_HAL_Driver/Src/stm32f1xx_hal_rcc_ex.o
LOAD ./Drivers/STM32F1xx_HAL_Driver/Src/stm32f1xx_hal_tim.o
LOAD ./Drivers/STM32F1xx_HAL_Driver/Src/stm32f1xx_hal_tim_ex.o
LOAD ./Drivers/STM32F1xx_HAL_Driver/Src/stm32f1xx_hal_uart.o
START GROUP
LOAD c:/st/stm32cubeide_1.7.0/stm32cubeide/plugins/com.st.stm32cube.ide.mcu.externaltools.gnu-tools-for-stm32.9-2020-q2-update.win32_2.0.0.202105311346/tools/bin/../lib/gcc/arm-none-eabi/9.3.1/../../../../arm-none-eabi/lib/thumb/v7-m/nofp\libc_nano.a
LOAD c:/st/stm32cubeide_1.7.0/stm32cubeide/plugins/com.st.stm32cube.ide.mcu.externaltools.gnu-tools-for-stm32.9-2020-q2-update.win32_2.0.0.202105311346/tools/bin/../lib/gcc/arm-none-eabi/9.3.1/../../../../arm-none-eabi/lib/thumb/v7-m/nofp\libm.a
END GROUP
START GROUP
LOAD c:/st/stm32cubeide_1.7.0/stm32cubeide/plugins/com.st.stm32cube.ide.mcu.externaltools.gnu-tools-for-stm32.9-2020-q2-update.win32_2.0.0.202105311346/tools/bin/../lib/gcc/arm-none-eabi/9.3.1/thumb/v7-m/nofp\libgcc.a
LOAD c:/st/stm32cubeide_1.7.0/stm32cubeide/plugins/com.st.stm32cube.ide.mcu.externaltools.gnu-tools-for-stm32.9-2020-q2-update.win32_2.0.0.202105311346/tools/bin/../lib/gcc/arm-none-eabi/9.3.1/../../../../arm-none-eabi/lib/thumb/v7-m/nofp\libc_nano.a
END GROUP
START GROUP
LOAD c:/st/stm32cubeide_1.7.0/stm32cubeide/plugins/com.st.stm32cube.ide.mcu.externaltools.gnu-tools-for-stm32.9-2020-q2-update.win32_2.0.0.202105311346/tools/bin/../lib/gcc/arm-none-eabi/9.3.1/thumb/v7-m/nofp\libgcc.a
LOAD c:/st/stm32cubeide_1.7.0/stm32cubeide/plugins/com.st.stm32cube.ide.mcu.externaltools.gnu-tools-for-stm32.9-2020-q2-update.win32_2.0.0.202105311346/tools/bin/../lib/gcc/arm-none-eabi/9.3.1/../../../../arm-none-eabi/lib/thumb/v7-m/nofp\libc_nano.a
LOAD c:/st/stm32cubeide_1.7.0/stm32cubeide/plugins/com.st.stm32cube.ide.mcu.externaltools.gnu-tools-for-stm32.9-2020-q2-update.win32_2.0.0.202105311346/tools/bin/../lib/gcc/arm-none-eabi/9.3.1/../../../../arm-none-eabi/lib/thumb/v7-m/nofp\libnosys.a
END GROUP
START GROUP
LOAD c:/st/stm32cubeide_1.7.0/stm32cubeide/plugins/com.st.stm32cube.ide.mcu.externaltools.gnu-tools-for-stm32.9-2020-q2-update.win32_2.0.0.202105311346/tools/bin/../lib/gcc/arm-none-eabi/9.3.1/thumb/v7-m/nofp\libgcc.a
LOAD c:/st/stm32cubeide_1.7.0/stm32cubeide/plugins/com.st.stm32cube.ide.mcu.externaltools.gnu-tools-for-stm32.9-2020-q2-update.win32_2.0.0.202105311346/tools/bin/../lib/gcc/arm-none-eabi/9.3.1/../../../../arm-none-eabi/lib/thumb/v7-m/nofp\libc_nano.a
LOAD c:/st/stm32cubeide_1.7.0/stm32cubeide/plugins/com.st.stm32cube.ide.mcu.externaltools.gnu-tools-for-stm32.9-2020-q2-update.win32_2.0.0.202105311346/tools/bin/../lib/gcc/arm-none-eabi/9.3.1/../../../../arm-none-eabi/lib/thumb/v7-m/nofp\libnosys.a
END GROUP
LOAD c:/st/stm32cubeide_1.7.0/stm32cubeide/plugins/com.st.stm32cube.ide.mcu.externaltools.gnu-tools-for-stm32.9-2020-q2-update.win32_2.0.0.202105311346/tools/bin/../lib/gcc/arm-none-eabi/9.3.1/thumb/v7-m/nofp/crtend.o
LOAD c:/st/stm32cubeide_1.7.0/stm32cubeide/plugins/com.st.stm32cube.ide.mcu.externaltools.gnu-tools-for-stm32.9-2020-q2-update.win32_2.0.0.202105311346/tools/bin/../lib/gcc/arm-none-eabi/9.3.1/thumb/v7-m/nofp/crtn.o
                0x0000000020005000                _estack = (ORIGIN (RAM) + LENGTH (RAM))
                0x0000000000000200                _Min_Heap_Size = 0x200
                0x0000000000000400                _Min_Stack_Size = 0x400

.isr_vector     0x0000000008000000      0x10c
                0x0000000008000000                . = ALIGN (0x4)
 *(.isr_vector)
 .isr_vector    0x0000000008000000      0x10c ./Core/Startup/startup_stm32f103rbtx.o
                0x0000000008000000                g_pfnVectors
                0x000000000800010c                . = ALIGN (0x4)

.text           0x000000000800010c     0x4ab0
                0x000000000800010c                . = ALIGN (0x4)
 *(.text)
 .text          0x000000000800010c       0x40 c:/st/stm32cubeide_1.7.0/stm32cubeide/plugins/com.st.stm32cube.ide.mcu.externaltools.gnu-tools-for-stm32.9-2020-q2-update.win32_2.0.0.202105311346/tools/bin/../lib/gcc/arm-none-eabi/9.3.1/thumb/v7-m/nofp/crtbegin.o
 *(.text*)
 .text.getKeyInput
                0x000000000800014c       0xa0 ./Core/Src/buttons.o
                0x000000000800014c                getKeyInput
 .text.resetButton
                0x00000000080001ec       0x1e ./Core/Src/buttons.o
                0x00000000080001ec                resetButton
 *fill*         0x000000000800020a        0x2 
 .text.lcd_send_cmd
                0x000000000800020c       0x60 ./Core/Src/i2c_lcd.o
                0x000000000800020c                lcd_send_cmd
 .text.lcd_send_data
                0x000000000800026c       0x60 ./Core/Src/i2c_lcd.o
                0x000000000800026c                lcd_send_data
 .text.lcd_init
                0x00000000080002cc       0x5c ./Core/Src/i2c_lcd.o
                0x00000000080002cc                lcd_init
 .text.lcd_send_string
                0x0000000008000328       0x2a ./Core/Src/i2c_lcd.o
                0x0000000008000328                lcd_send_string
 .text.lcd_goto_XY
                0x0000000008000352       0x44 ./Core/Src/i2c_lcd.o
                0x0000000008000352                lcd_goto_XY
 *fill*         0x0000000008000396        0x2 
 .text.lcd_display
                0x0000000008000398       0x58 ./Core/Src/i2c_lcd.o
                0x0000000008000398                lcd_display
 .text.main     0x00000000080003f0       0x6c ./Core/Src/main.o
                0x00000000080003f0                main
 .text.SystemClock_Config
                0x000000000800045c       0x82 ./Core/Src/main.o
                0x000000000800045c                SystemClock_Config
 *fill*         0x00000000080004de        0x2 
 .text.MX_I2C1_Init
                0x00000000080004e0       0x5c ./Core/Src/main.o
 .text.MX_TIM2_Init
                0x000000000800053c       0x98 ./Core/Src/main.o
 .text.MX_USART2_UART_Init
                0x00000000080005d4       0x54 ./Core/Src/main.o
 .text.MX_GPIO_Init
                0x0000000008000628       0xf8 ./Core/Src/main.o
 .text.HAL_TIM_PeriodElapsedCallback
                0x0000000008000720       0x14 ./Core/Src/main.o
                0x0000000008000720                HAL_TIM_PeriodElapsedCallback
 .text.Error_Handler
                0x0000000008000734        0xa ./Core/Src/main.o
                0x0000000008000734                Error_Handler
 *fill*         0x000000000800073e        0x2 
 .text.List_resetNodeData
                0x0000000008000740       0x78 ./Core/Src/scheduler.o
                0x0000000008000740                List_resetNodeData
 .text.initFreeList
                0x00000000080007b8       0x48 ./Core/Src/scheduler.o
                0x00000000080007b8                initFreeList
 .text.List_init
                0x0000000008000800       0x24 ./Core/Src/scheduler.o
                0x0000000008000800                List_init
 .text.List_getFreeIndex
                0x0000000008000824       0x48 ./Core/Src/scheduler.o
                0x0000000008000824                List_getFreeIndex
 .text.List_freeIndex
                0x000000000800086c       0x50 ./Core/Src/scheduler.o
                0x000000000800086c                List_freeIndex
 .text.List_isEmpty
                0x00000000080008bc       0x20 ./Core/Src/scheduler.o
                0x00000000080008bc                List_isEmpty
 .text.List_insertNode
                0x00000000080008dc      0x21c ./Core/Src/scheduler.o
                0x00000000080008dc                List_insertNode
 .text.List_popHead
                0x0000000008000af8       0x40 ./Core/Src/scheduler.o
                0x0000000008000af8                List_popHead
 .text.SCH_Init
                0x0000000008000b38       0x18 ./Core/Src/scheduler.o
                0x0000000008000b38                SCH_Init
 .text.SCH_Update
                0x0000000008000b50       0x88 ./Core/Src/scheduler.o
                0x0000000008000b50                SCH_Update
 .text.SCH_Dispatch_Tasks
                0x0000000008000bd8       0xf0 ./Core/Src/scheduler.o
                0x0000000008000bd8                SCH_Dispatch_Tasks
 .text.SCH_Add_Task
                0x0000000008000cc8       0xa0 ./Core/Src/scheduler.o
                0x0000000008000cc8                SCH_Add_Task
 .text.SCH_Report_Status
                0x0000000008000d68       0x18 ./Core/Src/scheduler.o
                0x0000000008000d68                SCH_Report_Status
 .text.SCH_Go_To_Sleep
                0x0000000008000d80       0x18 ./Core/Src/scheduler.o
                0x0000000008000d80                SCH_Go_To_Sleep
 .text.setTimer
                0x0000000008000d98       0x40 ./Core/Src/software_timer.o
                0x0000000008000d98                setTimer
 .text.timerRun
                0x0000000008000dd8       0x60 ./Core/Src/software_timer.o
                0x0000000008000dd8                timerRun
 .text.IsTimeExpired
                0x0000000008000e38       0x28 ./Core/Src/software_timer.o
                0x0000000008000e38                IsTimeExpired
 .text.HAL_MspInit
                0x0000000008000e60       0x64 ./Core/Src/stm32f1xx_hal_msp.o
                0x0000000008000e60                HAL_MspInit
 .text.HAL_I2C_MspInit
                0x0000000008000ec4       0xa0 ./Core/Src/stm32f1xx_hal_msp.o
                0x0000000008000ec4                HAL_I2C_MspInit
 .text.HAL_TIM_Base_MspInit
                0x0000000008000f64       0x48 ./Core/Src/stm32f1xx_hal_msp.o
                0x0000000008000f64                HAL_TIM_Base_MspInit
 .text.HAL_UART_MspInit
                0x0000000008000fac       0xa4 ./Core/Src/stm32f1xx_hal_msp.o
                0x0000000008000fac                HAL_UART_MspInit
 .text.NMI_Handler
                0x0000000008001050        0x6 ./Core/Src/stm32f1xx_it.o
                0x0000000008001050                NMI_Handler
 .text.HardFault_Handler
                0x0000000008001056        0x6 ./Core/Src/stm32f1xx_it.o
                0x0000000008001056                HardFault_Handler
 .text.MemManage_Handler
                0x000000000800105c        0x6 ./Core/Src/stm32f1xx_it.o
                0x000000000800105c                MemManage_Handler
 .text.BusFault_Handler
                0x0000000008001062        0x6 ./Core/Src/stm32f1xx_it.o
                0x0000000008001062                BusFault_Handler
 .text.UsageFault_Handler
                0x0000000008001068        0x6 ./Core/Src/stm32f1xx_it.o
                0x0000000008001068                UsageFault_Handler
 .text.SVC_Handler
                0x000000000800106e        0xc ./Core/Src/stm32f1xx_it.o
                0x000000000800106e                SVC_Handler
 .text.DebugMon_Handler
                0x000000000800107a        0xc ./Core/Src/stm32f1xx_it.o
                0x000000000800107a                DebugMon_Handler
 .text.PendSV_Handler
                0x0000000008001086        0xc ./Core/Src/stm32f1xx_it.o
                0x0000000008001086                PendSV_Handler
 .text.SysTick_Handler
                0x0000000008001092        0xc ./Core/Src/stm32f1xx_it.o
                0x0000000008001092                SysTick_Handler
 *fill*         0x000000000800109e        0x2 
 .text.TIM2_IRQHandler
                0x00000000080010a0       0x14 ./Core/Src/stm32f1xx_it.o
                0x00000000080010a0                TIM2_IRQHandler
 .text.USART2_IRQHandler
                0x00000000080010b4       0x14 ./Core/Src/stm32f1xx_it.o
                0x00000000080010b4                USART2_IRQHandler
 .text._sbrk    0x00000000080010c8       0x6c ./Core/Src/sysmem.o
                0x00000000080010c8                _sbrk
 .text.SystemInit
                0x0000000008001134        0xc ./Core/Src/system_stm32f1xx.o
                0x0000000008001134                SystemInit
 .text.BlinkyLed
                0x0000000008001140       0x14 ./Core/Src/tasks.o
                0x0000000008001140                BlinkyLed
 .text.getButtons
                0x0000000008001154       0x28 ./Core/Src/tasks.o
                0x0000000008001154                getButtons
 .text.fsm      0x000000000800117c        0xc ./Core/Src/tasks.o
                0x000000000800117c                fsm
 .text.fsm_traffic_light
                0x0000000008001188       0xc0 ./Core/Src/traffic_light.o
                0x0000000008001188                fsm_traffic_light
 .text.turn_on_red_green
                0x0000000008001248       0x40 ./Core/Src/traffic_light.o
                0x0000000008001248                turn_on_red_green
 .text.turn_on_red_amber
                0x0000000008001288       0x40 ./Core/Src/traffic_light.o
                0x0000000008001288                turn_on_red_amber
 .text.turn_on_green_red
                0x00000000080012c8       0x40 ./Core/Src/traffic_light.o
                0x00000000080012c8                turn_on_green_red
 .text.turn_on_amber_red
                0x0000000008001308       0x40 ./Core/Src/traffic_light.o
                0x0000000008001308                turn_on_amber_red
 .text.init_auto_red_green
                0x0000000008001348       0x68 ./Core/Src/traffic_light.o
                0x0000000008001348                init_auto_red_green
 .text.auto_red_green
                0x00000000080013b0       0x60 ./Core/Src/traffic_light.o
                0x00000000080013b0                auto_red_green
 .text.init_auto_red_amber
                0x0000000008001410       0x5c ./Core/Src/traffic_light.o
                0x0000000008001410                init_auto_red_amber
 .text.auto_red_amber
                0x000000000800146c       0x60 ./Core/Src/traffic_light.o
                0x000000000800146c                auto_red_amber
 .text.init_auto_green_red
                0x00000000080014cc       0x68 ./Core/Src/traffic_light.o
                0x00000000080014cc                init_auto_green_red
 .text.auto_green_red
                0x0000000008001534       0x60 ./Core/Src/traffic_light.o
                0x0000000008001534                auto_green_red
 .text.init_auto_amber_red
                0x0000000008001594       0x5c ./Core/Src/traffic_light.o
                0x0000000008001594                init_auto_amber_red
 .text.auto_amber_red
                0x00000000080015f0       0x60 ./Core/Src/traffic_light.o
                0x00000000080015f0                auto_amber_red
 .text.Reset_Handler
                0x0000000008001650       0x48 ./Core/Startup/startup_stm32f103rbtx.o
                0x0000000008001650                Reset_Handler
 .text.Default_Handler
                0x0000000008001698        0x2 ./Core/Startup/startup_stm32f103rbtx.o
                0x0000000008001698                RTC_Alarm_IRQHandler
                0x0000000008001698                EXTI2_IRQHandler
                0x0000000008001698                TIM1_CC_IRQHandler
                0x0000000008001698                PVD_IRQHandler
                0x0000000008001698                EXTI3_IRQHandler
                0x0000000008001698                EXTI0_IRQHandler
                0x0000000008001698                I2C2_EV_IRQHandler
                0x0000000008001698                ADC1_2_IRQHandler
                0x0000000008001698                SPI1_IRQHandler
                0x0000000008001698                TAMPER_IRQHandler
                0x0000000008001698                DMA1_Channel4_IRQHandler
                0x0000000008001698                USART3_IRQHandler
                0x0000000008001698                RTC_IRQHandler
                0x0000000008001698                DMA1_Channel7_IRQHandler
                0x0000000008001698                CAN1_RX1_IRQHandler
                0x0000000008001698                TIM4_IRQHandler
                0x0000000008001698                I2C1_EV_IRQHandler
                0x0000000008001698                DMA1_Channel6_IRQHandler
                0x0000000008001698                TIM3_IRQHandler
                0x0000000008001698                RCC_IRQHandler
                0x0000000008001698                TIM1_TRG_COM_IRQHandler
                0x0000000008001698                DMA1_Channel1_IRQHandler
                0x0000000008001698                Default_Handler
                0x0000000008001698                EXTI15_10_IRQHandler
                0x0000000008001698                EXTI9_5_IRQHandler
                0x0000000008001698                SPI2_IRQHandler
                0x0000000008001698                DMA1_Channel5_IRQHandler
                0x0000000008001698                EXTI4_IRQHandler
                0x0000000008001698                USB_LP_CAN1_RX0_IRQHandler
                0x0000000008001698                USB_HP_CAN1_TX_IRQHandler
                0x0000000008001698                DMA1_Channel3_IRQHandler
                0x0000000008001698                TIM1_UP_IRQHandler
                0x0000000008001698                WWDG_IRQHandler
                0x0000000008001698                TIM1_BRK_IRQHandler
                0x0000000008001698                EXTI1_IRQHandler
                0x0000000008001698                I2C2_ER_IRQHandler
                0x0000000008001698                DMA1_Channel2_IRQHandler
                0x0000000008001698                CAN1_SCE_IRQHandler
                0x0000000008001698                FLASH_IRQHandler
                0x0000000008001698                USART1_IRQHandler
                0x0000000008001698                I2C1_ER_IRQHandler
                0x0000000008001698                USBWakeUp_IRQHandler
 *fill*         0x000000000800169a        0x2 
 .text.HAL_Init
                0x000000000800169c       0x2c ./Drivers/STM32F1xx_HAL_Driver/Src/stm32f1xx_hal.o
                0x000000000800169c                HAL_Init
 .text.HAL_InitTick
                0x00000000080016c8       0x60 ./Drivers/STM32F1xx_HAL_Driver/Src/stm32f1xx_hal.o
                0x00000000080016c8                HAL_InitTick
 .text.HAL_IncTick
                0x0000000008001728       0x24 ./Drivers/STM32F1xx_HAL_Driver/Src/stm32f1xx_hal.o
                0x0000000008001728                HAL_IncTick
 .text.HAL_GetTick
                0x000000000800174c       0x14 ./Drivers/STM32F1xx_HAL_Driver/Src/stm32f1xx_hal.o
                0x000000000800174c                HAL_GetTick
 .text.HAL_Delay
                0x0000000008001760       0x48 ./Drivers/STM32F1xx_HAL_Driver/Src/stm32f1xx_hal.o
                0x0000000008001760                HAL_Delay
 .text.HAL_SuspendTick
                0x00000000080017a8       0x1c ./Drivers/STM32F1xx_HAL_Driver/Src/stm32f1xx_hal.o
                0x00000000080017a8                HAL_SuspendTick
 .text.HAL_ResumeTick
                0x00000000080017c4       0x1c ./Drivers/STM32F1xx_HAL_Driver/Src/stm32f1xx_hal.o
                0x00000000080017c4                HAL_ResumeTick
 .text.__NVIC_SetPriorityGrouping
                0x00000000080017e0       0x48 ./Drivers/STM32F1xx_HAL_Driver/Src/stm32f1xx_hal_cortex.o
 .text.__NVIC_GetPriorityGrouping
                0x0000000008001828       0x1c ./Drivers/STM32F1xx_HAL_Driver/Src/stm32f1xx_hal_cortex.o
 .text.__NVIC_EnableIRQ
                0x0000000008001844       0x38 ./Drivers/STM32F1xx_HAL_Driver/Src/stm32f1xx_hal_cortex.o
 .text.__NVIC_SetPriority
                0x000000000800187c       0x54 ./Drivers/STM32F1xx_HAL_Driver/Src/stm32f1xx_hal_cortex.o
 .text.NVIC_EncodePriority
                0x00000000080018d0       0x64 ./Drivers/STM32F1xx_HAL_Driver/Src/stm32f1xx_hal_cortex.o
 .text.SysTick_Config
                0x0000000008001934       0x44 ./Drivers/STM32F1xx_HAL_Driver/Src/stm32f1xx_hal_cortex.o
 .text.HAL_NVIC_SetPriorityGrouping
                0x0000000008001978       0x16 ./Drivers/STM32F1xx_HAL_Driver/Src/stm32f1xx_hal_cortex.o
                0x0000000008001978                HAL_NVIC_SetPriorityGrouping
 .text.HAL_NVIC_SetPriority
                0x000000000800198e       0x38 ./Drivers/STM32F1xx_HAL_Driver/Src/stm32f1xx_hal_cortex.o
                0x000000000800198e                HAL_NVIC_SetPriority
 .text.HAL_NVIC_EnableIRQ
                0x00000000080019c6       0x1c ./Drivers/STM32F1xx_HAL_Driver/Src/stm32f1xx_hal_cortex.o
                0x00000000080019c6                HAL_NVIC_EnableIRQ
 .text.HAL_SYSTICK_Config
                0x00000000080019e2       0x18 ./Drivers/STM32F1xx_HAL_Driver/Src/stm32f1xx_hal_cortex.o
                0x00000000080019e2                HAL_SYSTICK_Config
 .text.HAL_DMA_Abort
                0x00000000080019fa       0x76 ./Drivers/STM32F1xx_HAL_Driver/Src/stm32f1xx_hal_dma.o
                0x00000000080019fa                HAL_DMA_Abort
 .text.HAL_DMA_Abort_IT
                0x0000000008001a70       0xf0 ./Drivers/STM32F1xx_HAL_Driver/Src/stm32f1xx_hal_dma.o
                0x0000000008001a70                HAL_DMA_Abort_IT
 .text.HAL_GPIO_Init
                0x0000000008001b60      0x308 ./Drivers/STM32F1xx_HAL_Driver/Src/stm32f1xx_hal_gpio.o
                0x0000000008001b60                HAL_GPIO_Init
 .text.HAL_GPIO_ReadPin
                0x0000000008001e68       0x2e ./Drivers/STM32F1xx_HAL_Driver/Src/stm32f1xx_hal_gpio.o
                0x0000000008001e68                HAL_GPIO_ReadPin
 .text.HAL_GPIO_WritePin
                0x0000000008001e96       0x30 ./Drivers/STM32F1xx_HAL_Driver/Src/stm32f1xx_hal_gpio.o
                0x0000000008001e96                HAL_GPIO_WritePin
 .text.HAL_GPIO_TogglePin
                0x0000000008001ec6       0x32 ./Drivers/STM32F1xx_HAL_Driver/Src/stm32f1xx_hal_gpio.o
                0x0000000008001ec6                HAL_GPIO_TogglePin
 .text.HAL_I2C_Init
                0x0000000008001ef8      0x288 ./Drivers/STM32F1xx_HAL_Driver/Src/stm32f1xx_hal_i2c.o
                0x0000000008001ef8                HAL_I2C_Init
 .text.HAL_I2C_Master_Transmit
                0x0000000008002180      0x1fc ./Drivers/STM32F1xx_HAL_Driver/Src/stm32f1xx_hal_i2c.o
                0x0000000008002180                HAL_I2C_Master_Transmit
 .text.I2C_MasterRequestWrite
                0x000000000800237c      0x104 ./Drivers/STM32F1xx_HAL_Driver/Src/stm32f1xx_hal_i2c.o
 .text.I2C_WaitOnFlagUntilTimeout
                0x0000000008002480       0xf4 ./Drivers/STM32F1xx_HAL_Driver/Src/stm32f1xx_hal_i2c.o
 .text.I2C_WaitOnMasterAddressFlagUntilTimeout
                0x0000000008002574      0x140 ./Drivers/STM32F1xx_HAL_Driver/Src/stm32f1xx_hal_i2c.o
 .text.I2C_WaitOnTXEFlagUntilTimeout
                0x00000000080026b4       0x90 ./Drivers/STM32F1xx_HAL_Driver/Src/stm32f1xx_hal_i2c.o
 .text.I2C_WaitOnBTFFlagUntilTimeout
                0x0000000008002744       0x90 ./Drivers/STM32F1xx_HAL_Driver/Src/stm32f1xx_hal_i2c.o
 .text.I2C_IsAcknowledgeFailed
                0x00000000080027d4       0x5c ./Drivers/STM32F1xx_HAL_Driver/Src/stm32f1xx_hal_i2c.o
 .text.HAL_PWR_EnterSLEEPMode
                0x0000000008002830       0x38 ./Drivers/STM32F1xx_HAL_Driver/Src/stm32f1xx_hal_pwr.o
                0x0000000008002830                HAL_PWR_EnterSLEEPMode
 .text.HAL_RCC_OscConfig
                0x0000000008002868      0x500 ./Drivers/STM32F1xx_HAL_Driver/Src/stm32f1xx_hal_rcc.o
                0x0000000008002868                HAL_RCC_OscConfig
 .text.HAL_RCC_ClockConfig
                0x0000000008002d68      0x1d4 ./Drivers/STM32F1xx_HAL_Driver/Src/stm32f1xx_hal_rcc.o
                0x0000000008002d68                HAL_RCC_ClockConfig
 .text.HAL_RCC_GetSysClockFreq
                0x0000000008002f3c       0xa8 ./Drivers/STM32F1xx_HAL_Driver/Src/stm32f1xx_hal_rcc.o
                0x0000000008002f3c                HAL_RCC_GetSysClockFreq
 .text.HAL_RCC_GetHCLKFreq
                0x0000000008002fe4       0x14 ./Drivers/STM32F1xx_HAL_Driver/Src/stm32f1xx_hal_rcc.o
                0x0000000008002fe4                HAL_RCC_GetHCLKFreq
 .text.HAL_RCC_GetPCLK1Freq
                0x0000000008002ff8       0x28 ./Drivers/STM32F1xx_HAL_Driver/Src/stm32f1xx_hal_rcc.o
                0x0000000008002ff8                HAL_RCC_GetPCLK1Freq
 .text.HAL_RCC_GetPCLK2Freq
                0x0000000008003020       0x28 ./Drivers/STM32F1xx_HAL_Driver/Src/stm32f1xx_hal_rcc.o
                0x0000000008003020                HAL_RCC_GetPCLK2Freq
 .text.RCC_Delay
                0x0000000008003048       0x3c ./Drivers/STM32F1xx_HAL_Driver/Src/stm32f1xx_hal_rcc.o
 .text.HAL_TIM_Base_Init
                0x0000000008003084       0x9e ./Drivers/STM32F1xx_HAL_Driver/Src/stm32f1xx_hal_tim.o
                0x0000000008003084                HAL_TIM_Base_Init
 *fill*         0x0000000008003122        0x2 
 .text.HAL_TIM_Base_Start_IT
                0x0000000008003124       0xa4 ./Drivers/STM32F1xx_HAL_Driver/Src/stm32f1xx_hal_tim.o
                0x0000000008003124                HAL_TIM_Base_Start_IT
 .text.HAL_TIM_IRQHandler
                0x00000000080031c8      0x1e0 ./Drivers/STM32F1xx_HAL_Driver/Src/stm32f1xx_hal_tim.o
                0x00000000080031c8                HAL_TIM_IRQHandler
 .text.HAL_TIM_ConfigClockSource
                0x00000000080033a8      0x18e ./Drivers/STM32F1xx_HAL_Driver/Src/stm32f1xx_hal_tim.o
                0x00000000080033a8                HAL_TIM_ConfigClockSource
 .text.HAL_TIM_OC_DelayElapsedCallback
                0x0000000008003536       0x12 ./Drivers/STM32F1xx_HAL_Driver/Src/stm32f1xx_hal_tim.o
                0x0000000008003536                HAL_TIM_OC_DelayElapsedCallback
 .text.HAL_TIM_IC_CaptureCallback
                0x0000000008003548       0x12 ./Drivers/STM32F1xx_HAL_Driver/Src/stm32f1xx_hal_tim.o
                0x0000000008003548                HAL_TIM_IC_CaptureCallback
 .text.HAL_TIM_PWM_PulseFinishedCallback
                0x000000000800355a       0x12 ./Drivers/STM32F1xx_HAL_Driver/Src/stm32f1xx_hal_tim.o
                0x000000000800355a                HAL_TIM_PWM_PulseFinishedCallback
 .text.HAL_TIM_TriggerCallback
                0x000000000800356c       0x12 ./Drivers/STM32F1xx_HAL_Driver/Src/stm32f1xx_hal_tim.o
                0x000000000800356c                HAL_TIM_TriggerCallback
 *fill*         0x000000000800357e        0x2 
 .text.TIM_Base_SetConfig
                0x0000000008003580       0xdc ./Drivers/STM32F1xx_HAL_Driver/Src/stm32f1xx_hal_tim.o
                0x0000000008003580                TIM_Base_SetConfig
 .text.TIM_TI1_ConfigInputStage
                0x000000000800365c       0x5c ./Drivers/STM32F1xx_HAL_Driver/Src/stm32f1xx_hal_tim.o
 .text.TIM_TI2_ConfigInputStage
                0x00000000080036b8       0x5e ./Drivers/STM32F1xx_HAL_Driver/Src/stm32f1xx_hal_tim.o
 .text.TIM_ITRx_SetConfig
                0x0000000008003716       0x34 ./Drivers/STM32F1xx_HAL_Driver/Src/stm32f1xx_hal_tim.o
 .text.TIM_ETR_SetConfig
                0x000000000800374a       0x3e ./Drivers/STM32F1xx_HAL_Driver/Src/stm32f1xx_hal_tim.o
                0x000000000800374a                TIM_ETR_SetConfig
 .text.HAL_TIMEx_MasterConfigSynchronization
                0x0000000008003788       0xbc ./Drivers/STM32F1xx_HAL_Driver/Src/stm32f1xx_hal_tim_ex.o
                0x0000000008003788                HAL_TIMEx_MasterConfigSynchronization
 .text.HAL_TIMEx_CommutCallback
                0x0000000008003844       0x12 ./Drivers/STM32F1xx_HAL_Driver/Src/stm32f1xx_hal_tim_ex.o
                0x0000000008003844                HAL_TIMEx_CommutCallback
 .text.HAL_TIMEx_BreakCallback
                0x0000000008003856       0x12 ./Drivers/STM32F1xx_HAL_Driver/Src/stm32f1xx_hal_tim_ex.o
                0x0000000008003856                HAL_TIMEx_BreakCallback
 .text.HAL_UART_Init
                0x0000000008003868       0xa0 ./Drivers/STM32F1xx_HAL_Driver/Src/stm32f1xx_hal_uart.o
                0x0000000008003868                HAL_UART_Init
 .text.HAL_UART_IRQHandler
                0x0000000008003908      0x524 ./Drivers/STM32F1xx_HAL_Driver/Src/stm32f1xx_hal_uart.o
                0x0000000008003908                HAL_UART_IRQHandler
 .text.HAL_UART_TxCpltCallback
                0x0000000008003e2c       0x12 ./Drivers/STM32F1xx_HAL_Driver/Src/stm32f1xx_hal_uart.o
                0x0000000008003e2c                HAL_UART_TxCpltCallback
 .text.HAL_UART_RxCpltCallback
                0x0000000008003e3e       0x12 ./Drivers/STM32F1xx_HAL_Driver/Src/stm32f1xx_hal_uart.o
                0x0000000008003e3e                HAL_UART_RxCpltCallback
 .text.HAL_UART_ErrorCallback
                0x0000000008003e50       0x12 ./Drivers/STM32F1xx_HAL_Driver/Src/stm32f1xx_hal_uart.o
                0x0000000008003e50                HAL_UART_ErrorCallback
 .text.HAL_UARTEx_RxEventCallback
                0x0000000008003e62       0x16 ./Drivers/STM32F1xx_HAL_Driver/Src/stm32f1xx_hal_uart.o
                0x0000000008003e62                HAL_UARTEx_RxEventCallback
 .text.UART_EndRxTransfer
                0x0000000008003e78       0xc4 ./Drivers/STM32F1xx_HAL_Driver/Src/stm32f1xx_hal_uart.o
 .text.UART_DMAAbortOnError
                0x0000000008003f3c       0x28 ./Drivers/STM32F1xx_HAL_Driver/Src/stm32f1xx_hal_uart.o
 .text.UART_Transmit_IT
                0x0000000008003f64       0x9e ./Drivers/STM32F1xx_HAL_Driver/Src/stm32f1xx_hal_uart.o
 .text.UART_EndTransmit_IT
                0x0000000008004002       0x30 ./Drivers/STM32F1xx_HAL_Driver/Src/stm32f1xx_hal_uart.o
 .text.UART_Receive_IT
                0x0000000008004032      0x17c ./Drivers/STM32F1xx_HAL_Driver/Src/stm32f1xx_hal_uart.o
 *fill*         0x00000000080041ae        0x2 
 .text.UART_SetConfig
                0x00000000080041b0      0x11c ./Drivers/STM32F1xx_HAL_Driver/Src/stm32f1xx_hal_uart.o
 .text.__errno  0x00000000080042cc        0xc c:/st/stm32cubeide_1.7.0/stm32cubeide/plugins/com.st.stm32cube.ide.mcu.externaltools.gnu-tools-for-stm32.9-2020-q2-update.win32_2.0.0.202105311346/tools/bin/../lib/gcc/arm-none-eabi/9.3.1/../../../../arm-none-eabi/lib/thumb/v7-m/nofp\libc_nano.a(lib_a-errno.o)
                0x00000000080042cc                __errno
 .text.__libc_init_array
                0x00000000080042d8       0x48 c:/st/stm32cubeide_1.7.0/stm32cubeide/plugins/com.st.stm32cube.ide.mcu.externaltools.gnu-tools-for-stm32.9-2020-q2-update.win32_2.0.0.202105311346/tools/bin/../lib/gcc/arm-none-eabi/9.3.1/../../../../arm-none-eabi/lib/thumb/v7-m/nofp\libc_nano.a(lib_a-init.o)
                0x00000000080042d8                __libc_init_array
 .text.memset   0x0000000008004320       0x10 c:/st/stm32cubeide_1.7.0/stm32cubeide/plugins/com.st.stm32cube.ide.mcu.externaltools.gnu-tools-for-stm32.9-2020-q2-update.win32_2.0.0.202105311346/tools/bin/../lib/gcc/arm-none-eabi/9.3.1/../../../../arm-none-eabi/lib/thumb/v7-m/nofp\libc_nano.a(lib_a-memset.o)
                0x0000000008004320                memset
 .text.sprintf  0x0000000008004330       0x40 c:/st/stm32cubeide_1.7.0/stm32cubeide/plugins/com.st.stm32cube.ide.mcu.externaltools.gnu-tools-for-stm32.9-2020-q2-update.win32_2.0.0.202105311346/tools/bin/../lib/gcc/arm-none-eabi/9.3.1/../../../../arm-none-eabi/lib/thumb/v7-m/nofp\libc_nano.a(lib_a-sprintf.o)
                0x0000000008004330                siprintf
                0x0000000008004330                sprintf
 .text.__ssputs_r
                0x0000000008004370       0xb6 c:/st/stm32cubeide_1.7.0/stm32cubeide/plugins/com.st.stm32cube.ide.mcu.externaltools.gnu-tools-for-stm32.9-2020-q2-update.win32_2.0.0.202105311346/tools/bin/../lib/gcc/arm-none-eabi/9.3.1/../../../../arm-none-eabi/lib/thumb/v7-m/nofp\libc_nano.a(lib_a-nano-svfprintf.o)
                0x0000000008004370                __ssputs_r
 *fill*         0x0000000008004426        0x2 
 .text._svfprintf_r
                0x0000000008004428      0x200 c:/st/stm32cubeide_1.7.0/stm32cubeide/plugins/com.st.stm32cube.ide.mcu.externaltools.gnu-tools-for-stm32.9-2020-q2-update.win32_2.0.0.202105311346/tools/bin/../lib/gcc/arm-none-eabi/9.3.1/../../../../arm-none-eabi/lib/thumb/v7-m/nofp\libc_nano.a(lib_a-nano-svfprintf.o)
                0x0000000008004428                _svfiprintf_r
                0x0000000008004428                _svfprintf_r
 .text._printf_common
                0x0000000008004628       0xde c:/st/stm32cubeide_1.7.0/stm32cubeide/plugins/com.st.stm32cube.ide.mcu.externaltools.gnu-tools-for-stm32.9-2020-q2-update.win32_2.0.0.202105311346/tools/bin/../lib/gcc/arm-none-eabi/9.3.1/../../../../arm-none-eabi/lib/thumb/v7-m/nofp\libc_nano.a(lib_a-nano-vfprintf_i.o)
                0x0000000008004628                _printf_common
 *fill*         0x0000000008004706        0x2 
 .text._printf_i
                0x0000000008004708      0x24c c:/st/stm32cubeide_1.7.0/stm32cubeide/plugins/com.st.stm32cube.ide.mcu.externaltools.gnu-tools-for-stm32.9-2020-q2-update.win32_2.0.0.202105311346/tools/bin/../lib/gcc/arm-none-eabi/9.3.1/../../../../arm-none-eabi/lib/thumb/v7-m/nofp\libc_nano.a(lib_a-nano-vfprintf_i.o)
                0x0000000008004708                _printf_i
 .text.memchr   0x0000000008004954       0x1c c:/st/stm32cubeide_1.7.0/stm32cubeide/plugins/com.st.stm32cube.ide.mcu.externaltools.gnu-tools-for-stm32.9-2020-q2-update.win32_2.0.0.202105311346/tools/bin/../lib/gcc/arm-none-eabi/9.3.1/../../../../arm-none-eabi/lib/thumb/v7-m/nofp\libc_nano.a(lib_a-memchr-stub.o)
                0x0000000008004954                memchr
 .text.memcpy   0x0000000008004970       0x1c c:/st/stm32cubeide_1.7.0/stm32cubeide/plugins/com.st.stm32cube.ide.mcu.externaltools.gnu-tools-for-stm32.9-2020-q2-update.win32_2.0.0.202105311346/tools/bin/../lib/gcc/arm-none-eabi/9.3.1/../../../../arm-none-eabi/lib/thumb/v7-m/nofp\libc_nano.a(lib_a-memcpy-stub.o)
                0x0000000008004970                memcpy
 .text.memmove  0x000000000800498c       0x34 c:/st/stm32cubeide_1.7.0/stm32cubeide/plugins/com.st.stm32cube.ide.mcu.externaltools.gnu-tools-for-stm32.9-2020-q2-update.win32_2.0.0.202105311346/tools/bin/../lib/gcc/arm-none-eabi/9.3.1/../../../../arm-none-eabi/lib/thumb/v7-m/nofp\libc_nano.a(lib_a-memmove.o)
                0x000000000800498c                memmove
 .text._free_r  0x00000000080049c0       0x98 c:/st/stm32cubeide_1.7.0/stm32cubeide/plugins/com.st.stm32cube.ide.mcu.externaltools.gnu-tools-for-stm32.9-2020-q2-update.win32_2.0.0.202105311346/tools/bin/../lib/gcc/arm-none-eabi/9.3.1/../../../../arm-none-eabi/lib/thumb/v7-m/nofp\libc_nano.a(lib_a-nano-freer.o)
                0x00000000080049c0                _free_r
 .text._malloc_r
                0x0000000008004a58       0xb4 c:/st/stm32cubeide_1.7.0/stm32cubeide/plugins/com.st.stm32cube.ide.mcu.externaltools.gnu-tools-for-stm32.9-2020-q2-update.win32_2.0.0.202105311346/tools/bin/../lib/gcc/arm-none-eabi/9.3.1/../../../../arm-none-eabi/lib/thumb/v7-m/nofp\libc_nano.a(lib_a-nano-mallocr.o)
                0x0000000008004a58                _malloc_r
 .text._realloc_r
                0x0000000008004b0c       0x4c c:/st/stm32cubeide_1.7.0/stm32cubeide/plugins/com.st.stm32cube.ide.mcu.externaltools.gnu-tools-for-stm32.9-2020-q2-update.win32_2.0.0.202105311346/tools/bin/../lib/gcc/arm-none-eabi/9.3.1/../../../../arm-none-eabi/lib/thumb/v7-m/nofp\libc_nano.a(lib_a-nano-reallocr.o)
                0x0000000008004b0c                _realloc_r
 .text._sbrk_r  0x0000000008004b58       0x20 c:/st/stm32cubeide_1.7.0/stm32cubeide/plugins/com.st.stm32cube.ide.mcu.externaltools.gnu-tools-for-stm32.9-2020-q2-update.win32_2.0.0.202105311346/tools/bin/../lib/gcc/arm-none-eabi/9.3.1/../../../../arm-none-eabi/lib/thumb/v7-m/nofp\libc_nano.a(lib_a-sbrkr.o)
                0x0000000008004b58                _sbrk_r
 .text.__malloc_lock
                0x0000000008004b78        0xc c:/st/stm32cubeide_1.7.0/stm32cubeide/plugins/com.st.stm32cube.ide.mcu.externaltools.gnu-tools-for-stm32.9-2020-q2-update.win32_2.0.0.202105311346/tools/bin/../lib/gcc/arm-none-eabi/9.3.1/../../../../arm-none-eabi/lib/thumb/v7-m/nofp\libc_nano.a(lib_a-mlock.o)
                0x0000000008004b78                __malloc_lock
 .text.__malloc_unlock
                0x0000000008004b84        0xc c:/st/stm32cubeide_1.7.0/stm32cubeide/plugins/com.st.stm32cube.ide.mcu.externaltools.gnu-tools-for-stm32.9-2020-q2-update.win32_2.0.0.202105311346/tools/bin/../lib/gcc/arm-none-eabi/9.3.1/../../../../arm-none-eabi/lib/thumb/v7-m/nofp\libc_nano.a(lib_a-mlock.o)
                0x0000000008004b84                __malloc_unlock
 .text._malloc_usable_size_r
                0x0000000008004b90       0x10 c:/st/stm32cubeide_1.7.0/stm32cubeide/plugins/com.st.stm32cube.ide.mcu.externaltools.gnu-tools-for-stm32.9-2020-q2-update.win32_2.0.0.202105311346/tools/bin/../lib/gcc/arm-none-eabi/9.3.1/../../../../arm-none-eabi/lib/thumb/v7-m/nofp\libc_nano.a(lib_a-nano-msizer.o)
                0x0000000008004b90                _malloc_usable_size_r
 .text.__retarget_lock_acquire_recursive
                0x0000000008004ba0        0x2 c:/st/stm32cubeide_1.7.0/stm32cubeide/plugins/com.st.stm32cube.ide.mcu.externaltools.gnu-tools-for-stm32.9-2020-q2-update.win32_2.0.0.202105311346/tools/bin/../lib/gcc/arm-none-eabi/9.3.1/../../../../arm-none-eabi/lib/thumb/v7-m/nofp\libc_nano.a(lib_a-lock.o)
                0x0000000008004ba0                __retarget_lock_acquire_recursive
 .text.__retarget_lock_release_recursive
                0x0000000008004ba2        0x2 c:/st/stm32cubeide_1.7.0/stm32cubeide/plugins/com.st.stm32cube.ide.mcu.externaltools.gnu-tools-for-stm32.9-2020-q2-update.win32_2.0.0.202105311346/tools/bin/../lib/gcc/arm-none-eabi/9.3.1/../../../../arm-none-eabi/lib/thumb/v7-m/nofp\libc_nano.a(lib_a-lock.o)
                0x0000000008004ba2                __retarget_lock_release_recursive
 *(.glue_7)
 .glue_7        0x0000000008004ba4        0x0 linker stubs
 *(.glue_7t)
 .glue_7t       0x0000000008004ba4        0x0 linker stubs
 *(.eh_frame)
 .eh_frame      0x0000000008004ba4        0x0 c:/st/stm32cubeide_1.7.0/stm32cubeide/plugins/com.st.stm32cube.ide.mcu.externaltools.gnu-tools-for-stm32.9-2020-q2-update.win32_2.0.0.202105311346/tools/bin/../lib/gcc/arm-none-eabi/9.3.1/thumb/v7-m/nofp/crtbegin.o
 *(.init)
 .init          0x0000000008004ba4        0x4 c:/st/stm32cubeide_1.7.0/stm32cubeide/plugins/com.st.stm32cube.ide.mcu.externaltools.gnu-tools-for-stm32.9-2020-q2-update.win32_2.0.0.202105311346/tools/bin/../lib/gcc/arm-none-eabi/9.3.1/thumb/v7-m/nofp/crti.o
                0x0000000008004ba4                _init
 .init          0x0000000008004ba8        0x8 c:/st/stm32cubeide_1.7.0/stm32cubeide/plugins/com.st.stm32cube.ide.mcu.externaltools.gnu-tools-for-stm32.9-2020-q2-update.win32_2.0.0.202105311346/tools/bin/../lib/gcc/arm-none-eabi/9.3.1/thumb/v7-m/nofp/crtn.o
 *(.fini)
 .fini          0x0000000008004bb0        0x4 c:/st/stm32cubeide_1.7.0/stm32cubeide/plugins/com.st.stm32cube.ide.mcu.externaltools.gnu-tools-for-stm32.9-2020-q2-update.win32_2.0.0.202105311346/tools/bin/../lib/gcc/arm-none-eabi/9.3.1/thumb/v7-m/nofp/crti.o
                0x0000000008004bb0                _fini
 .fini          0x0000000008004bb4        0x8 c:/st/stm32cubeide_1.7.0/stm32cubeide/plugins/com.st.stm32cube.ide.mcu.externaltools.gnu-tools-for-stm32.9-2020-q2-update.win32_2.0.0.202105311346/tools/bin/../lib/gcc/arm-none-eabi/9.3.1/thumb/v7-m/nofp/crtn.o
                0x0000000008004bbc                . = ALIGN (0x4)
                0x0000000008004bbc                _etext = .

.vfp11_veneer   0x0000000008004bbc        0x0
 .vfp11_veneer  0x0000000008004bbc        0x0 linker stubs

.v4_bx          0x0000000008004bbc        0x0
 .v4_bx         0x0000000008004bbc        0x0 linker stubs

.iplt           0x0000000008004bbc        0x0
 .iplt          0x0000000008004bbc        0x0 c:/st/stm32cubeide_1.7.0/stm32cubeide/plugins/com.st.stm32cube.ide.mcu.externaltools.gnu-tools-for-stm32.9-2020-q2-update.win32_2.0.0.202105311346/tools/bin/../lib/gcc/arm-none-eabi/9.3.1/thumb/v7-m/nofp/crtbegin.o

.rodata         0x0000000008004bbc       0x64
                0x0000000008004bbc                . = ALIGN (0x4)
 *(.rodata)
 .rodata        0x0000000008004bbc        0x3 ./Core/Src/i2c_lcd.o
 *(.rodata*)
 *fill*         0x0000000008004bbf        0x1 
 .rodata.AHBPrescTable
                0x0000000008004bc0       0x10 ./Core/Src/system_stm32f1xx.o
                0x0000000008004bc0                AHBPrescTable
 .rodata.APBPrescTable
                0x0000000008004bd0        0x8 ./Core/Src/system_stm32f1xx.o
                0x0000000008004bd0                APBPrescTable
 .rodata.aPLLMULFactorTable.6442
                0x0000000008004bd8       0x10 ./Drivers/STM32F1xx_HAL_Driver/Src/stm32f1xx_hal_rcc.o
 .rodata.aPredivFactorTable.6443
                0x0000000008004be8        0x2 ./Drivers/STM32F1xx_HAL_Driver/Src/stm32f1xx_hal_rcc.o
 .rodata._svfprintf_r.str1.1
                0x0000000008004bea       0x11 c:/st/stm32cubeide_1.7.0/stm32cubeide/plugins/com.st.stm32cube.ide.mcu.externaltools.gnu-tools-for-stm32.9-2020-q2-update.win32_2.0.0.202105311346/tools/bin/../lib/gcc/arm-none-eabi/9.3.1/../../../../arm-none-eabi/lib/thumb/v7-m/nofp\libc_nano.a(lib_a-nano-svfprintf.o)
 .rodata._printf_i.str1.1
                0x0000000008004bfb       0x22 c:/st/stm32cubeide_1.7.0/stm32cubeide/plugins/com.st.stm32cube.ide.mcu.externaltools.gnu-tools-for-stm32.9-2020-q2-update.win32_2.0.0.202105311346/tools/bin/../lib/gcc/arm-none-eabi/9.3.1/../../../../arm-none-eabi/lib/thumb/v7-m/nofp\libc_nano.a(lib_a-nano-vfprintf_i.o)
                0x0000000008004c20                . = ALIGN (0x4)
 *fill*         0x0000000008004c1d        0x3 

.rel.dyn        0x0000000008004c20        0x0
 .rel.iplt      0x0000000008004c20        0x0 c:/st/stm32cubeide_1.7.0/stm32cubeide/plugins/com.st.stm32cube.ide.mcu.externaltools.gnu-tools-for-stm32.9-2020-q2-update.win32_2.0.0.202105311346/tools/bin/../lib/gcc/arm-none-eabi/9.3.1/thumb/v7-m/nofp/crtbegin.o

.ARM.extab      0x0000000008004c20        0x0
                0x0000000008004c20                . = ALIGN (0x4)
 *(.ARM.extab* .gnu.linkonce.armextab.*)
                0x0000000008004c20                . = ALIGN (0x4)

.ARM            0x0000000008004c20        0x0
                0x0000000008004c20                . = ALIGN (0x4)
                0x0000000008004c20                __exidx_start = .
 *(.ARM.exidx*)
                0x0000000008004c20                __exidx_end = .
                0x0000000008004c20                . = ALIGN (0x4)

.preinit_array  0x0000000008004c20        0x0
                0x0000000008004c20                . = ALIGN (0x4)
                0x0000000008004c20                PROVIDE (__preinit_array_start = .)
 *(.preinit_array*)
                0x0000000008004c20                PROVIDE (__preinit_array_end = .)
                0x0000000008004c20                . = ALIGN (0x4)

.init_array     0x0000000008004c20        0x4
                0x0000000008004c20                . = ALIGN (0x4)
                0x0000000008004c20                PROVIDE (__init_array_start = .)
 *(SORT_BY_NAME(.init_array.*))
 *(.init_array*)
 .init_array    0x0000000008004c20        0x4 c:/st/stm32cubeide_1.7.0/stm32cubeide/plugins/com.st.stm32cube.ide.mcu.externaltools.gnu-tools-for-stm32.9-2020-q2-update.win32_2.0.0.202105311346/tools/bin/../lib/gcc/arm-none-eabi/9.3.1/thumb/v7-m/nofp/crtbegin.o
                0x0000000008004c24                PROVIDE (__init_array_end = .)
                0x0000000008004c24                . = ALIGN (0x4)

.fini_array     0x0000000008004c24        0x4
                0x0000000008004c24                . = ALIGN (0x4)
                [!provide]                        PROVIDE (__fini_array_start = .)
 *(SORT_BY_NAME(.fini_array.*))
 *(.fini_array*)
 .fini_array    0x0000000008004c24        0x4 c:/st/stm32cubeide_1.7.0/stm32cubeide/plugins/com.st.stm32cube.ide.mcu.externaltools.gnu-tools-for-stm32.9-2020-q2-update.win32_2.0.0.202105311346/tools/bin/../lib/gcc/arm-none-eabi/9.3.1/thumb/v7-m/nofp/crtbegin.o
                [!provide]                        PROVIDE (__fini_array_end = .)
                0x0000000008004c28                . = ALIGN (0x4)
                0x0000000008004c28                _sidata = LOADADDR (.data)

.data           0x0000000020000000       0xec load address 0x0000000008004c28
                0x0000000020000000                . = ALIGN (0x4)
                0x0000000020000000                _sdata = .
 *(.data)
 *(.data*)
 .data.button0  0x0000000020000000       0x24 ./Core/Src/buttons.o
                0x0000000020000000                button0
 .data.button1  0x0000000020000024       0x24 ./Core/Src/buttons.o
                0x0000000020000024                button1
 .data.button2  0x0000000020000048       0x24 ./Core/Src/buttons.o
                0x0000000020000048                button2
 .data.red_time
                0x000000002000006c        0x4 ./Core/Src/global.o
                0x000000002000006c                red_time
 .data.amber_time
                0x0000000020000070        0x4 ./Core/Src/global.o
                0x0000000020000070                amber_time
 .data.green_time
                0x0000000020000074        0x4 ./Core/Src/global.o
                0x0000000020000074                green_time
 .data.head     0x0000000020000078        0x4 ./Core/Src/scheduler.o
                0x0000000020000078                head
 .data.SystemCoreClock
                0x000000002000007c        0x4 ./Core/Src/system_stm32f1xx.o
                0x000000002000007c                SystemCoreClock
 .data.uwTickPrio
                0x0000000020000080        0x4 ./Drivers/STM32F1xx_HAL_Driver/Src/stm32f1xx_hal.o
                0x0000000020000080                uwTickPrio
 .data.uwTickFreq
                0x0000000020000084        0x1 ./Drivers/STM32F1xx_HAL_Driver/Src/stm32f1xx_hal.o
                0x0000000020000084                uwTickFreq
 *fill*         0x0000000020000085        0x3 
 .data._impure_ptr
                0x0000000020000088        0x4 c:/st/stm32cubeide_1.7.0/stm32cubeide/plugins/com.st.stm32cube.ide.mcu.externaltools.gnu-tools-for-stm32.9-2020-q2-update.win32_2.0.0.202105311346/tools/bin/../lib/gcc/arm-none-eabi/9.3.1/../../../../arm-none-eabi/lib/thumb/v7-m/nofp\libc_nano.a(lib_a-impure.o)
                0x0000000020000088                _impure_ptr
 .data.impure_data
                0x000000002000008c       0x60 c:/st/stm32cubeide_1.7.0/stm32cubeide/plugins/com.st.stm32cube.ide.mcu.externaltools.gnu-tools-for-stm32.9-2020-q2-update.win32_2.0.0.202105311346/tools/bin/../lib/gcc/arm-none-eabi/9.3.1/../../../../arm-none-eabi/lib/thumb/v7-m/nofp\libc_nano.a(lib_a-impure.o)
 *(.RamFunc)
 *(.RamFunc*)
                0x00000000200000ec                . = ALIGN (0x4)
                0x00000000200000ec                _edata = .

.igot.plt       0x00000000200000ec        0x0 load address 0x0000000008004d14
 .igot.plt      0x00000000200000ec        0x0 c:/st/stm32cubeide_1.7.0/stm32cubeide/plugins/com.st.stm32cube.ide.mcu.externaltools.gnu-tools-for-stm32.9-2020-q2-update.win32_2.0.0.202105311346/tools/bin/../lib/gcc/arm-none-eabi/9.3.1/thumb/v7-m/nofp/crtbegin.o
                0x00000000200000ec                . = ALIGN (0x4)

.bss            0x00000000200000ec      0x544 load address 0x0000000008004d14
                0x00000000200000ec                _sbss = .
                0x00000000200000ec                __bss_start__ = _sbss
 *(.bss)
 .bss           0x00000000200000ec       0x1c c:/st/stm32cubeide_1.7.0/stm32cubeide/plugins/com.st.stm32cube.ide.mcu.externaltools.gnu-tools-for-stm32.9-2020-q2-update.win32_2.0.0.202105311346/tools/bin/../lib/gcc/arm-none-eabi/9.3.1/thumb/v7-m/nofp/crtbegin.o
 *(.bss*)
 .bss.counter_way0
                0x0000000020000108        0x4 ./Core/Src/global.o
                0x0000000020000108                counter_way0
 .bss.counter_way1
                0x000000002000010c        0x4 ./Core/Src/global.o
                0x000000002000010c                counter_way1
 .bss.freeHead  0x0000000020000110        0x4 ./Core/Src/scheduler.o
                0x0000000020000110                freeHead
 .bss.Error_code_G
                0x0000000020000114        0x4 ./Core/Src/scheduler.o
                0x0000000020000114                Error_code_G
 .bss.__sbrk_heap_end
                0x0000000020000118        0x4 ./Core/Src/sysmem.o
 .bss.TRAFFIC_LIGHT_STATE
                0x000000002000011c        0x1 ./Core/Src/traffic_light.o
                0x000000002000011c                TRAFFIC_LIGHT_STATE
 *fill*         0x000000002000011d        0x3 
 .bss.__malloc_free_list
                0x0000000020000120        0x4 c:/st/stm32cubeide_1.7.0/stm32cubeide/plugins/com.st.stm32cube.ide.mcu.externaltools.gnu-tools-for-stm32.9-2020-q2-update.win32_2.0.0.202105311346/tools/bin/../lib/gcc/arm-none-eabi/9.3.1/../../../../arm-none-eabi/lib/thumb/v7-m/nofp\libc_nano.a(lib_a-nano-mallocr.o)
                0x0000000020000120                __malloc_free_list
 .bss.__malloc_sbrk_start
                0x0000000020000124        0x4 c:/st/stm32cubeide_1.7.0/stm32cubeide/plugins/com.st.stm32cube.ide.mcu.externaltools.gnu-tools-for-stm32.9-2020-q2-update.win32_2.0.0.202105311346/tools/bin/../lib/gcc/arm-none-eabi/9.3.1/../../../../arm-none-eabi/lib/thumb/v7-m/nofp\libc_nano.a(lib_a-nano-mallocr.o)
                0x0000000020000124                __malloc_sbrk_start
 *(COMMON)
 COMMON         0x0000000020000128       0xe4 ./Core/Src/main.o
                0x0000000020000128                hi2c1
                0x000000002000017c                htim2
                0x00000000200001c4                huart2
 COMMON         0x000000002000020c      0x3c0 ./Core/Src/scheduler.o
                0x000000002000020c                SCH_task_G
 COMMON         0x00000000200005cc       0x50 ./Core/Src/software_timer.o
                0x00000000200005cc                timer_counter
                0x00000000200005f4                timer_flag
 COMMON         0x000000002000061c        0x4 ./Drivers/STM32F1xx_HAL_Driver/Src/stm32f1xx_hal.o
                0x000000002000061c                uwTick
 COMMON         0x0000000020000620        0x4 c:/st/stm32cubeide_1.7.0/stm32cubeide/plugins/com.st.stm32cube.ide.mcu.externaltools.gnu-tools-for-stm32.9-2020-q2-update.win32_2.0.0.202105311346/tools/bin/../lib/gcc/arm-none-eabi/9.3.1/../../../../arm-none-eabi/lib/thumb/v7-m/nofp\libc_nano.a(lib_a-reent.o)
                0x0000000020000620                errno
 COMMON         0x0000000020000624        0x9 c:/st/stm32cubeide_1.7.0/stm32cubeide/plugins/com.st.stm32cube.ide.mcu.externaltools.gnu-tools-for-stm32.9-2020-q2-update.win32_2.0.0.202105311346/tools/bin/../lib/gcc/arm-none-eabi/9.3.1/../../../../arm-none-eabi/lib/thumb/v7-m/nofp\libc_nano.a(lib_a-lock.o)
                0x0000000020000624                __lock___atexit_recursive_mutex
                0x0000000020000625                __lock___arc4random_mutex
                0x0000000020000626                __lock___env_recursive_mutex
                0x0000000020000627                __lock___sinit_recursive_mutex
                0x0000000020000628                __lock___malloc_recursive_mutex
                0x0000000020000629                __lock___at_quick_exit_mutex
                0x000000002000062a                __lock___dd_hash_mutex
                0x000000002000062b                __lock___tz_mutex
                0x000000002000062c                __lock___sfp_recursive_mutex
                0x0000000020000630                . = ALIGN (0x4)
 *fill*         0x000000002000062d        0x3 
                0x0000000020000630                _ebss = .
                0x0000000020000630                __bss_end__ = _ebss

._user_heap_stack
                0x0000000020000630      0x600 load address 0x0000000008004d14
                0x0000000020000630                . = ALIGN (0x8)
                [!provide]                        PROVIDE (end = .)
                0x0000000020000630                PROVIDE (_end = .)
                0x0000000020000830                . = (. + _Min_Heap_Size)
 *fill*         0x0000000020000630      0x200 
                0x0000000020000c30                . = (. + _Min_Stack_Size)
 *fill*         0x0000000020000830      0x400 
                0x0000000020000c30                . = ALIGN (0x8)

/DISCARD/
 libc.a(*)
 libm.a(*)
 libgcc.a(*)

.ARM.attributes
                0x0000000000000000       0x29
 *(.ARM.attributes)
 .ARM.attributes
                0x0000000000000000       0x1d c:/st/stm32cubeide_1.7.0/stm32cubeide/plugins/com.st.stm32cube.ide.mcu.externaltools.gnu-tools-for-stm32.9-2020-q2-update.win32_2.0.0.202105311346/tools/bin/../lib/gcc/arm-none-eabi/9.3.1/thumb/v7-m/nofp/crti.o
 .ARM.attributes
                0x000000000000001d       0x2d c:/st/stm32cubeide_1.7.0/stm32cubeide/plugins/com.st.stm32cube.ide.mcu.externaltools.gnu-tools-for-stm32.9-2020-q2-update.win32_2.0.0.202105311346/tools/bin/../lib/gcc/arm-none-eabi/9.3.1/thumb/v7-m/nofp/crtbegin.o
 .ARM.attributes
                0x000000000000004a       0x2d ./Core/Src/buttons.o
 .ARM.attributes
                0x0000000000000077       0x33 ./Core/Src/global.o
 .ARM.attributes
                0x00000000000000aa       0x2d ./Core/Src/i2c_lcd.o
 .ARM.attributes
                0x00000000000000d7       0x2d ./Core/Src/main.o
 .ARM.attributes
                0x0000000000000104       0x2d ./Core/Src/scheduler.o
 .ARM.attributes
                0x0000000000000131       0x2d ./Core/Src/software_timer.o
 .ARM.attributes
                0x000000000000015e       0x2d ./Core/Src/stm32f1xx_hal_msp.o
 .ARM.attributes
                0x000000000000018b       0x2d ./Core/Src/stm32f1xx_it.o
 .ARM.attributes
                0x00000000000001b8       0x2d ./Core/Src/sysmem.o
 .ARM.attributes
                0x00000000000001e5       0x2d ./Core/Src/system_stm32f1xx.o
 .ARM.attributes
                0x0000000000000212       0x2d ./Core/Src/tasks.o
 .ARM.attributes
                0x000000000000023f       0x2d ./Core/Src/traffic_light.o
 .ARM.attributes
                0x000000000000026c       0x21 ./Core/Startup/startup_stm32f103rbtx.o
 .ARM.attributes
                0x000000000000028d       0x2d ./Drivers/STM32F1xx_HAL_Driver/Src/stm32f1xx_hal.o
 .ARM.attributes
                0x00000000000002ba       0x2d ./Drivers/STM32F1xx_HAL_Driver/Src/stm32f1xx_hal_cortex.o
 .ARM.attributes
                0x00000000000002e7       0x2d ./Drivers/STM32F1xx_HAL_Driver/Src/stm32f1xx_hal_dma.o
 .ARM.attributes
                0x0000000000000314       0x2d ./Drivers/STM32F1xx_HAL_Driver/Src/stm32f1xx_hal_gpio.o
 .ARM.attributes
                0x0000000000000341       0x2d ./Drivers/STM32F1xx_HAL_Driver/Src/stm32f1xx_hal_i2c.o
 .ARM.attributes
                0x000000000000036e       0x2d ./Drivers/STM32F1xx_HAL_Driver/Src/stm32f1xx_hal_pwr.o
 .ARM.attributes
                0x000000000000039b       0x2d ./Drivers/STM32F1xx_HAL_Driver/Src/stm32f1xx_hal_rcc.o
 .ARM.attributes
                0x00000000000003c8       0x2d ./Drivers/STM32F1xx_HAL_Driver/Src/stm32f1xx_hal_tim.o
 .ARM.attributes
                0x00000000000003f5       0x2d ./Drivers/STM32F1xx_HAL_Driver/Src/stm32f1xx_hal_tim_ex.o
 .ARM.attributes
                0x0000000000000422       0x2d ./Drivers/STM32F1xx_HAL_Driver/Src/stm32f1xx_hal_uart.o
 .ARM.attributes
                0x000000000000044f       0x2d c:/st/stm32cubeide_1.7.0/stm32cubeide/plugins/com.st.stm32cube.ide.mcu.externaltools.gnu-tools-for-stm32.9-2020-q2-update.win32_2.0.0.202105311346/tools/bin/../lib/gcc/arm-none-eabi/9.3.1/../../../../arm-none-eabi/lib/thumb/v7-m/nofp\libc_nano.a(lib_a-errno.o)
 .ARM.attributes
                0x000000000000047c       0x2d c:/st/stm32cubeide_1.7.0/stm32cubeide/plugins/com.st.stm32cube.ide.mcu.externaltools.gnu-tools-for-stm32.9-2020-q2-update.win32_2.0.0.202105311346/tools/bin/../lib/gcc/arm-none-eabi/9.3.1/../../../../arm-none-eabi/lib/thumb/v7-m/nofp\libc_nano.a(lib_a-impure.o)
 .ARM.attributes
                0x00000000000004a9       0x2d c:/st/stm32cubeide_1.7.0/stm32cubeide/plugins/com.st.stm32cube.ide.mcu.externaltools.gnu-tools-for-stm32.9-2020-q2-update.win32_2.0.0.202105311346/tools/bin/../lib/gcc/arm-none-eabi/9.3.1/../../../../arm-none-eabi/lib/thumb/v7-m/nofp\libc_nano.a(lib_a-init.o)
 .ARM.attributes
                0x00000000000004d6       0x2d c:/st/stm32cubeide_1.7.0/stm32cubeide/plugins/com.st.stm32cube.ide.mcu.externaltools.gnu-tools-for-stm32.9-2020-q2-update.win32_2.0.0.202105311346/tools/bin/../lib/gcc/arm-none-eabi/9.3.1/../../../../arm-none-eabi/lib/thumb/v7-m/nofp\libc_nano.a(lib_a-memset.o)
 .ARM.attributes
                0x0000000000000503       0x2d c:/st/stm32cubeide_1.7.0/stm32cubeide/plugins/com.st.stm32cube.ide.mcu.externaltools.gnu-tools-for-stm32.9-2020-q2-update.win32_2.0.0.202105311346/tools/bin/../lib/gcc/arm-none-eabi/9.3.1/../../../../arm-none-eabi/lib/thumb/v7-m/nofp\libc_nano.a(lib_a-sprintf.o)
 .ARM.attributes
                0x0000000000000530       0x2d c:/st/stm32cubeide_1.7.0/stm32cubeide/plugins/com.st.stm32cube.ide.mcu.externaltools.gnu-tools-for-stm32.9-2020-q2-update.win32_2.0.0.202105311346/tools/bin/../lib/gcc/arm-none-eabi/9.3.1/../../../../arm-none-eabi/lib/thumb/v7-m/nofp\libc_nano.a(lib_a-nano-svfprintf.o)
 .ARM.attributes
                0x000000000000055d       0x2d c:/st/stm32cubeide_1.7.0/stm32cubeide/plugins/com.st.stm32cube.ide.mcu.externaltools.gnu-tools-for-stm32.9-2020-q2-update.win32_2.0.0.202105311346/tools/bin/../lib/gcc/arm-none-eabi/9.3.1/../../../../arm-none-eabi/lib/thumb/v7-m/nofp\libc_nano.a(lib_a-nano-vfprintf_i.o)
 .ARM.attributes
                0x000000000000058a       0x2d c:/st/stm32cubeide_1.7.0/stm32cubeide/plugins/com.st.stm32cube.ide.mcu.externaltools.gnu-tools-for-stm32.9-2020-q2-update.win32_2.0.0.202105311346/tools/bin/../lib/gcc/arm-none-eabi/9.3.1/../../../../arm-none-eabi/lib/thumb/v7-m/nofp\libc_nano.a(lib_a-memchr-stub.o)
 .ARM.attributes
                0x00000000000005b7       0x2d c:/st/stm32cubeide_1.7.0/stm32cubeide/plugins/com.st.stm32cube.ide.mcu.externaltools.gnu-tools-for-stm32.9-2020-q2-update.win32_2.0.0.202105311346/tools/bin/../lib/gcc/arm-none-eabi/9.3.1/../../../../arm-none-eabi/lib/thumb/v7-m/nofp\libc_nano.a(lib_a-memcpy-stub.o)
 .ARM.attributes
                0x00000000000005e4       0x2d c:/st/stm32cubeide_1.7.0/stm32cubeide/plugins/com.st.stm32cube.ide.mcu.externaltools.gnu-tools-for-stm32.9-2020-q2-update.win32_2.0.0.202105311346/tools/bin/../lib/gcc/arm-none-eabi/9.3.1/../../../../arm-none-eabi/lib/thumb/v7-m/nofp\libc_nano.a(lib_a-memmove.o)
 .ARM.attributes
                0x0000000000000611       0x2d c:/st/stm32cubeide_1.7.0/stm32cubeide/plugins/com.st.stm32cube.ide.mcu.externaltools.gnu-tools-for-stm32.9-2020-q2-update.win32_2.0.0.202105311346/tools/bin/../lib/gcc/arm-none-eabi/9.3.1/../../../../arm-none-eabi/lib/thumb/v7-m/nofp\libc_nano.a(lib_a-nano-freer.o)
 .ARM.attributes
                0x000000000000063e       0x2d c:/st/stm32cubeide_1.7.0/stm32cubeide/plugins/com.st.stm32cube.ide.mcu.externaltools.gnu-tools-for-stm32.9-2020-q2-update.win32_2.0.0.202105311346/tools/bin/../lib/gcc/arm-none-eabi/9.3.1/../../../../arm-none-eabi/lib/thumb/v7-m/nofp\libc_nano.a(lib_a-nano-mallocr.o)
 .ARM.attributes
                0x000000000000066b       0x2d c:/st/stm32cubeide_1.7.0/stm32cubeide/plugins/com.st.stm32cube.ide.mcu.externaltools.gnu-tools-for-stm32.9-2020-q2-update.win32_2.0.0.202105311346/tools/bin/../lib/gcc/arm-none-eabi/9.3.1/../../../../arm-none-eabi/lib/thumb/v7-m/nofp\libc_nano.a(lib_a-nano-reallocr.o)
 .ARM.attributes
                0x0000000000000698       0x2d c:/st/stm32cubeide_1.7.0/stm32cubeide/plugins/com.st.stm32cube.ide.mcu.externaltools.gnu-tools-for-stm32.9-2020-q2-update.win32_2.0.0.202105311346/tools/bin/../lib/gcc/arm-none-eabi/9.3.1/../../../../arm-none-eabi/lib/thumb/v7-m/nofp\libc_nano.a(lib_a-sbrkr.o)
 .ARM.attributes
                0x00000000000006c5       0x2d c:/st/stm32cubeide_1.7.0/stm32cubeide/plugins/com.st.stm32cube.ide.mcu.externaltools.gnu-tools-for-stm32.9-2020-q2-update.win32_2.0.0.202105311346/tools/bin/../lib/gcc/arm-none-eabi/9.3.1/../../../../arm-none-eabi/lib/thumb/v7-m/nofp\libc_nano.a(lib_a-mlock.o)
 .ARM.attributes
                0x00000000000006f2       0x2d c:/st/stm32cubeide_1.7.0/stm32cubeide/plugins/com.st.stm32cube.ide.mcu.externaltools.gnu-tools-for-stm32.9-2020-q2-update.win32_2.0.0.202105311346/tools/bin/../lib/gcc/arm-none-eabi/9.3.1/../../../../arm-none-eabi/lib/thumb/v7-m/nofp\libc_nano.a(lib_a-nano-msizer.o)
 .ARM.attributes
                0x000000000000071f       0x2d c:/st/stm32cubeide_1.7.0/stm32cubeide/plugins/com.st.stm32cube.ide.mcu.externaltools.gnu-tools-for-stm32.9-2020-q2-update.win32_2.0.0.202105311346/tools/bin/../lib/gcc/arm-none-eabi/9.3.1/../../../../arm-none-eabi/lib/thumb/v7-m/nofp\libc_nano.a(lib_a-reent.o)
 .ARM.attributes
                0x000000000000074c       0x2d c:/st/stm32cubeide_1.7.0/stm32cubeide/plugins/com.st.stm32cube.ide.mcu.externaltools.gnu-tools-for-stm32.9-2020-q2-update.win32_2.0.0.202105311346/tools/bin/../lib/gcc/arm-none-eabi/9.3.1/../../../../arm-none-eabi/lib/thumb/v7-m/nofp\libc_nano.a(lib_a-lock.o)
 .ARM.attributes
                0x0000000000000779       0x1d c:/st/stm32cubeide_1.7.0/stm32cubeide/plugins/com.st.stm32cube.ide.mcu.externaltools.gnu-tools-for-stm32.9-2020-q2-update.win32_2.0.0.202105311346/tools/bin/../lib/gcc/arm-none-eabi/9.3.1/thumb/v7-m/nofp/crtn.o
OUTPUT(Final_Project.elf elf32-littlearm)
LOAD linker stubs
LOAD c:/st/stm32cubeide_1.7.0/stm32cubeide/plugins/com.st.stm32cube.ide.mcu.externaltools.gnu-tools-for-stm32.9-2020-q2-update.win32_2.0.0.202105311346/tools/bin/../lib/gcc/arm-none-eabi/9.3.1/../../../../arm-none-eabi/lib/thumb/v7-m/nofp\libc.a
LOAD c:/st/stm32cubeide_1.7.0/stm32cubeide/plugins/com.st.stm32cube.ide.mcu.externaltools.gnu-tools-for-stm32.9-2020-q2-update.win32_2.0.0.202105311346/tools/bin/../lib/gcc/arm-none-eabi/9.3.1/../../../../arm-none-eabi/lib/thumb/v7-m/nofp\libm.a
LOAD c:/st/stm32cubeide_1.7.0/stm32cubeide/plugins/com.st.stm32cube.ide.mcu.externaltools.gnu-tools-for-stm32.9-2020-q2-update.win32_2.0.0.202105311346/tools/bin/../lib/gcc/arm-none-eabi/9.3.1/thumb/v7-m/nofp\libgcc.a

.debug_info     0x0000000000000000    0x19aea
 .debug_info    0x0000000000000000     0x11d4 ./Core/Src/buttons.o
 .debug_info    0x00000000000011d4     0x1170 ./Core/Src/global.o
 .debug_info    0x0000000000002344      0x849 ./Core/Src/i2c_lcd.o
 .debug_info    0x0000000000002b8d     0x1b62 ./Core/Src/main.o
 .debug_info    0x00000000000046ef     0x139b ./Core/Src/scheduler.o
 .debug_info    0x0000000000005a8a     0x11ad ./Core/Src/software_timer.o
 .debug_info    0x0000000000006c37     0x1bb5 ./Core/Src/stm32f1xx_hal_msp.o
 .debug_info    0x00000000000087ec     0x151e ./Core/Src/stm32f1xx_it.o
 .debug_info    0x0000000000009d0a      0xa25 ./Core/Src/sysmem.o
 .debug_info    0x000000000000a72f      0x2be ./Core/Src/system_stm32f1xx.o
 .debug_info    0x000000000000a9ed     0x11aa ./Core/Src/tasks.o
 .debug_info    0x000000000000bb97     0x1259 ./Core/Src/traffic_light.o
 .debug_info    0x000000000000cdf0       0x22 ./Core/Startup/startup_stm32f103rbtx.o
 .debug_info    0x000000000000ce12      0x76a ./Drivers/STM32F1xx_HAL_Driver/Src/stm32f1xx_hal.o
 .debug_info    0x000000000000d57c      0xbdc ./Drivers/STM32F1xx_HAL_Driver/Src/stm32f1xx_hal_cortex.o
 .debug_info    0x000000000000e158      0x823 ./Drivers/STM32F1xx_HAL_Driver/Src/stm32f1xx_hal_dma.o
 .debug_info    0x000000000000e97b      0x701 ./Drivers/STM32F1xx_HAL_Driver/Src/stm32f1xx_hal_gpio.o
 .debug_info    0x000000000000f07c     0x27cb ./Drivers/STM32F1xx_HAL_Driver/Src/stm32f1xx_hal_i2c.o
 .debug_info    0x0000000000011847      0x730 ./Drivers/STM32F1xx_HAL_Driver/Src/stm32f1xx_hal_pwr.o
 .debug_info    0x0000000000011f77      0x893 ./Drivers/STM32F1xx_HAL_Driver/Src/stm32f1xx_hal_rcc.o
 .debug_info    0x000000000001280a     0x2c32 ./Drivers/STM32F1xx_HAL_Driver/Src/stm32f1xx_hal_tim.o
 .debug_info    0x000000000001543c     0x157f ./Drivers/STM32F1xx_HAL_Driver/Src/stm32f1xx_hal_tim_ex.o
 .debug_info    0x00000000000169bb     0x312f ./Drivers/STM32F1xx_HAL_Driver/Src/stm32f1xx_hal_uart.o

.debug_abbrev   0x0000000000000000     0x310f
 .debug_abbrev  0x0000000000000000      0x220 ./Core/Src/buttons.o
 .debug_abbrev  0x0000000000000220      0x1b7 ./Core/Src/global.o
 .debug_abbrev  0x00000000000003d7      0x1ca ./Core/Src/i2c_lcd.o
 .debug_abbrev  0x00000000000005a1      0x304 ./Core/Src/main.o
 .debug_abbrev  0x00000000000008a5      0x357 ./Core/Src/scheduler.o
 .debug_abbrev  0x0000000000000bfc      0x238 ./Core/Src/software_timer.o
 .debug_abbrev  0x0000000000000e34      0x234 ./Core/Src/stm32f1xx_hal_msp.o
 .debug_abbrev  0x0000000000001068      0x1f3 ./Core/Src/stm32f1xx_it.o
 .debug_abbrev  0x000000000000125b      0x1bf ./Core/Src/sysmem.o
 .debug_abbrev  0x000000000000141a      0x14e ./Core/Src/system_stm32f1xx.o
 .debug_abbrev  0x0000000000001568      0x1dc ./Core/Src/tasks.o
 .debug_abbrev  0x0000000000001744      0x1ec ./Core/Src/traffic_light.o
 .debug_abbrev  0x0000000000001930       0x12 ./Core/Startup/startup_stm32f103rbtx.o
 .debug_abbrev  0x0000000000001942      0x1ed ./Drivers/STM32F1xx_HAL_Driver/Src/stm32f1xx_hal.o
 .debug_abbrev  0x0000000000001b2f      0x313 ./Drivers/STM32F1xx_HAL_Driver/Src/stm32f1xx_hal_cortex.o
 .debug_abbrev  0x0000000000001e42      0x228 ./Drivers/STM32F1xx_HAL_Driver/Src/stm32f1xx_hal_dma.o
 .debug_abbrev  0x000000000000206a      0x1e8 ./Drivers/STM32F1xx_HAL_Driver/Src/stm32f1xx_hal_gpio.o
 .debug_abbrev  0x0000000000002252      0x288 ./Drivers/STM32F1xx_HAL_Driver/Src/stm32f1xx_hal_i2c.o
 .debug_abbrev  0x00000000000024da      0x213 ./Drivers/STM32F1xx_HAL_Driver/Src/stm32f1xx_hal_pwr.o
 .debug_abbrev  0x00000000000026ed      0x273 ./Drivers/STM32F1xx_HAL_Driver/Src/stm32f1xx_hal_rcc.o
 .debug_abbrev  0x0000000000002960      0x25e ./Drivers/STM32F1xx_HAL_Driver/Src/stm32f1xx_hal_tim.o
 .debug_abbrev  0x0000000000002bbe      0x266 ./Drivers/STM32F1xx_HAL_Driver/Src/stm32f1xx_hal_tim_ex.o
 .debug_abbrev  0x0000000000002e24      0x2eb ./Drivers/STM32F1xx_HAL_Driver/Src/stm32f1xx_hal_uart.o

.debug_aranges  0x0000000000000000     0x11a0
 .debug_aranges
                0x0000000000000000       0x38 ./Core/Src/buttons.o
 .debug_aranges
                0x0000000000000038       0x18 ./Core/Src/global.o
 .debug_aranges
                0x0000000000000050       0x50 ./Core/Src/i2c_lcd.o
 .debug_aranges
                0x00000000000000a0       0x58 ./Core/Src/main.o
 .debug_aranges
                0x00000000000000f8       0x90 ./Core/Src/scheduler.o
 .debug_aranges
                0x0000000000000188       0x30 ./Core/Src/software_timer.o
 .debug_aranges
                0x00000000000001b8       0x50 ./Core/Src/stm32f1xx_hal_msp.o
 .debug_aranges
                0x0000000000000208       0x70 ./Core/Src/stm32f1xx_it.o
 .debug_aranges
                0x0000000000000278       0x20 ./Core/Src/sysmem.o
 .debug_aranges
                0x0000000000000298       0x28 ./Core/Src/system_stm32f1xx.o
 .debug_aranges
                0x00000000000002c0       0x60 ./Core/Src/tasks.o
 .debug_aranges
                0x0000000000000320       0x80 ./Core/Src/traffic_light.o
 .debug_aranges
                0x00000000000003a0       0x28 ./Core/Startup/startup_stm32f103rbtx.o
 .debug_aranges
                0x00000000000003c8       0xe0 ./Drivers/STM32F1xx_HAL_Driver/Src/stm32f1xx_hal.o
 .debug_aranges
                0x00000000000004a8      0x100 ./Drivers/STM32F1xx_HAL_Driver/Src/stm32f1xx_hal_cortex.o
 .debug_aranges
                0x00000000000005a8       0x80 ./Drivers/STM32F1xx_HAL_Driver/Src/stm32f1xx_hal_dma.o
 .debug_aranges
                0x0000000000000628       0x58 ./Drivers/STM32F1xx_HAL_Driver/Src/stm32f1xx_hal_gpio.o
 .debug_aranges
                0x0000000000000680      0x2a8 ./Drivers/STM32F1xx_HAL_Driver/Src/stm32f1xx_hal_i2c.o
 .debug_aranges
                0x0000000000000928       0xa8 ./Drivers/STM32F1xx_HAL_Driver/Src/stm32f1xx_hal_pwr.o
 .debug_aranges
                0x00000000000009d0       0x90 ./Drivers/STM32F1xx_HAL_Driver/Src/stm32f1xx_hal_rcc.o
 .debug_aranges
                0x0000000000000a60      0x3d0 ./Drivers/STM32F1xx_HAL_Driver/Src/stm32f1xx_hal_tim.o
 .debug_aranges
                0x0000000000000e30      0x168 ./Drivers/STM32F1xx_HAL_Driver/Src/stm32f1xx_hal_tim_ex.o
 .debug_aranges
                0x0000000000000f98      0x208 ./Drivers/STM32F1xx_HAL_Driver/Src/stm32f1xx_hal_uart.o

.debug_ranges   0x0000000000000000     0x1090
 .debug_ranges  0x0000000000000000       0x28 ./Core/Src/buttons.o
 .debug_ranges  0x0000000000000028       0x40 ./Core/Src/i2c_lcd.o
 .debug_ranges  0x0000000000000068       0x48 ./Core/Src/main.o
 .debug_ranges  0x00000000000000b0       0x98 ./Core/Src/scheduler.o
 .debug_ranges  0x0000000000000148       0x20 ./Core/Src/software_timer.o
 .debug_ranges  0x0000000000000168       0x40 ./Core/Src/stm32f1xx_hal_msp.o
 .debug_ranges  0x00000000000001a8       0x60 ./Core/Src/stm32f1xx_it.o
 .debug_ranges  0x0000000000000208       0x10 ./Core/Src/sysmem.o
 .debug_ranges  0x0000000000000218       0x18 ./Core/Src/system_stm32f1xx.o
 .debug_ranges  0x0000000000000230       0x50 ./Core/Src/tasks.o
 .debug_ranges  0x0000000000000280       0x70 ./Core/Src/traffic_light.o
 .debug_ranges  0x00000000000002f0       0x20 ./Core/Startup/startup_stm32f103rbtx.o
 .debug_ranges  0x0000000000000310       0xd0 ./Drivers/STM32F1xx_HAL_Driver/Src/stm32f1xx_hal.o
 .debug_ranges  0x00000000000003e0       0xf0 ./Drivers/STM32F1xx_HAL_Driver/Src/stm32f1xx_hal_cortex.o
 .debug_ranges  0x00000000000004d0       0x70 ./Drivers/STM32F1xx_HAL_Driver/Src/stm32f1xx_hal_dma.o
 .debug_ranges  0x0000000000000540       0x48 ./Drivers/STM32F1xx_HAL_Driver/Src/stm32f1xx_hal_gpio.o
 .debug_ranges  0x0000000000000588      0x2b0 ./Drivers/STM32F1xx_HAL_Driver/Src/stm32f1xx_hal_i2c.o
 .debug_ranges  0x0000000000000838       0x98 ./Drivers/STM32F1xx_HAL_Driver/Src/stm32f1xx_hal_pwr.o
 .debug_ranges  0x00000000000008d0       0x80 ./Drivers/STM32F1xx_HAL_Driver/Src/stm32f1xx_hal_rcc.o
 .debug_ranges  0x0000000000000950      0x3c0 ./Drivers/STM32F1xx_HAL_Driver/Src/stm32f1xx_hal_tim.o
 .debug_ranges  0x0000000000000d10      0x158 ./Drivers/STM32F1xx_HAL_Driver/Src/stm32f1xx_hal_tim_ex.o
 .debug_ranges  0x0000000000000e68      0x228 ./Drivers/STM32F1xx_HAL_Driver/Src/stm32f1xx_hal_uart.o

.debug_macro    0x0000000000000000    0x19dee
 .debug_macro   0x0000000000000000      0x36d ./Core/Src/buttons.o
 .debug_macro   0x000000000000036d      0xa9c ./Core/Src/buttons.o
 .debug_macro   0x0000000000000e09      0x221 ./Core/Src/buttons.o
 .debug_macro   0x000000000000102a       0x2e ./Core/Src/buttons.o
 .debug_macro   0x0000000000001058       0x22 ./Core/Src/buttons.o
 .debug_macro   0x000000000000107a       0x22 ./Core/Src/buttons.o
 .debug_macro   0x000000000000109c       0x8e ./Core/Src/buttons.o
 .debug_macro   0x000000000000112a       0x51 ./Core/Src/buttons.o
 .debug_macro   0x000000000000117b      0x103 ./Core/Src/buttons.o
 .debug_macro   0x000000000000127e       0x6a ./Core/Src/buttons.o
 .debug_macro   0x00000000000012e8      0x1df ./Core/Src/buttons.o
 .debug_macro   0x00000000000014c7       0x1c ./Core/Src/buttons.o
 .debug_macro   0x00000000000014e3       0x22 ./Core/Src/buttons.o
 .debug_macro   0x0000000000001505       0xc3 ./Core/Src/buttons.o
 .debug_macro   0x00000000000015c8      0xd23 ./Core/Src/buttons.o
 .debug_macro   0x00000000000022eb     0xe09e ./Core/Src/buttons.o
 .debug_macro   0x0000000000010389       0x6d ./Core/Src/buttons.o
 .debug_macro   0x00000000000103f6     0x34a2 ./Core/Src/buttons.o
 .debug_macro   0x0000000000013898      0x174 ./Core/Src/buttons.o
 .debug_macro   0x0000000000013a0c       0x5c ./Core/Src/buttons.o
 .debug_macro   0x0000000000013a68      0x5bc ./Core/Src/buttons.o
 .debug_macro   0x0000000000014024      0x289 ./Core/Src/buttons.o
 .debug_macro   0x00000000000142ad      0x1cb ./Core/Src/buttons.o
 .debug_macro   0x0000000000014478      0x114 ./Core/Src/buttons.o
 .debug_macro   0x000000000001458c      0x1b2 ./Core/Src/buttons.o
 .debug_macro   0x000000000001473e       0x27 ./Core/Src/buttons.o
 .debug_macro   0x0000000000014765      0x136 ./Core/Src/buttons.o
 .debug_macro   0x000000000001489b      0x1bc ./Core/Src/buttons.o
 .debug_macro   0x0000000000014a57       0x34 ./Core/Src/buttons.o
 .debug_macro   0x0000000000014a8b       0x3c ./Core/Src/buttons.o
 .debug_macro   0x0000000000014ac7       0x57 ./Core/Src/buttons.o
 .debug_macro   0x0000000000014b1e       0x87 ./Core/Src/buttons.o
 .debug_macro   0x0000000000014ba5      0x240 ./Core/Src/buttons.o
 .debug_macro   0x0000000000014de5      0x287 ./Core/Src/buttons.o
 .debug_macro   0x000000000001506c      0x140 ./Core/Src/buttons.o
 .debug_macro   0x00000000000151ac      0x8ed ./Core/Src/buttons.o
 .debug_macro   0x0000000000015a99      0x28e ./Core/Src/buttons.o
 .debug_macro   0x0000000000015d27       0x83 ./Core/Src/buttons.o
 .debug_macro   0x0000000000015daa       0x2e ./Core/Src/buttons.o
 .debug_macro   0x0000000000015dd8       0x6a ./Core/Src/buttons.o
 .debug_macro   0x0000000000015e42       0x52 ./Core/Src/buttons.o
 .debug_macro   0x0000000000015e94       0x18 ./Core/Src/buttons.o
 .debug_macro   0x0000000000015eac       0x3c ./Core/Src/buttons.o
 .debug_macro   0x0000000000015ee8       0x34 ./Core/Src/buttons.o
 .debug_macro   0x0000000000015f1c       0x16 ./Core/Src/buttons.o
 .debug_macro   0x0000000000015f32       0x35 ./Core/Src/buttons.o
 .debug_macro   0x0000000000015f67      0x333 ./Core/Src/buttons.o
 .debug_macro   0x000000000001629a       0x10 ./Core/Src/buttons.o
 .debug_macro   0x00000000000162aa       0x16 ./Core/Src/buttons.o
 .debug_macro   0x00000000000162c0       0x43 ./Core/Src/buttons.o
 .debug_macro   0x0000000000016303       0x34 ./Core/Src/buttons.o
 .debug_macro   0x0000000000016337       0x10 ./Core/Src/buttons.o
 .debug_macro   0x0000000000016347       0x58 ./Core/Src/buttons.o
 .debug_macro   0x000000000001639f       0x71 ./Core/Src/buttons.o
 .debug_macro   0x0000000000016410       0x1c ./Core/Src/buttons.o
 .debug_macro   0x000000000001642c      0x12a ./Core/Src/buttons.o
 .debug_macro   0x0000000000016556       0x10 ./Core/Src/buttons.o
 .debug_macro   0x0000000000016566       0x1c ./Core/Src/buttons.o
 .debug_macro   0x0000000000016582       0x52 ./Core/Src/buttons.o
 .debug_macro   0x00000000000165d4       0x22 ./Core/Src/buttons.o
 .debug_macro   0x00000000000165f6       0x10 ./Core/Src/buttons.o
 .debug_macro   0x0000000000016606       0x40 ./Core/Src/buttons.o
 .debug_macro   0x0000000000016646       0xd5 ./Core/Src/buttons.o
 .debug_macro   0x000000000001671b       0x1c ./Core/Src/buttons.o
 .debug_macro   0x0000000000016737       0x3d ./Core/Src/buttons.o
 .debug_macro   0x0000000000016774       0x16 ./Core/Src/buttons.o
 .debug_macro   0x000000000001678a      0x145 ./Core/Src/buttons.o
 .debug_macro   0x00000000000168cf       0x64 ./Core/Src/buttons.o
 .debug_macro   0x0000000000016933      0x373 ./Core/Src/global.o
 .debug_macro   0x0000000000016ca6       0x64 ./Core/Src/global.o
 .debug_macro   0x0000000000016d0a      0x1bd ./Core/Src/i2c_lcd.o
 .debug_macro   0x0000000000016ec7      0x369 ./Core/Src/main.o
 .debug_macro   0x0000000000017230      0x373 ./Core/Src/scheduler.o
 .debug_macro   0x00000000000175a3       0x28 ./Core/Src/scheduler.o
 .debug_macro   0x00000000000175cb      0x373 ./Core/Src/software_timer.o
 .debug_macro   0x000000000001793e      0x369 ./Core/Src/stm32f1xx_hal_msp.o
 .debug_macro   0x0000000000017ca7      0x373 ./Core/Src/stm32f1xx_it.o
 .debug_macro   0x000000000001801a       0xff ./Core/Src/sysmem.o
 .debug_macro   0x0000000000018119      0x23b ./Core/Src/sysmem.o
 .debug_macro   0x0000000000018354      0x1ad ./Core/Src/system_stm32f1xx.o
 .debug_macro   0x0000000000018501      0x36d ./Core/Src/tasks.o
 .debug_macro   0x000000000001886e      0x36d ./Core/Src/traffic_light.o
 .debug_macro   0x0000000000018bdb      0x1d1 ./Drivers/STM32F1xx_HAL_Driver/Src/stm32f1xx_hal.o
 .debug_macro   0x0000000000018dac      0x1ad ./Drivers/STM32F1xx_HAL_Driver/Src/stm32f1xx_hal_cortex.o
 .debug_macro   0x0000000000018f59      0x1ad ./Drivers/STM32F1xx_HAL_Driver/Src/stm32f1xx_hal_dma.o
 .debug_macro   0x0000000000019106      0x218 ./Drivers/STM32F1xx_HAL_Driver/Src/stm32f1xx_hal_gpio.o
 .debug_macro   0x000000000001931e      0x1fb ./Drivers/STM32F1xx_HAL_Driver/Src/stm32f1xx_hal_i2c.o
 .debug_macro   0x0000000000019519      0x20d ./Drivers/STM32F1xx_HAL_Driver/Src/stm32f1xx_hal_pwr.o
 .debug_macro   0x0000000000019726      0x1bf ./Drivers/STM32F1xx_HAL_Driver/Src/stm32f1xx_hal_rcc.o
 .debug_macro   0x00000000000198e5      0x1ae ./Drivers/STM32F1xx_HAL_Driver/Src/stm32f1xx_hal_tim.o
 .debug_macro   0x0000000000019a93      0x1ad ./Drivers/STM32F1xx_HAL_Driver/Src/stm32f1xx_hal_tim_ex.o
 .debug_macro   0x0000000000019c40      0x1ae ./Drivers/STM32F1xx_HAL_Driver/Src/stm32f1xx_hal_uart.o

.debug_line     0x0000000000000000    0x15f52
 .debug_line    0x0000000000000000      0x998 ./Core/Src/buttons.o
 .debug_line    0x0000000000000998      0x8b8 ./Core/Src/global.o
 .debug_line    0x0000000000001250      0x783 ./Core/Src/i2c_lcd.o
 .debug_line    0x00000000000019d3      0xa7c ./Core/Src/main.o
 .debug_line    0x000000000000244f      0xc1a ./Core/Src/scheduler.o
 .debug_line    0x0000000000003069      0x93c ./Core/Src/software_timer.o
 .debug_line    0x00000000000039a5      0x9b9 ./Core/Src/stm32f1xx_hal_msp.o
 .debug_line    0x000000000000435e      0x9ce ./Core/Src/stm32f1xx_it.o
 .debug_line    0x0000000000004d2c      0x4f8 ./Core/Src/sysmem.o
 .debug_line    0x0000000000005224      0x712 ./Core/Src/system_stm32f1xx.o
 .debug_line    0x0000000000005936      0x9aa ./Core/Src/tasks.o
 .debug_line    0x00000000000062e0      0xad1 ./Core/Src/traffic_light.o
 .debug_line    0x0000000000006db1       0x86 ./Core/Startup/startup_stm32f103rbtx.o
 .debug_line    0x0000000000006e37      0x93f ./Drivers/STM32F1xx_HAL_Driver/Src/stm32f1xx_hal.o
 .debug_line    0x0000000000007776      0xb27 ./Drivers/STM32F1xx_HAL_Driver/Src/stm32f1xx_hal_cortex.o
 .debug_line    0x000000000000829d      0xd98 ./Drivers/STM32F1xx_HAL_Driver/Src/stm32f1xx_hal_dma.o
 .debug_line    0x0000000000009035      0x9d8 ./Drivers/STM32F1xx_HAL_Driver/Src/stm32f1xx_hal_gpio.o
 .debug_line    0x0000000000009a0d     0x3ad5 ./Drivers/STM32F1xx_HAL_Driver/Src/stm32f1xx_hal_i2c.o
 .debug_line    0x000000000000d4e2      0x8c1 ./Drivers/STM32F1xx_HAL_Driver/Src/stm32f1xx_hal_pwr.o
 .debug_line    0x000000000000dda3      0xd4b ./Drivers/STM32F1xx_HAL_Driver/Src/stm32f1xx_hal_rcc.o
 .debug_line    0x000000000000eaee     0x33d9 ./Drivers/STM32F1xx_HAL_Driver/Src/stm32f1xx_hal_tim.o
 .debug_line    0x0000000000011ec7     0x1885 ./Drivers/STM32F1xx_HAL_Driver/Src/stm32f1xx_hal_tim_ex.o
 .debug_line    0x000000000001374c     0x2806 ./Drivers/STM32F1xx_HAL_Driver/Src/stm32f1xx_hal_uart.o

.debug_str      0x0000000000000000    0x8e182
 .debug_str     0x0000000000000000    0x894f2 ./Core/Src/buttons.o
                                      0x89942 (size before relaxing)
 .debug_str     0x00000000000894f2       0x15 ./Core/Src/global.o
                                      0x898fe (size before relaxing)
 .debug_str     0x0000000000089507      0x2eb ./Core/Src/i2c_lcd.o
                                      0x854d3 (size before relaxing)
 .debug_str     0x00000000000897f2      0x568 ./Core/Src/main.o
                                      0x8a14e (size before relaxing)
 .debug_str     0x0000000000089d5a      0x13c ./Core/Src/scheduler.o
                                      0x89a3e (size before relaxing)
 .debug_str     0x0000000000089e96       0x46 ./Core/Src/software_timer.o
                                      0x89935 (size before relaxing)
 .debug_str     0x0000000000089edc      0x345 ./Core/Src/stm32f1xx_hal_msp.o
                                      0x8a258 (size before relaxing)
 .debug_str     0x000000000008a221       0xdf ./Core/Src/stm32f1xx_it.o
                                      0x89ca4 (size before relaxing)
 .debug_str     0x000000000008a300      0x4e9 ./Core/Src/sysmem.o
                                       0x6247 (size before relaxing)
 .debug_str     0x000000000008a7e9       0x52 ./Core/Src/system_stm32f1xx.o
                                      0x85026 (size before relaxing)
 .debug_str     0x000000000008a83b       0x6c ./Core/Src/tasks.o
                                      0x89955 (size before relaxing)
 .debug_str     0x000000000008a8a7      0x1aa ./Core/Src/traffic_light.o
                                      0x89acf (size before relaxing)
 .debug_str     0x000000000008aa51       0x36 ./Core/Startup/startup_stm32f103rbtx.o
                                         0x5b (size before relaxing)
 .debug_str     0x000000000008aa87      0x304 ./Drivers/STM32F1xx_HAL_Driver/Src/stm32f1xx_hal.o
                                      0x856b7 (size before relaxing)
 .debug_str     0x000000000008ad8b      0x300 ./Drivers/STM32F1xx_HAL_Driver/Src/stm32f1xx_hal_cortex.o
                                      0x856bf (size before relaxing)
 .debug_str     0x000000000008b08b      0x235 ./Drivers/STM32F1xx_HAL_Driver/Src/stm32f1xx_hal_dma.o
                                      0x85401 (size before relaxing)
 .debug_str     0x000000000008b2c0      0x31f ./Drivers/STM32F1xx_HAL_Driver/Src/stm32f1xx_hal_gpio.o
                                      0x853ea (size before relaxing)
 .debug_str     0x000000000008b5df      0xb9a ./Drivers/STM32F1xx_HAL_Driver/Src/stm32f1xx_hal_i2c.o
                                      0x860b5 (size before relaxing)
 .debug_str     0x000000000008c179      0x507 ./Drivers/STM32F1xx_HAL_Driver/Src/stm32f1xx_hal_pwr.o
                                      0x85589 (size before relaxing)
 .debug_str     0x000000000008c680      0x238 ./Drivers/STM32F1xx_HAL_Driver/Src/stm32f1xx_hal_rcc.o
                                      0x85423 (size before relaxing)
 .debug_str     0x000000000008c8b8      0xdcd ./Drivers/STM32F1xx_HAL_Driver/Src/stm32f1xx_hal_tim.o
                                      0x8640c (size before relaxing)
 .debug_str     0x000000000008d685      0x4ee ./Drivers/STM32F1xx_HAL_Driver/Src/stm32f1xx_hal_tim_ex.o
                                      0x85bad (size before relaxing)
 .debug_str     0x000000000008db73      0x60f ./Drivers/STM32F1xx_HAL_Driver/Src/stm32f1xx_hal_uart.o
                                      0x85a7b (size before relaxing)

.comment        0x0000000000000000       0x53
 .comment       0x0000000000000000       0x53 ./Core/Src/buttons.o
                                         0x54 (size before relaxing)
 .comment       0x0000000000000053       0x54 ./Core/Src/global.o
 .comment       0x0000000000000053       0x54 ./Core/Src/i2c_lcd.o
 .comment       0x0000000000000053       0x54 ./Core/Src/main.o
 .comment       0x0000000000000053       0x54 ./Core/Src/scheduler.o
 .comment       0x0000000000000053       0x54 ./Core/Src/software_timer.o
 .comment       0x0000000000000053       0x54 ./Core/Src/stm32f1xx_hal_msp.o
 .comment       0x0000000000000053       0x54 ./Core/Src/stm32f1xx_it.o
 .comment       0x0000000000000053       0x54 ./Core/Src/sysmem.o
 .comment       0x0000000000000053       0x54 ./Core/Src/system_stm32f1xx.o
 .comment       0x0000000000000053       0x54 ./Core/Src/tasks.o
 .comment       0x0000000000000053       0x54 ./Core/Src/traffic_light.o
 .comment       0x0000000000000053       0x54 ./Drivers/STM32F1xx_HAL_Driver/Src/stm32f1xx_hal.o
 .comment       0x0000000000000053       0x54 ./Drivers/STM32F1xx_HAL_Driver/Src/stm32f1xx_hal_cortex.o
 .comment       0x0000000000000053       0x54 ./Drivers/STM32F1xx_HAL_Driver/Src/stm32f1xx_hal_dma.o
 .comment       0x0000000000000053       0x54 ./Drivers/STM32F1xx_HAL_Driver/Src/stm32f1xx_hal_gpio.o
 .comment       0x0000000000000053       0x54 ./Drivers/STM32F1xx_HAL_Driver/Src/stm32f1xx_hal_i2c.o
 .comment       0x0000000000000053       0x54 ./Drivers/STM32F1xx_HAL_Driver/Src/stm32f1xx_hal_pwr.o
 .comment       0x0000000000000053       0x54 ./Drivers/STM32F1xx_HAL_Driver/Src/stm32f1xx_hal_rcc.o
 .comment       0x0000000000000053       0x54 ./Drivers/STM32F1xx_HAL_Driver/Src/stm32f1xx_hal_tim.o
 .comment       0x0000000000000053       0x54 ./Drivers/STM32F1xx_HAL_Driver/Src/stm32f1xx_hal_tim_ex.o
 .comment       0x0000000000000053       0x54 ./Drivers/STM32F1xx_HAL_Driver/Src/stm32f1xx_hal_uart.o

.debug_frame    0x0000000000000000     0x4c0c
 .debug_frame   0x0000000000000000       0xac ./Core/Src/buttons.o
 .debug_frame   0x00000000000000ac       0xfc ./Core/Src/i2c_lcd.o
 .debug_frame   0x00000000000001a8      0x10c ./Core/Src/main.o
 .debug_frame   0x00000000000002b4      0x214 ./Core/Src/scheduler.o
 .debug_frame   0x00000000000004c8       0x88 ./Core/Src/software_timer.o
 .debug_frame   0x0000000000000550      0x110 ./Core/Src/stm32f1xx_hal_msp.o
 .debug_frame   0x0000000000000660      0x13c ./Core/Src/stm32f1xx_it.o
 .debug_frame   0x000000000000079c       0x34 ./Core/Src/sysmem.o
 .debug_frame   0x00000000000007d0       0x58 ./Core/Src/system_stm32f1xx.o
 .debug_frame   0x0000000000000828      0x10c ./Core/Src/tasks.o
 .debug_frame   0x0000000000000934      0x17c ./Core/Src/traffic_light.o
 .debug_frame   0x0000000000000ab0      0x334 ./Drivers/STM32F1xx_HAL_Driver/Src/stm32f1xx_hal.o
 .debug_frame   0x0000000000000de4      0x428 ./Drivers/STM32F1xx_HAL_Driver/Src/stm32f1xx_hal_cortex.o
 .debug_frame   0x000000000000120c      0x208 ./Drivers/STM32F1xx_HAL_Driver/Src/stm32f1xx_hal_dma.o
 .debug_frame   0x0000000000001414      0x14c ./Drivers/STM32F1xx_HAL_Driver/Src/stm32f1xx_hal_gpio.o
 .debug_frame   0x0000000000001560      0xc84 ./Drivers/STM32F1xx_HAL_Driver/Src/stm32f1xx_hal_i2c.o
 .debug_frame   0x00000000000021e4      0x270 ./Drivers/STM32F1xx_HAL_Driver/Src/stm32f1xx_hal_pwr.o
 .debug_frame   0x0000000000002454      0x218 ./Drivers/STM32F1xx_HAL_Driver/Src/stm32f1xx_hal_rcc.o
 .debug_frame   0x000000000000266c     0x11b8 ./Drivers/STM32F1xx_HAL_Driver/Src/stm32f1xx_hal_tim.o
 .debug_frame   0x0000000000003824      0x638 ./Drivers/STM32F1xx_HAL_Driver/Src/stm32f1xx_hal_tim_ex.o
 .debug_frame   0x0000000000003e5c      0x944 ./Drivers/STM32F1xx_HAL_Driver/Src/stm32f1xx_hal_uart.o
 .debug_frame   0x00000000000047a0       0x20 c:/st/stm32cubeide_1.7.0/stm32cubeide/plugins/com.st.stm32cube.ide.mcu.externaltools.gnu-tools-for-stm32.9-2020-q2-update.win32_2.0.0.202105311346/tools/bin/../lib/gcc/arm-none-eabi/9.3.1/../../../../arm-none-eabi/lib/thumb/v7-m/nofp\libc_nano.a(lib_a-errno.o)
 .debug_frame   0x00000000000047c0       0x2c c:/st/stm32cubeide_1.7.0/stm32cubeide/plugins/com.st.stm32cube.ide.mcu.externaltools.gnu-tools-for-stm32.9-2020-q2-update.win32_2.0.0.202105311346/tools/bin/../lib/gcc/arm-none-eabi/9.3.1/../../../../arm-none-eabi/lib/thumb/v7-m/nofp\libc_nano.a(lib_a-init.o)
 .debug_frame   0x00000000000047ec       0x20 c:/st/stm32cubeide_1.7.0/stm32cubeide/plugins/com.st.stm32cube.ide.mcu.externaltools.gnu-tools-for-stm32.9-2020-q2-update.win32_2.0.0.202105311346/tools/bin/../lib/gcc/arm-none-eabi/9.3.1/../../../../arm-none-eabi/lib/thumb/v7-m/nofp\libc_nano.a(lib_a-memset.o)
 .debug_frame   0x000000000000480c       0x6c c:/st/stm32cubeide_1.7.0/stm32cubeide/plugins/com.st.stm32cube.ide.mcu.externaltools.gnu-tools-for-stm32.9-2020-q2-update.win32_2.0.0.202105311346/tools/bin/../lib/gcc/arm-none-eabi/9.3.1/../../../../arm-none-eabi/lib/thumb/v7-m/nofp\libc_nano.a(lib_a-sprintf.o)
 .debug_frame   0x0000000000004878       0x90 c:/st/stm32cubeide_1.7.0/stm32cubeide/plugins/com.st.stm32cube.ide.mcu.externaltools.gnu-tools-for-stm32.9-2020-q2-update.win32_2.0.0.202105311346/tools/bin/../lib/gcc/arm-none-eabi/9.3.1/../../../../arm-none-eabi/lib/thumb/v7-m/nofp\libc_nano.a(lib_a-nano-svfprintf.o)
 .debug_frame   0x0000000000004908       0x60 c:/st/stm32cubeide_1.7.0/stm32cubeide/plugins/com.st.stm32cube.ide.mcu.externaltools.gnu-tools-for-stm32.9-2020-q2-update.win32_2.0.0.202105311346/tools/bin/../lib/gcc/arm-none-eabi/9.3.1/../../../../arm-none-eabi/lib/thumb/v7-m/nofp\libc_nano.a(lib_a-nano-vfprintf_i.o)
 .debug_frame   0x0000000000004968       0x28 c:/st/stm32cubeide_1.7.0/stm32cubeide/plugins/com.st.stm32cube.ide.mcu.externaltools.gnu-tools-for-stm32.9-2020-q2-update.win32_2.0.0.202105311346/tools/bin/../lib/gcc/arm-none-eabi/9.3.1/../../../../arm-none-eabi/lib/thumb/v7-m/nofp\libc_nano.a(lib_a-memchr-stub.o)
 .debug_frame   0x0000000000004990       0x28 c:/st/stm32cubeide_1.7.0/stm32cubeide/plugins/com.st.stm32cube.ide.mcu.externaltools.gnu-tools-for-stm32.9-2020-q2-update.win32_2.0.0.202105311346/tools/bin/../lib/gcc/arm-none-eabi/9.3.1/../../../../arm-none-eabi/lib/thumb/v7-m/nofp\libc_nano.a(lib_a-memcpy-stub.o)
 .debug_frame   0x00000000000049b8       0x28 c:/st/stm32cubeide_1.7.0/stm32cubeide/plugins/com.st.stm32cube.ide.mcu.externaltools.gnu-tools-for-stm32.9-2020-q2-update.win32_2.0.0.202105311346/tools/bin/../lib/gcc/arm-none-eabi/9.3.1/../../../../arm-none-eabi/lib/thumb/v7-m/nofp\libc_nano.a(lib_a-memmove.o)
 .debug_frame   0x00000000000049e0       0x38 c:/st/stm32cubeide_1.7.0/stm32cubeide/plugins/com.st.stm32cube.ide.mcu.externaltools.gnu-tools-for-stm32.9-2020-q2-update.win32_2.0.0.202105311346/tools/bin/../lib/gcc/arm-none-eabi/9.3.1/../../../../arm-none-eabi/lib/thumb/v7-m/nofp\libc_nano.a(lib_a-nano-freer.o)
 .debug_frame   0x0000000000004a18       0x30 c:/st/stm32cubeide_1.7.0/stm32cubeide/plugins/com.st.stm32cube.ide.mcu.externaltools.gnu-tools-for-stm32.9-2020-q2-update.win32_2.0.0.202105311346/tools/bin/../lib/gcc/arm-none-eabi/9.3.1/../../../../arm-none-eabi/lib/thumb/v7-m/nofp\libc_nano.a(lib_a-nano-mallocr.o)
 .debug_frame   0x0000000000004a48       0x3c c:/st/stm32cubeide_1.7.0/stm32cubeide/plugins/com.st.stm32cube.ide.mcu.externaltools.gnu-tools-for-stm32.9-2020-q2-update.win32_2.0.0.202105311346/tools/bin/../lib/gcc/arm-none-eabi/9.3.1/../../../../arm-none-eabi/lib/thumb/v7-m/nofp\libc_nano.a(lib_a-nano-reallocr.o)
 .debug_frame   0x0000000000004a84       0x2c c:/st/stm32cubeide_1.7.0/stm32cubeide/plugins/com.st.stm32cube.ide.mcu.externaltools.gnu-tools-for-stm32.9-2020-q2-update.win32_2.0.0.202105311346/tools/bin/../lib/gcc/arm-none-eabi/9.3.1/../../../../arm-none-eabi/lib/thumb/v7-m/nofp\libc_nano.a(lib_a-sbrkr.o)
 .debug_frame   0x0000000000004ab0       0x30 c:/st/stm32cubeide_1.7.0/stm32cubeide/plugins/com.st.stm32cube.ide.mcu.externaltools.gnu-tools-for-stm32.9-2020-q2-update.win32_2.0.0.202105311346/tools/bin/../lib/gcc/arm-none-eabi/9.3.1/../../../../arm-none-eabi/lib/thumb/v7-m/nofp\libc_nano.a(lib_a-mlock.o)
 .debug_frame   0x0000000000004ae0       0x20 c:/st/stm32cubeide_1.7.0/stm32cubeide/plugins/com.st.stm32cube.ide.mcu.externaltools.gnu-tools-for-stm32.9-2020-q2-update.win32_2.0.0.202105311346/tools/bin/../lib/gcc/arm-none-eabi/9.3.1/../../../../arm-none-eabi/lib/thumb/v7-m/nofp\libc_nano.a(lib_a-nano-msizer.o)
 .debug_frame   0x0000000000004b00       0x5c c:/st/stm32cubeide_1.7.0/stm32cubeide/plugins/com.st.stm32cube.ide.mcu.externaltools.gnu-tools-for-stm32.9-2020-q2-update.win32_2.0.0.202105311346/tools/bin/../lib/gcc/arm-none-eabi/9.3.1/../../../../arm-none-eabi/lib/thumb/v7-m/nofp\libc_nano.a(lib_a-reent.o)
 .debug_frame   0x0000000000004b5c       0xb0 c:/st/stm32cubeide_1.7.0/stm32cubeide/plugins/com.st.stm32cube.ide.mcu.externaltools.gnu-tools-for-stm32.9-2020-q2-update.win32_2.0.0.202105311346/tools/bin/../lib/gcc/arm-none-eabi/9.3.1/../../../../arm-none-eabi/lib/thumb/v7-m/nofp\libc_nano.a(lib_a-lock.o)