Archive member included to satisfy reference by file (symbol)

C:/ST/STM32CubeIDE_1.19.0/STM32CubeIDE/plugins/com.st.stm32cube.ide.mcu.externaltools.gnu-tools-for-stm32.13.3.rel1.win32_1.0.0.202411081344/tools/bin/../lib/gcc/arm-none-eabi/13.3.1/../../../../arm-none-eabi/lib/thumb/v7-m/nofp\libc_nano.a(libc_a-exit.o)
                              C:/ST/STM32CubeIDE_1.19.0/STM32CubeIDE/plugins/com.st.stm32cube.ide.mcu.externaltools.gnu-tools-for-stm32.13.3.rel1.win32_1.0.0.202411081344/tools/bin/../lib/gcc/arm-none-eabi/13.3.1/../../../../arm-none-eabi/lib/thumb/v7-m/nofp/crt0.o (exit)
C:/ST/STM32CubeIDE_1.19.0/STM32CubeIDE/plugins/com.st.stm32cube.ide.mcu.externaltools.gnu-tools-for-stm32.13.3.rel1.win32_1.0.0.202411081344/tools/bin/../lib/gcc/arm-none-eabi/13.3.1/../../../../arm-none-eabi/lib/thumb/v7-m/nofp\libc_nano.a(libc_a-findfp.o)
                              C:/ST/STM32CubeIDE_1.19.0/STM32CubeIDE/plugins/com.st.stm32cube.ide.mcu.externaltools.gnu-tools-for-stm32.13.3.rel1.win32_1.0.0.202411081344/tools/bin/../lib/gcc/arm-none-eabi/13.3.1/../../../../arm-none-eabi/lib/thumb/v7-m/nofp\libc_nano.a(libc_a-exit.o) (__stdio_exit_handler)
C:/ST/STM32CubeIDE_1.19.0/STM32CubeIDE/plugins/com.st.stm32cube.ide.mcu.externaltools.gnu-tools-for-stm32.13.3.rel1.win32_1.0.0.202411081344/tools/bin/../lib/gcc/arm-none-eabi/13.3.1/../../../../arm-none-eabi/lib/thumb/v7-m/nofp\libc_nano.a(libc_a-fwalk.o)
                              C:/ST/STM32CubeIDE_1.19.0/STM32CubeIDE/plugins/com.st.stm32cube.ide.mcu.externaltools.gnu-tools-for-stm32.13.3.rel1.win32_1.0.0.202411081344/tools/bin/../lib/gcc/arm-none-eabi/13.3.1/../../../../arm-none-eabi/lib/thumb/v7-m/nofp\libc_nano.a(libc_a-findfp.o) (_fwalk_sglue)
C:/ST/STM32CubeIDE_1.19.0/STM32CubeIDE/plugins/com.st.stm32cube.ide.mcu.externaltools.gnu-tools-for-stm32.13.3.rel1.win32_1.0.0.202411081344/tools/bin/../lib/gcc/arm-none-eabi/13.3.1/../../../../arm-none-eabi/lib/thumb/v7-m/nofp\libc_nano.a(libc_a-sprintf.o)
                              ./Core/Src/i2c_lcd.o (sprintf)
C:/ST/STM32CubeIDE_1.19.0/STM32CubeIDE/plugins/com.st.stm32cube.ide.mcu.externaltools.gnu-tools-for-stm32.13.3.rel1.win32_1.0.0.202411081344/tools/bin/../lib/gcc/arm-none-eabi/13.3.1/../../../../arm-none-eabi/lib/thumb/v7-m/nofp\libc_nano.a(libc_a-stdio.o)
                              C:/ST/STM32CubeIDE_1.19.0/STM32CubeIDE/plugins/com.st.stm32cube.ide.mcu.externaltools.gnu-tools-for-stm32.13.3.rel1.win32_1.0.0.202411081344/tools/bin/../lib/gcc/arm-none-eabi/13.3.1/../../../../arm-none-eabi/lib/thumb/v7-m/nofp\libc_nano.a(libc_a-findfp.o) (__sread)
C:/ST/STM32CubeIDE_1.19.0/STM32CubeIDE/plugins/com.st.stm32cube.ide.mcu.externaltools.gnu-tools-for-stm32.13.3.rel1.win32_1.0.0.202411081344/tools/bin/../lib/gcc/arm-none-eabi/13.3.1/../../../../arm-none-eabi/lib/thumb/v7-m/nofp\libc_nano.a(libc_a-memset.o)
                              C:/ST/STM32CubeIDE_1.19.0/STM32CubeIDE/plugins/com.st.stm32cube.ide.mcu.externaltools.gnu-tools-for-stm32.13.3.rel1.win32_1.0.0.202411081344/tools/bin/../lib/gcc/arm-none-eabi/13.3.1/../../../../arm-none-eabi/lib/thumb/v7-m/nofp/crt0.o (memset)
C:/ST/STM32CubeIDE_1.19.0/STM32CubeIDE/plugins/com.st.stm32cube.ide.mcu.externaltools.gnu-tools-for-stm32.13.3.rel1.win32_1.0.0.202411081344/tools/bin/../lib/gcc/arm-none-eabi/13.3.1/../../../../arm-none-eabi/lib/thumb/v7-m/nofp\libc_nano.a(libc_a-closer.o)
                              C:/ST/STM32CubeIDE_1.19.0/STM32CubeIDE/plugins/com.st.stm32cube.ide.mcu.externaltools.gnu-tools-for-stm32.13.3.rel1.win32_1.0.0.202411081344/tools/bin/../lib/gcc/arm-none-eabi/13.3.1/../../../../arm-none-eabi/lib/thumb/v7-m/nofp\libc_nano.a(libc_a-stdio.o) (_close_r)
C:/ST/STM32CubeIDE_1.19.0/STM32CubeIDE/plugins/com.st.stm32cube.ide.mcu.externaltools.gnu-tools-for-stm32.13.3.rel1.win32_1.0.0.202411081344/tools/bin/../lib/gcc/arm-none-eabi/13.3.1/../../../../arm-none-eabi/lib/thumb/v7-m/nofp\libc_nano.a(libc_a-reent.o)
                              C:/ST/STM32CubeIDE_1.19.0/STM32CubeIDE/plugins/com.st.stm32cube.ide.mcu.externaltools.gnu-tools-for-stm32.13.3.rel1.win32_1.0.0.202411081344/tools/bin/../lib/gcc/arm-none-eabi/13.3.1/../../../../arm-none-eabi/lib/thumb/v7-m/nofp\libc_nano.a(libc_a-closer.o) (errno)
C:/ST/STM32CubeIDE_1.19.0/STM32CubeIDE/plugins/com.st.stm32cube.ide.mcu.externaltools.gnu-tools-for-stm32.13.3.rel1.win32_1.0.0.202411081344/tools/bin/../lib/gcc/arm-none-eabi/13.3.1/../../../../arm-none-eabi/lib/thumb/v7-m/nofp\libc_nano.a(libc_a-impure.o)
                              C:/ST/STM32CubeIDE_1.19.0/STM32CubeIDE/plugins/com.st.stm32cube.ide.mcu.externaltools.gnu-tools-for-stm32.13.3.rel1.win32_1.0.0.202411081344/tools/bin/../lib/gcc/arm-none-eabi/13.3.1/../../../../arm-none-eabi/lib/thumb/v7-m/nofp\libc_nano.a(libc_a-sprintf.o) (_impure_ptr)
[...]
Memory Configuration

Name             Origin             Length             Attributes
RAM              0x20000000         0x00005000         xrw
FLASH            0x08000000         0x00020000         xr
*default*        0x00000000         0xffffffff

Linker script and memory map

LOAD C:/ST/STM32CubeIDE_1.19.0/STM32CubeIDE/plugins/com.st.stm32cube.ide.mcu.externaltools.gnu-tools-for-stm32.13.3.rel1.win32_1.0.0.202411081344/tools/bin/../lib/gcc/arm-none-eabi/13.3.1/thumb/v7-m/nofp/crti.o
LOAD C:/ST/STM32CubeIDE_1.19.0/STM32CubeIDE/plugins/com.st.stm32cube.ide.mcu.externaltools.gnu-tools-for-stm32.13.3.rel1.win32_1.0.0.202411081344/tools/bin/../lib/gcc/arm-none-eabi/13.3.1/thumb/v7-m/nofp/crtbegin.o
LOAD C:/ST/STM32CubeIDE_1.19.0/STM32CubeIDE/plugins/com.st.stm32cube.ide.mcu.externaltools.gnu-tools-for-stm32.13.3.rel1.win32_1.0.0.202411081344/tools/bin/../lib/gcc/arm-none-eabi/13.3.1/../../../../arm-none-eabi/lib/thumb/v7-m/nofp/crt0.o
LOAD ./Core/Src/buttons.o
LOAD ./Core/Src/global.o
LOAD ./Core/Src/i2c_lcd.o
LOAD ./Core/Src/main.o
LOAD ./Core/Src/scheduler.o
LOAD ./Core/Src/software_timer.o
LOAD ./Core/Src/stm32f1xx_hal_msp.o
LOAD ./Core/Src/stm32f1xx_it.o
LOAD ./Core/Src/syscalls.o
LOAD ./Core/Src/sysmem.o
LOAD ./Core/Src/system_stm32f1xx.o
LOAD ./Core/Src/tasks.o
LOAD ./Core/Src/traffic_light.o
LOAD ./Core/Startup/startup_stm32f103rbtx.o
LOAD ./Drivers/STM32F1xx_HAL_Driver/Src/stm32f1xx_hal.o
LOAD ./Drivers/STM32F1xx_HAL_Driver/Src/stm32f1xx_hal_cortex.o
LOAD ./Drivers/STM32F1xx_HAL_Driver/Src/stm32f1xx_hal_dma.o
LOAD ./Drivers/STM32F1xx_HAL_Driver/Src/stm32f1xx_hal_exti.o
LOAD ./Drivers/STM32F1xx_HAL_Driver/Src/stm32f1xx_hal_flash.o
LOAD ./Drivers/STM32F1xx_HAL_Driver/Src/stm32f1xx_hal_flash_ex.o
LOAD ./Drivers/STM32F1xx_HAL_Driver/Src/stm32f1xx_hal_gpio.o
LOAD ./Drivers/STM32F1xx_HAL_Driver/Src/stm32f1xx_hal_gpio_ex.o
LOAD ./Drivers/STM32F1xx_HAL_Driver/Src/stm32f1xx_hal_i2c.o
LOAD ./Drivers/STM32F1xx_HAL_Driver/Src/stm32f1xx_hal_pwr.o
LOAD ./Drivers/STM32F1xx_HAL_Driver/Src/stm32f1xx_hal_rcc.o
LOAD ./Drivers/STM32F1xx_HAL_Driver/Src/stm32f1xx_hal_rcc_ex.o
LOAD ./Drivers/STM32F1xx_HAL_Driver/Src/stm32f1xx_hal_spi.o
LOAD ./Drivers/STM32F1xx_HAL_Driver/Src/stm32f1xx_hal_tim.o
LOAD ./Drivers/STM32F1xx_HAL_Driver/Src/stm32f1xx_hal_tim_ex.o
LOAD ./Drivers/STM32F1xx_HAL_Driver/Src/stm32f1xx_hal_uart.o
START GROUP
LOAD C:/ST/STM32CubeIDE_1.19.0/STM32CubeIDE/plugins/com.st.stm32cube.ide.mcu.externaltools.gnu-tools-for-stm32.13.3.rel1.win32_1.0.0.202411081344/tools/bin/../lib/gcc/arm-none-eabi/13.3.1/../../../../arm-none-eabi/lib/thumb/v7-m/nofp\libc_nano.a
LOAD C:/ST/STM32CubeIDE_1.19.0/STM32CubeIDE/plugins/com.st.stm32cube.ide.mcu.externaltools.gnu-tools-for-stm32.13.3.rel1.win32_1.0.0.202411081344/tools/bin/../lib/gcc/arm-none-eabi/13.3.1/../../../../arm-none-eabi/lib/thumb/v7-m/nofp\libm.a
END GROUP
START GROUP
LOAD C:/ST/STM32CubeIDE_1.19.0/STM32CubeIDE/plugins/com.st.stm32cube.ide.mcu.externaltools.gnu-tools-for-stm32.13.3.rel1.win32_1.0.0.202411081344/tools/bin/../lib/gcc/arm-none-eabi/13.3.1/thumb/v7-m/nofp\libgcc.a
LOAD C:/ST/STM32CubeIDE_1.19.0/STM32CubeIDE/plugins/com.st.stm32cube.ide.mcu.externaltools.gnu-tools-for-stm32.13.3.rel1.win32_1.0.0.202411081344/tools/bin/../lib/gcc/arm-none-eabi/13.3.1/../../../../arm-none-eabi/lib/thumb/v7-m/nofp\libc_nano.a
END GROUP
START GROUP
LOAD C:/ST/STM32CubeIDE_1.19.0/STM32CubeIDE/plugins/com.st.stm32cube.ide.mcu.externaltools.gnu-tools-for-stm32.13.3.rel1.win32_1.0.0.202411081344/tools/bin/../lib/gcc/arm-none-eabi/13.3.1/thumb/v7-m/nofp\libgcc.a
LOAD C:/ST/STM32CubeIDE_1.19.0/STM32CubeIDE/plugins/com.st.stm32cube.ide.mcu.externaltools.gnu-tools-for-stm32.13.3.rel1.win32_1.0.0.202411081344/tools/bin/../lib/gcc/arm-none-eabi/13.3.1/../../../../arm-none-eabi/lib/thumb/v7-m/nofp\libc_nano.a
LOAD C:/ST/STM32CubeIDE_1.19.0/STM32CubeIDE/plugins/com.st.stm32cube.ide.mcu.externaltools.gnu-tools-for-stm32.13.3.rel1.win32_1.0.0.202411081344/tools/bin/../lib/gcc/arm-none-eabi/13.3.1/../../../../arm-none-eabi/lib/thumb/v7-m/nofp\libnosys.a
END GROUP
START GROUP
LOAD C:/ST/STM32CubeIDE_1.19.0/STM32CubeIDE/plugins/com.st.stm32cube.ide.mcu.externaltools.gnu-tools-for-stm32.13.3.rel1.win32_1.0.0.202411081344/tools/bin/../lib/gcc/arm-none-eabi/13.3.1/thumb/v7-m/nofp\libgcc.a
LOAD C:/ST/STM32CubeIDE_1.19.0/STM32CubeIDE/plugins/com.st.stm32cube.ide.mcu.externaltools.gnu-tools-for-stm32.13.3.rel1.win32_1.0.0.202411081344/tools/bin/../lib/gcc/arm-none-eabi/13.3.1/../../../../arm-none-eabi/lib/thumb/v7-m/nofp\libc_nano.a
LOAD C:/ST/STM32CubeIDE_1.19.0/STM32CubeIDE/plugins/com.st.stm32cube.ide.mcu.externaltools.gnu-tools-for-stm32.13.3.rel1.win32_1.0.0.202411081344/tools/bin/../lib/gcc/arm-none-eabi/13.3.1/../../../../arm-none-eabi/lib/thumb/v7-m/nofp\libnosys.a
END GROUP
LOAD C:/ST/STM32CubeIDE_1.19.0/STM32CubeIDE/plugins/com.st.stm32cube.ide.mcu.externaltools.gnu-tools-for-stm32.13.3.rel1.win32_1.0.0.202411081344/tools/bin/../lib/gcc/arm-none-eabi/13.3.1/thumb/v7-m/nofp/crtend.o
LOAD C:/ST/STM32CubeIDE_1.19.0/STM32CubeIDE/plugins/com.st.stm32cube.ide.mcu.externaltools.gnu-tools-for-stm32.13.3.rel1.win32_1.0.0.202411081344/tools/bin/../lib/gcc/arm-none-eabi/13.3.1/thumb/v7-m/nofp/crtn.o
                0x20005000                        _estack = (ORIGIN (RAM) + LENGTH (RAM))
                0x00000200                        _Min_Heap_Size = 0x200
                0x00000400                        _Min_Stack_Size = 0x400

.isr_vector     0x08000000      0x10c
                0x08000000                        . = ALIGN (0x4)
 *(.isr_vector)
 .isr_vector    0x08000000      0x10c ./Core/Startup/startup_stm32f103rbtx.o
                0x08000000                g_pfnVectors
                0x0800010c                        . = ALIGN (0x4)

.text           0x0800010c     0x5468
                0x0800010c                        . = ALIGN (0x4)
 *(.text)
 .text          0x0800010c       0x40 C:/ST/STM32CubeIDE_1.19.0/STM32CubeIDE/plugins/com.st.stm32cube.ide.mcu.externaltools.gnu-tools-for-stm32.13.3.rel1.win32_1.0.0.202411081344/tools/bin/../lib/gcc/arm-none-eabi/13.3.1/thumb/v7-m/nofp/crtbegin.o
 *(.text*)
 .text.getKeyInput
                0x0800014c       0xa0 ./Core/Src/buttons.o
                0x0800014c                getKeyInput
 .text.isButtonPressed
                0x080001ec       0x26 ./Core/Src/buttons.o
                0x080001ec                isButtonPressed
 .text.isButtonLongPressed
                0x08000212       0x26 ./Core/Src/buttons.o
                0x08000212                isButtonLongPressed
 .text.resetButton
                0x08000238       0x1e ./Core/Src/buttons.o
                0x08000238                resetButton
 *fill*         0x08000256        0x2 
 .text.lcd_send_cmd
                0x08000258       0x60 ./Core/Src/i2c_lcd.o
                0x08000258                lcd_send_cmd
 .text.lcd_send_data
                0x080002b8       0x60 ./Core/Src/i2c_lcd.o
                0x080002b8                lcd_send_data
 .text.lcd_init
                0x08000318       0x5c ./Core/Src/i2c_lcd.o
                0x08000318                lcd_init
 .text.lcd_send_string
                0x08000374       0x2a ./Core/Src/i2c_lcd.o
                0x08000374                lcd_send_string
 .text.lcd_goto_XY
                0x0800039e       0x44 ./Core/Src/i2c_lcd.o
                0x0800039e                lcd_goto_XY
 *fill*         0x080003e2        0x2 
 .text.lcd_auto_mode
                0x080003e4       0x5c ./Core/Src/i2c_lcd.o
                0x080003e4                lcd_auto_mode
 .text.lcd_config_mode
                0x08000440       0x48 ./Core/Src/i2c_lcd.o
                0x08000440                lcd_config_mode
 .text.lcd_manual_mode
                0x08000488       0x48 ./Core/Src/i2c_lcd.o
                0x08000488                lcd_manual_mode
 .text.main     0x080004d0       0x70 ./Core/Src/main.o
                0x080004d0                main
 .text.SystemClock_Config
                0x08000540       0x82 ./Core/Src/main.o
                0x08000540                SystemClock_Config
 *fill*         0x080005c2        0x2 
 .text.MX_I2C1_Init
                0x080005c4       0x5c ./Core/Src/main.o
 .text.MX_SPI2_Init
                0x08000620       0x70 ./Core/Src/main.o
 .text.MX_TIM2_Init
                0x08000690       0x98 ./Core/Src/main.o
 .text.MX_USART2_UART_Init
                0x08000728       0x54 ./Core/Src/main.o
 .text.MX_GPIO_Init
                0x0800077c       0xfc ./Core/Src/main.o
 .text.HAL_TIM_PeriodElapsedCallback
                0x08000878       0x14 ./Core/Src/main.o
                0x08000878                HAL_TIM_PeriodElapsedCallback
 .text.Error_Handler
                0x0800088c        0xc ./Core/Src/main.o
                0x0800088c                Error_Handler
 .text.List_resetNodeData
                0x08000898       0x78 ./Core/Src/scheduler.o
                0x08000898                List_resetNodeData
 .text.initFreeList
                0x08000910       0x48 ./Core/Src/scheduler.o
                0x08000910                initFreeList
 .text.List_init
                0x08000958       0x24 ./Core/Src/scheduler.o
                0x08000958                List_init
 .text.List_getFreeIndex
                0x0800097c       0x48 ./Core/Src/scheduler.o
                0x0800097c                List_getFreeIndex
 .text.List_freeIndex
                0x080009c4       0x50 ./Core/Src/scheduler.o
                0x080009c4                List_freeIndex
 .text.List_isEmpty
                0x08000a14       0x20 ./Core/Src/scheduler.o
                0x08000a14                List_isEmpty
 .text.List_insertNode
                0x08000a34      0x21c ./Core/Src/scheduler.o
                0x08000a34                List_insertNode
 .text.List_popHead
                0x08000c50       0x40 ./Core/Src/scheduler.o
                0x08000c50                List_popHead
 .text.SCH_Init
                0x08000c90       0x18 ./Core/Src/scheduler.o
                0x08000c90                SCH_Init
 .text.SCH_Update
                0x08000ca8       0x88 ./Core/Src/scheduler.o
                0x08000ca8                SCH_Update
 .text.SCH_Dispatch_Tasks
                0x08000d30       0xf0 ./Core/Src/scheduler.o
                0x08000d30                SCH_Dispatch_Tasks
 .text.SCH_Add_Task
                0x08000e20       0xa0 ./Core/Src/scheduler.o
                0x08000e20                SCH_Add_Task
 .text.SCH_Report_Status
                0x08000ec0       0x18 ./Core/Src/scheduler.o
                0x08000ec0                SCH_Report_Status
 .text.SCH_Go_To_Sleep
                0x08000ed8       0x18 ./Core/Src/scheduler.o
                0x08000ed8                SCH_Go_To_Sleep
 .text.setTimer
                0x08000ef0       0x40 ./Core/Src/software_timer.o
                0x08000ef0                setTimer
 .text.timerRun
                0x08000f30       0x60 ./Core/Src/software_timer.o
                0x08000f30                timerRun
 .text.IsTimeExpired
                0x08000f90       0x28 ./Core/Src/software_timer.o
                0x08000f90                IsTimeExpired
 .text.HAL_MspInit
                0x08000fb8       0x64 ./Core/Src/stm32f1xx_hal_msp.o
                0x08000fb8                HAL_MspInit
 .text.HAL_I2C_MspInit
                0x0800101c       0xa0 ./Core/Src/stm32f1xx_hal_msp.o
                0x0800101c                HAL_I2C_MspInit
 .text.HAL_SPI_MspInit
                0x080010bc       0x80 ./Core/Src/stm32f1xx_hal_msp.o
                0x080010bc                HAL_SPI_MspInit
 .text.HAL_TIM_Base_MspInit
                0x0800113c       0x48 ./Core/Src/stm32f1xx_hal_msp.o
                0x0800113c                HAL_TIM_Base_MspInit
 .text.HAL_UART_MspInit
                0x08001184       0xa4 ./Core/Src/stm32f1xx_hal_msp.o
                0x08001184                HAL_UART_MspInit
 .text.NMI_Handler
                0x08001228        0x8 ./Core/Src/stm32f1xx_it.o
                0x08001228                NMI_Handler
 .text.HardFault_Handler
                0x08001230        0x8 ./Core/Src/stm32f1xx_it.o
                0x08001230                HardFault_Handler
 .text.MemManage_Handler
                0x08001238        0x8 ./Core/Src/stm32f1xx_it.o
                0x08001238                MemManage_Handler
 .text.BusFault_Handler
                0x08001240        0x8 ./Core/Src/stm32f1xx_it.o
                0x08001240                BusFault_Handler
 .text.UsageFault_Handler
                0x08001248        0x8 ./Core/Src/stm32f1xx_it.o
                0x08001248                UsageFault_Handler
 .text.SVC_Handler
                0x08001250        0xc ./Core/Src/stm32f1xx_it.o
                0x08001250                SVC_Handler
 .text.DebugMon_Handler
                0x0800125c        0xc ./Core/Src/stm32f1xx_it.o
                0x0800125c                DebugMon_Handler
 .text.PendSV_Handler
                0x08001268        0xc ./Core/Src/stm32f1xx_it.o
                0x08001268                PendSV_Handler
 .text.SysTick_Handler
                0x08001274        0xc ./Core/Src/stm32f1xx_it.o
                0x08001274                SysTick_Handler
 .text.TIM2_IRQHandler
                0x08001280       0x14 ./Core/Src/stm32f1xx_it.o
                0x08001280                TIM2_IRQHandler
 .text.USART2_IRQHandler
                0x08001294       0x14 ./Core/Src/stm32f1xx_it.o
                0x08001294                USART2_IRQHandler
 .text._sbrk    0x080012a8       0x6c ./Core/Src/sysmem.o
                0x080012a8                _sbrk
 .text.SystemInit
                0x08001314        0xc ./Core/Src/system_stm32f1xx.o
                0x08001314                SystemInit
 .text.blinkyLED
                0x08001320       0x14 ./Core/Src/tasks.o
                0x08001320                blinkyLED
 .text.getButtons
                0x08001334       0x28 ./Core/Src/tasks.o
                0x08001334                getButtons
 .text.fsm      0x0800135c        0xc ./Core/Src/tasks.o
                0x0800135c                fsm
 .text.fsm_traffic_light
                0x08001368      0x288 ./Core/Src/traffic_light.o
                0x08001368                fsm_traffic_light
 .text.turn_on_red
                0x080015f0       0x3c ./Core/Src/traffic_light.o
                0x080015f0                turn_on_red
 .text.turn_on_amber
                0x0800162c       0x3c ./Core/Src/traffic_light.o
                0x0800162c                turn_on_amber
 .text.turn_on_green
                0x08001668       0x3c ./Core/Src/traffic_light.o
                0x08001668                turn_on_green
 .text.turn_on_red_green
                0x080016a4       0x3c ./Core/Src/traffic_light.o
                0x080016a4                turn_on_red_green
 .text.turn_on_red_amber
                0x080016e0       0x3c ./Core/Src/traffic_light.o
                0x080016e0                turn_on_red_amber
 .text.turn_on_green_red
                0x0800171c       0x3c ./Core/Src/traffic_light.o
                0x0800171c                turn_on_green_red
 .text.turn_on_amber_red
                0x08001758       0x3c ./Core/Src/traffic_light.o
                0x08001758                turn_on_amber_red
 .text.init_auto_red_green
                0x08001794       0x78 ./Core/Src/traffic_light.o
                0x08001794                init_auto_red_green
 .text.auto_red_green
                0x0800180c       0x54 ./Core/Src/traffic_light.o
                0x0800180c                auto_red_green
 .text.init_auto_red_amber
                0x08001860       0x74 ./Core/Src/traffic_light.o
                0x08001860                init_auto_red_amber
 .text.auto_red_amber
                0x080018d4       0x54 ./Core/Src/traffic_light.o
                0x080018d4                auto_red_amber
 .text.init_auto_green_red
                0x08001928       0x78 ./Core/Src/traffic_light.o
                0x08001928                init_auto_green_red
 .text.auto_green_red
                0x080019a0       0x54 ./Core/Src/traffic_light.o
                0x080019a0                auto_green_red
 .text.init_auto_amber_red
                0x080019f4       0x74 ./Core/Src/traffic_light.o
                0x080019f4                init_auto_amber_red
 .text.auto_amber_red
                0x08001a68       0x54 ./Core/Src/traffic_light.o
                0x08001a68                auto_amber_red
 .text.init_red_time_config
                0x08001abc       0x2c ./Core/Src/traffic_light.o
                0x08001abc                init_red_time_config
 .text.red_time_config
                0x08001ae8       0xc0 ./Core/Src/traffic_light.o
                0x08001ae8                red_time_config
 .text.init_amber_time_config
                0x08001ba8       0x2c ./Core/Src/traffic_light.o
                0x08001ba8                init_amber_time_config
 .text.amber_time_config
                0x08001bd4       0xc0 ./Core/Src/traffic_light.o
                0x08001bd4                amber_time_config
 .text.init_green_time_config
                0x08001c94       0x2c ./Core/Src/traffic_light.o
                0x08001c94                init_green_time_config
 .text.green_time_config
                0x08001cc0       0xb4 ./Core/Src/traffic_light.o
                0x08001cc0                green_time_config
 .text.init_manual_red_green
                0x08001d74       0x18 ./Core/Src/traffic_light.o
                0x08001d74                init_manual_red_green
 .text.manual_red_green
                0x08001d8c       0x28 ./Core/Src/traffic_light.o
                0x08001d8c                manual_red_green
 .text.init_manual_red_amber
                0x08001db4       0x18 ./Core/Src/traffic_light.o
                0x08001db4                init_manual_red_amber
 .text.manual_red_amber
                0x08001dcc       0x28 ./Core/Src/traffic_light.o
                0x08001dcc                manual_red_amber
 .text.init_manual_green_red
                0x08001df4       0x18 ./Core/Src/traffic_light.o
                0x08001df4                init_manual_green_red
 .text.manual_green_red
                0x08001e0c       0x28 ./Core/Src/traffic_light.o
                0x08001e0c                manual_green_red
 .text.init_manual_amber_red
                0x08001e34       0x18 ./Core/Src/traffic_light.o
                0x08001e34                init_manual_amber_red
 .text.manual_amber_red
                0x08001e4c       0x28 ./Core/Src/traffic_light.o
                0x08001e4c                manual_amber_red
 .text.Reset_Handler
                0x08001e74       0x48 ./Core/Startup/startup_stm32f103rbtx.o
                0x08001e74                Reset_Handler
 .text.Default_Handler
                0x08001ebc        0x2 ./Core/Startup/startup_stm32f103rbtx.o
                0x08001ebc                RTC_Alarm_IRQHandler
                0x08001ebc                EXTI2_IRQHandler
                0x08001ebc                TIM1_CC_IRQHandler
                0x08001ebc                PVD_IRQHandler
                0x08001ebc                EXTI3_IRQHandler
                0x08001ebc                EXTI0_IRQHandler
                0x08001ebc                I2C2_EV_IRQHandler
                0x08001ebc                ADC1_2_IRQHandler
                0x08001ebc                SPI1_IRQHandler
                0x08001ebc                TAMPER_IRQHandler
                0x08001ebc                DMA1_Channel4_IRQHandler
                0x08001ebc                USART3_IRQHandler
                0x08001ebc                RTC_IRQHandler
                0x08001ebc                DMA1_Channel7_IRQHandler
                0x08001ebc                CAN1_RX1_IRQHandler
                0x08001ebc                TIM4_IRQHandler
                0x08001ebc                I2C1_EV_IRQHandler
                0x08001ebc                DMA1_Channel6_IRQHandler
                0x08001ebc                TIM3_IRQHandler
                0x08001ebc                RCC_IRQHandler
                0x08001ebc                TIM1_TRG_COM_IRQHandler
                0x08001ebc                DMA1_Channel1_IRQHandler
                0x08001ebc                Default_Handler
                0x08001ebc                EXTI15_10_IRQHandler
                0x08001ebc                EXTI9_5_IRQHandler
                0x08001ebc                SPI2_IRQHandler
                0x08001ebc                DMA1_Channel5_IRQHandler
                0x08001ebc                EXTI4_IRQHandler
                0x08001ebc                USB_LP_CAN1_RX0_IRQHandler
                0x08001ebc                USB_HP_CAN1_TX_IRQHandler
                0x08001ebc                DMA1_Channel3_IRQHandler
                0x08001ebc                TIM1_UP_IRQHandler
                0x08001ebc                WWDG_IRQHandler
                0x08001ebc                TIM1_BRK_IRQHandler
                0x08001ebc                EXTI1_IRQHandler
                0x08001ebc                I2C2_ER_IRQHandler
                0x08001ebc                DMA1_Channel2_IRQHandler
                0x08001ebc                CAN1_SCE_IRQHandler
                0x08001ebc                FLASH_IRQHandler
                0x08001ebc                USART1_IRQHandler
                0x08001ebc                I2C1_ER_IRQHandler
                0x08001ebc                USBWakeUp_IRQHandler
 *fill*         0x08001ebe        0x2 
 .text.HAL_Init
                0x08001ec0       0x2c ./Drivers/STM32F1xx_HAL_Driver/Src/stm32f1xx_hal.o
                0x08001ec0                HAL_Init
 .text.HAL_InitTick
                0x08001eec       0x60 ./Drivers/STM32F1xx_HAL_Driver/Src/stm32f1xx_hal.o
                0x08001eec                HAL_InitTick
 .text.HAL_IncTick
                0x08001f4c       0x24 ./Drivers/STM32F1xx_HAL_Driver/Src/stm32f1xx_hal.o
                0x08001f4c                HAL_IncTick
 .text.HAL_GetTick
                0x08001f70       0x14 ./Drivers/STM32F1xx_HAL_Driver/Src/stm32f1xx_hal.o
                0x08001f70                HAL_GetTick
 .text.HAL_Delay
                0x08001f84       0x48 ./Drivers/STM32F1xx_HAL_Driver/Src/stm32f1xx_hal.o
                0x08001f84                HAL_Delay
 .text.HAL_SuspendTick
                0x08001fcc       0x1c ./Drivers/STM32F1xx_HAL_Driver/Src/stm32f1xx_hal.o
                0x08001fcc                HAL_SuspendTick
 .text.HAL_ResumeTick
                0x08001fe8       0x1c ./Drivers/STM32F1xx_HAL_Driver/Src/stm32f1xx_hal.o
                0x08001fe8                HAL_ResumeTick
 .text.__NVIC_SetPriorityGrouping
                0x08002004       0x48 ./Drivers/STM32F1xx_HAL_Driver/Src/stm32f1xx_hal_cortex.o
 .text.__NVIC_GetPriorityGrouping
                0x0800204c       0x1c ./Drivers/STM32F1xx_HAL_Driver/Src/stm32f1xx_hal_cortex.o
 .text.__NVIC_EnableIRQ
                0x08002068       0x38 ./Drivers/STM32F1xx_HAL_Driver/Src/stm32f1xx_hal_cortex.o
 .text.__NVIC_SetPriority
                0x080020a0       0x54 ./Drivers/STM32F1xx_HAL_Driver/Src/stm32f1xx_hal_cortex.o
 .text.NVIC_EncodePriority
                0x080020f4       0x64 ./Drivers/STM32F1xx_HAL_Driver/Src/stm32f1xx_hal_cortex.o
 .text.SysTick_Config
                0x08002158       0x44 ./Drivers/STM32F1xx_HAL_Driver/Src/stm32f1xx_hal_cortex.o
 .text.HAL_NVIC_SetPriorityGrouping
                0x0800219c       0x16 ./Drivers/STM32F1xx_HAL_Driver/Src/stm32f1xx_hal_cortex.o
                0x0800219c                HAL_NVIC_SetPriorityGrouping
 .text.HAL_NVIC_SetPriority
                0x080021b2       0x38 ./Drivers/STM32F1xx_HAL_Driver/Src/stm32f1xx_hal_cortex.o
                0x080021b2                HAL_NVIC_SetPriority
 .text.HAL_NVIC_EnableIRQ
                0x080021ea       0x1c ./Drivers/STM32F1xx_HAL_Driver/Src/stm32f1xx_hal_cortex.o
                0x080021ea                HAL_NVIC_EnableIRQ
 .text.HAL_SYSTICK_Config
                0x08002206       0x18 ./Drivers/STM32F1xx_HAL_Driver/Src/stm32f1xx_hal_cortex.o
                0x08002206                HAL_SYSTICK_Config
 .text.HAL_DMA_Abort
                0x0800221e       0x76 ./Drivers/STM32F1xx_HAL_Driver/Src/stm32f1xx_hal_dma.o
                0x0800221e                HAL_DMA_Abort
 .text.HAL_DMA_Abort_IT
                0x08002294       0xf0 ./Drivers/STM32F1xx_HAL_Driver/Src/stm32f1xx_hal_dma.o
                0x08002294                HAL_DMA_Abort_IT
 .text.HAL_GPIO_Init
                0x08002384      0x308 ./Drivers/STM32F1xx_HAL_Driver/Src/stm32f1xx_hal_gpio.o
                0x08002384                HAL_GPIO_Init
 .text.HAL_GPIO_ReadPin
                0x0800268c       0x2e ./Drivers/STM32F1xx_HAL_Driver/Src/stm32f1xx_hal_gpio.o
                0x0800268c                HAL_GPIO_ReadPin
 .text.HAL_GPIO_WritePin
                0x080026ba       0x30 ./Drivers/STM32F1xx_HAL_Driver/Src/stm32f1xx_hal_gpio.o
                0x080026ba                HAL_GPIO_WritePin
 .text.HAL_GPIO_TogglePin
                0x080026ea       0x32 ./Drivers/STM32F1xx_HAL_Driver/Src/stm32f1xx_hal_gpio.o
                0x080026ea                HAL_GPIO_TogglePin
 .text.HAL_I2C_Init
                0x0800271c      0x288 ./Drivers/STM32F1xx_HAL_Driver/Src/stm32f1xx_hal_i2c.o
                0x0800271c                HAL_I2C_Init
 .text.HAL_I2C_Master_Transmit
                0x080029a4      0x1fc ./Drivers/STM32F1xx_HAL_Driver/Src/stm32f1xx_hal_i2c.o
                0x080029a4                HAL_I2C_Master_Transmit
 .text.I2C_MasterRequestWrite
                0x08002ba0      0x104 ./Drivers/STM32F1xx_HAL_Driver/Src/stm32f1xx_hal_i2c.o
 .text.I2C_WaitOnFlagUntilTimeout
                0x08002ca4       0xf4 ./Drivers/STM32F1xx_HAL_Driver/Src/stm32f1xx_hal_i2c.o
 .text.I2C_WaitOnMasterAddressFlagUntilTimeout
                0x08002d98      0x140 ./Drivers/STM32F1xx_HAL_Driver/Src/stm32f1xx_hal_i2c.o
 .text.I2C_WaitOnTXEFlagUntilTimeout
                0x08002ed8       0x90 ./Drivers/STM32F1xx_HAL_Driver/Src/stm32f1xx_hal_i2c.o
 .text.I2C_WaitOnBTFFlagUntilTimeout
                0x08002f68       0x90 ./Drivers/STM32F1xx_HAL_Driver/Src/stm32f1xx_hal_i2c.o
 .text.I2C_IsAcknowledgeFailed
                0x08002ff8       0x5c ./Drivers/STM32F1xx_HAL_Driver/Src/stm32f1xx_hal_i2c.o
 .text.HAL_PWR_EnterSLEEPMode
                0x08003054       0x38 ./Drivers/STM32F1xx_HAL_Driver/Src/stm32f1xx_hal_pwr.o
                0x08003054                HAL_PWR_EnterSLEEPMode
 .text.HAL_RCC_OscConfig
                0x0800308c      0x504 ./Drivers/STM32F1xx_HAL_Driver/Src/stm32f1xx_hal_rcc.o
                0x0800308c                HAL_RCC_OscConfig
 .text.HAL_RCC_ClockConfig
                0x08003590      0x1d4 ./Drivers/STM32F1xx_HAL_Driver/Src/stm32f1xx_hal_rcc.o
                0x08003590                HAL_RCC_ClockConfig
 .text.HAL_RCC_GetSysClockFreq
                0x08003764       0xa8 ./Drivers/STM32F1xx_HAL_Driver/Src/stm32f1xx_hal_rcc.o
                0x08003764                HAL_RCC_GetSysClockFreq
 .text.HAL_RCC_GetHCLKFreq
                0x0800380c       0x14 ./Drivers/STM32F1xx_HAL_Driver/Src/stm32f1xx_hal_rcc.o
                0x0800380c                HAL_RCC_GetHCLKFreq
 .text.HAL_RCC_GetPCLK1Freq
                0x08003820       0x28 ./Drivers/STM32F1xx_HAL_Driver/Src/stm32f1xx_hal_rcc.o
                0x08003820                HAL_RCC_GetPCLK1Freq
 .text.HAL_RCC_GetPCLK2Freq
                0x08003848       0x28 ./Drivers/STM32F1xx_HAL_Driver/Src/stm32f1xx_hal_rcc.o
                0x08003848                HAL_RCC_GetPCLK2Freq
 .text.RCC_Delay
                0x08003870       0x3c ./Drivers/STM32F1xx_HAL_Driver/Src/stm32f1xx_hal_rcc.o
 .text.HAL_SPI_Init
                0x080038ac      0x108 ./Drivers/STM32F1xx_HAL_Driver/Src/stm32f1xx_hal_spi.o
                0x080038ac                HAL_SPI_Init
 .text.HAL_TIM_Base_Init
                0x080039b4       0x9e ./Drivers/STM32F1xx_HAL_Driver/Src/stm32f1xx_hal_tim.o
                0x080039b4                HAL_TIM_Base_Init
 *fill*         0x08003a52        0x2 
 .text.HAL_TIM_Base_Start_IT
                0x08003a54       0xa4 ./Drivers/STM32F1xx_HAL_Driver/Src/stm32f1xx_hal_tim.o
                0x08003a54                HAL_TIM_Base_Start_IT
 .text.HAL_TIM_IRQHandler
                0x08003af8      0x1e0 ./Drivers/STM32F1xx_HAL_Driver/Src/stm32f1xx_hal_tim.o
                0x08003af8                HAL_TIM_IRQHandler
 .text.HAL_TIM_ConfigClockSource
                0x08003cd8      0x18e ./Drivers/STM32F1xx_HAL_Driver/Src/stm32f1xx_hal_tim.o
                0x08003cd8                HAL_TIM_ConfigClockSource
 .text.HAL_TIM_OC_DelayElapsedCallback
                0x08003e66       0x12 ./Drivers/STM32F1xx_HAL_Driver/Src/stm32f1xx_hal_tim.o
                0x08003e66                HAL_TIM_OC_DelayElapsedCallback
 .text.HAL_TIM_IC_CaptureCallback
                0x08003e78       0x12 ./Drivers/STM32F1xx_HAL_Driver/Src/stm32f1xx_hal_tim.o
                0x08003e78                HAL_TIM_IC_CaptureCallback
 .text.HAL_TIM_PWM_PulseFinishedCallback
                0x08003e8a       0x12 ./Drivers/STM32F1xx_HAL_Driver/Src/stm32f1xx_hal_tim.o
                0x08003e8a                HAL_TIM_PWM_PulseFinishedCallback
 .text.HAL_TIM_TriggerCallback
                0x08003e9c       0x12 ./Drivers/STM32F1xx_HAL_Driver/Src/stm32f1xx_hal_tim.o
                0x08003e9c                HAL_TIM_TriggerCallback
 *fill*         0x08003eae        0x2 
 .text.TIM_Base_SetConfig
                0x08003eb0       0xdc ./Drivers/STM32F1xx_HAL_Driver/Src/stm32f1xx_hal_tim.o
                0x08003eb0                TIM_Base_SetConfig
 .text.TIM_TI1_ConfigInputStage
                0x08003f8c       0x5c ./Drivers/STM32F1xx_HAL_Driver/Src/stm32f1xx_hal_tim.o
 .text.TIM_TI2_ConfigInputStage
                0x08003fe8       0x5e ./Drivers/STM32F1xx_HAL_Driver/Src/stm32f1xx_hal_tim.o
 .text.TIM_ITRx_SetConfig
                0x08004046       0x34 ./Drivers/STM32F1xx_HAL_Driver/Src/stm32f1xx_hal_tim.o
 .text.TIM_ETR_SetConfig
                0x0800407a       0x3e ./Drivers/STM32F1xx_HAL_Driver/Src/stm32f1xx_hal_tim.o
                0x0800407a                TIM_ETR_SetConfig
 .text.HAL_TIMEx_MasterConfigSynchronization
                0x080040b8       0xbc ./Drivers/STM32F1xx_HAL_Driver/Src/stm32f1xx_hal_tim_ex.o
                0x080040b8                HAL_TIMEx_MasterConfigSynchronization
 .text.HAL_TIMEx_CommutCallback
                0x08004174       0x12 ./Drivers/STM32F1xx_HAL_Driver/Src/stm32f1xx_hal_tim_ex.o
                0x08004174                HAL_TIMEx_CommutCallback
 .text.HAL_TIMEx_BreakCallback
                0x08004186       0x12 ./Drivers/STM32F1xx_HAL_Driver/Src/stm32f1xx_hal_tim_ex.o
                0x08004186                HAL_TIMEx_BreakCallback
 .text.HAL_UART_Init
                0x08004198       0xa0 ./Drivers/STM32F1xx_HAL_Driver/Src/stm32f1xx_hal_uart.o
                0x08004198                HAL_UART_Init
 .text.HAL_UART_IRQHandler
                0x08004238      0x524 ./Drivers/STM32F1xx_HAL_Driver/Src/stm32f1xx_hal_uart.o
                0x08004238                HAL_UART_IRQHandler
 .text.HAL_UART_TxCpltCallback
                0x0800475c       0x12 ./Drivers/STM32F1xx_HAL_Driver/Src/stm32f1xx_hal_uart.o
                0x0800475c                HAL_UART_TxCpltCallback
 .text.HAL_UART_RxCpltCallback
                0x0800476e       0x12 ./Drivers/STM32F1xx_HAL_Driver/Src/stm32f1xx_hal_uart.o
                0x0800476e                HAL_UART_RxCpltCallback
 .text.HAL_UART_ErrorCallback
                0x08004780       0x12 ./Drivers/STM32F1xx_HAL_Driver/Src/stm32f1xx_hal_uart.o
                0x08004780                HAL_UART_ErrorCallback
 .text.HAL_UARTEx_RxEventCallback
                0x08004792       0x16 ./Drivers/STM32F1xx_HAL_Driver/Src/stm32f1xx_hal_uart.o
                0x08004792                HAL_UARTEx_RxEventCallback
 .text.UART_EndRxTransfer
                0x080047a8       0xc4 ./Drivers/STM32F1xx_HAL_Driver/Src/stm32f1xx_hal_uart.o
 .text.UART_DMAAbortOnError
                0x0800486c       0x28 ./Drivers/STM32F1xx_HAL_Driver/Src/stm32f1xx_hal_uart.o
 .text.UART_Transmit_IT
                0x08004894       0x9e ./Drivers/STM32F1xx_HAL_Driver/Src/stm32f1xx_hal_uart.o
 .text.UART_EndTransmit_IT
                0x08004932       0x30 ./Drivers/STM32F1xx_HAL_Driver/Src/stm32f1xx_hal_uart.o
 .text.UART_Receive_IT
                0x08004962      0x17c ./Drivers/STM32F1xx_HAL_Driver/Src/stm32f1xx_hal_uart.o
 *fill*         0x08004ade        0x2 
 .text.UART_SetConfig
                0x08004ae0      0x11c ./Drivers/STM32F1xx_HAL_Driver/Src/stm32f1xx_hal_uart.o
 .text.sprintf  0x08004bfc       0x44 C:/ST/STM32CubeIDE_1.19.0/STM32CubeIDE/plugins/com.st.stm32cube.ide.mcu.externaltools.gnu-tools-for-stm32.13.3.rel1.win32_1.0.0.202411081344/tools/bin/../lib/gcc/arm-none-eabi/13.3.1/../../../../arm-none-eabi/lib/thumb/v7-m/nofp\libc_nano.a(libc_a-sprintf.o)
                0x08004bfc                siprintf
                0x08004bfc                sprintf
 .text.memset   0x08004c40       0x10 C:/ST/STM32CubeIDE_1.19.0/STM32CubeIDE/plugins/com.st.stm32cube.ide.mcu.externaltools.gnu-tools-for-stm32.13.3.rel1.win32_1.0.0.202411081344/tools/bin/../lib/gcc/arm-none-eabi/13.3.1/../../../../arm-none-eabi/lib/thumb/v7-m/nofp\libc_nano.a(libc_a-memset.o)
                0x08004c40                memset
 .text.__errno  0x08004c50        0xc C:/ST/STM32CubeIDE_1.19.0/STM32CubeIDE/plugins/com.st.stm32cube.ide.mcu.externaltools.gnu-tools-for-stm32.13.3.rel1.win32_1.0.0.202411081344/tools/bin/../lib/gcc/arm-none-eabi/13.3.1/../../../../arm-none-eabi/lib/thumb/v7-m/nofp\libc_nano.a(libc_a-errno.o)
                0x08004c50                __errno
 .text.__libc_init_array
                0x08004c5c       0x48 C:/ST/STM32CubeIDE_1.19.0/STM32CubeIDE/plugins/com.st.stm32cube.ide.mcu.externaltools.gnu-tools-for-stm32.13.3.rel1.win32_1.0.0.202411081344/tools/bin/../lib/gcc/arm-none-eabi/13.3.1/../../../../arm-none-eabi/lib/thumb/v7-m/nofp\libc_nano.a(libc_a-init.o)
                0x08004c5c                __libc_init_array
 .text.__retarget_lock_acquire_recursive
                0x08004ca4        0x2 C:/ST/STM32CubeIDE_1.19.0/STM32CubeIDE/plugins/com.st.stm32cube.ide.mcu.externaltools.gnu-tools-for-stm32.13.3.rel1.win32_1.0.0.202411081344/tools/bin/../lib/gcc/arm-none-eabi/13.3.1/../../../../arm-none-eabi/lib/thumb/v7-m/nofp\libc_nano.a(libc_a-lock.o)
                0x08004ca4                __retarget_lock_acquire_recursive
 .text.__retarget_lock_release_recursive
                0x08004ca6        0x2 C:/ST/STM32CubeIDE_1.19.0/STM32CubeIDE/plugins/com.st.stm32cube.ide.mcu.externaltools.gnu-tools-for-stm32.13.3.rel1.win32_1.0.0.202411081344/tools/bin/../lib/gcc/arm-none-eabi/13.3.1/../../../../arm-none-eabi/lib/thumb/v7-m/nofp\libc_nano.a(libc_a-lock.o)
                0x08004ca6                __retarget_lock_release_recursive
 .text._free_r  0x08004ca8       0x90 C:/ST/STM32CubeIDE_1.19.0/STM32CubeIDE/plugins/com.st.stm32cube.ide.mcu.externaltools.gnu-tools-for-stm32.13.3.rel1.win32_1.0.0.202411081344/tools/bin/../lib/gcc/arm-none-eabi/13.3.1/../../../../arm-none-eabi/lib/thumb/v7-m/nofp\libc_nano.a(libc_a-freer.o)
                0x08004ca8                _free_r
 .text.sbrk_aligned
                0x08004d38       0x44 C:/ST/STM32CubeIDE_1.19.0/STM32CubeIDE/plugins/com.st.stm32cube.ide.mcu.externaltools.gnu-tools-for-stm32.13.3.rel1.win32_1.0.0.202411081344/tools/bin/../lib/gcc/arm-none-eabi/13.3.1/../../../../arm-none-eabi/lib/thumb/v7-m/nofp\libc_nano.a(libc_a-mallocr.o)
 .text._malloc_r
                0x08004d7c      0x100 C:/ST/STM32CubeIDE_1.19.0/STM32CubeIDE/plugins/com.st.stm32cube.ide.mcu.externaltools.gnu-tools-for-stm32.13.3.rel1.win32_1.0.0.202411081344/tools/bin/../lib/gcc/arm-none-eabi/13.3.1/../../../../arm-none-eabi/lib/thumb/v7-m/nofp\libc_nano.a(libc_a-mallocr.o)
                0x08004d7c                _malloc_r
 .text.__malloc_lock
                0x08004e7c        0xc C:/ST/STM32CubeIDE_1.19.0/STM32CubeIDE/plugins/com.st.stm32cube.ide.mcu.externaltools.gnu-tools-for-stm32.13.3.rel1.win32_1.0.0.202411081344/tools/bin/../lib/gcc/arm-none-eabi/13.3.1/../../../../arm-none-eabi/lib/thumb/v7-m/nofp\libc_nano.a(libc_a-mlock.o)
                0x08004e7c                __malloc_lock
 .text.__malloc_unlock
                0x08004e88        0xc C:/ST/STM32CubeIDE_1.19.0/STM32CubeIDE/plugins/com.st.stm32cube.ide.mcu.externaltools.gnu-tools-for-stm32.13.3.rel1.win32_1.0.0.202411081344/tools/bin/../lib/gcc/arm-none-eabi/13.3.1/../../../../arm-none-eabi/lib/thumb/v7-m/nofp\libc_nano.a(libc_a-mlock.o)
                0x08004e88                __malloc_unlock
 .text.__ssputs_r
                0x08004e94       0xb6 C:/ST/STM32CubeIDE_1.19.0/STM32CubeIDE/plugins/com.st.stm32cube.ide.mcu.externaltools.gnu-tools-for-stm32.13.3.rel1.win32_1.0.0.202411081344/tools/bin/../lib/gcc/arm-none-eabi/13.3.1/../../../../arm-none-eabi/lib/thumb/v7-m/nofp\libc_nano.a(libc_a-nano-svfprintf.o)
                0x08004e94                __ssputs_r
 *fill*         0x08004f4a        0x2 
 .text._svfprintf_r
                0x08004f4c      0x1f8 C:/ST/STM32CubeIDE_1.19.0/STM32CubeIDE/plugins/com.st.stm32cube.ide.mcu.externaltools.gnu-tools-for-stm32.13.3.rel1.win32_1.0.0.202411081344/tools/bin/../lib/gcc/arm-none-eabi/13.3.1/../../../../arm-none-eabi/lib/thumb/v7-m/nofp\libc_nano.a(libc_a-nano-svfprintf.o)
                0x08004f4c                _svfiprintf_r
                0x08004f4c                _svfprintf_r
 .text._printf_common
                0x08005144       0xe4 C:/ST/STM32CubeIDE_1.19.0/STM32CubeIDE/plugins/com.st.stm32cube.ide.mcu.externaltools.gnu-tools-for-stm32.13.3.rel1.win32_1.0.0.202411081344/tools/bin/../lib/gcc/arm-none-eabi/13.3.1/../../../../arm-none-eabi/lib/thumb/v7-m/nofp\libc_nano.a(libc_a-nano-vfprintf_i.o)
                0x08005144                _printf_common
 .text._printf_i
                0x08005228      0x23c C:/ST/STM32CubeIDE_1.19.0/STM32CubeIDE/plugins/com.st.stm32cube.ide.mcu.externaltools.gnu-tools-for-stm32.13.3.rel1.win32_1.0.0.202411081344/tools/bin/../lib/gcc/arm-none-eabi/13.3.1/../../../../arm-none-eabi/lib/thumb/v7-m/nofp\libc_nano.a(libc_a-nano-vfprintf_i.o)
                0x08005228                _printf_i
 .text.memmove  0x08005464       0x34 C:/ST/STM32CubeIDE_1.19.0/STM32CubeIDE/plugins/com.st.stm32cube.ide.mcu.externaltools.gnu-tools-for-stm32.13.3.rel1.win32_1.0.0.202411081344/tools/bin/../lib/gcc/arm-none-eabi/13.3.1/../../../../arm-none-eabi/lib/thumb/v7-m/nofp\libc_nano.a(libc_a-memmove.o)
                0x08005464                memmove
 .text._sbrk_r  0x08005498       0x20 C:/ST/STM32CubeIDE_1.19.0/STM32CubeIDE/plugins/com.st.stm32cube.ide.mcu.externaltools.gnu-tools-for-stm32.13.3.rel1.win32_1.0.0.202411081344/tools/bin/../lib/gcc/arm-none-eabi/13.3.1/../../../../arm-none-eabi/lib/thumb/v7-m/nofp\libc_nano.a(libc_a-sbrkr.o)
                0x08005498                _sbrk_r
 .text.memchr   0x080054b8       0x1c C:/ST/STM32CubeIDE_1.19.0/STM32CubeIDE/plugins/com.st.stm32cube.ide.mcu.externaltools.gnu-tools-for-stm32.13.3.rel1.win32_1.0.0.202411081344/tools/bin/../lib/gcc/arm-none-eabi/13.3.1/../../../../arm-none-eabi/lib/thumb/v7-m/nofp\libc_nano.a(libc_a-memchr-stub.o)
                0x080054b8                memchr
 .text.memcpy   0x080054d4       0x1c C:/ST/STM32CubeIDE_1.19.0/STM32CubeIDE/plugins/com.st.stm32cube.ide.mcu.externaltools.gnu-tools-for-stm32.13.3.rel1.win32_1.0.0.202411081344/tools/bin/../lib/gcc/arm-none-eabi/13.3.1/../../../../arm-none-eabi/lib/thumb/v7-m/nofp\libc_nano.a(libc_a-memcpy-stub.o)
                0x080054d4                memcpy
 .text._realloc_r
                0x080054f0       0x5c C:/ST/STM32CubeIDE_1.19.0/STM32CubeIDE/plugins/com.st.stm32cube.ide.mcu.externaltools.gnu-tools-for-stm32.13.3.rel1.win32_1.0.0.202411081344/tools/bin/../lib/gcc/arm-none-eabi/13.3.1/../../../../arm-none-eabi/lib/thumb/v7-m/nofp\libc_nano.a(libc_a-reallocr.o)
                0x080054f0                _realloc_r
 .text._malloc_usable_size_r
                0x0800554c       0x10 C:/ST/STM32CubeIDE_1.19.0/STM32CubeIDE/plugins/com.st.stm32cube.ide.mcu.externaltools.gnu-tools-for-stm32.13.3.rel1.win32_1.0.0.202411081344/tools/bin/../lib/gcc/arm-none-eabi/13.3.1/../../../../arm-none-eabi/lib/thumb/v7-m/nofp\libc_nano.a(libc_a-msizer.o)
                0x0800554c                _malloc_usable_size_r
 *(.glue_7)
 .glue_7        0x0800555c        0x0 linker stubs
 *(.glue_7t)
 .glue_7t       0x0800555c        0x0 linker stubs
 *(.eh_frame)
 .eh_frame      0x0800555c        0x0 C:/ST/STM32CubeIDE_1.19.0/STM32CubeIDE/plugins/com.st.stm32cube.ide.mcu.externaltools.gnu-tools-for-stm32.13.3.rel1.win32_1.0.0.202411081344/tools/bin/../lib/gcc/arm-none-eabi/13.3.1/thumb/v7-m/nofp/crtbegin.o
 *(.init)
 .init          0x0800555c        0x4 C:/ST/STM32CubeIDE_1.19.0/STM32CubeIDE/plugins/com.st.stm32cube.ide.mcu.externaltools.gnu-tools-for-stm32.13.3.rel1.win32_1.0.0.202411081344/tools/bin/../lib/gcc/arm-none-eabi/13.3.1/thumb/v7-m/nofp/crti.o
                0x0800555c                _init
 .init          0x08005560        0x8 C:/ST/STM32CubeIDE_1.19.0/STM32CubeIDE/plugins/com.st.stm32cube.ide.mcu.externaltools.gnu-tools-for-stm32.13.3.rel1.win32_1.0.0.202411081344/tools/bin/../lib/gcc/arm-none-eabi/13.3.1/thumb/v7-m/nofp/crtn.o
 *(.fini)
 .fini          0x08005568        0x4 C:/ST/STM32CubeIDE_1.19.0/STM32CubeIDE/plugins/com.st.stm32cube.ide.mcu.externaltools.gnu-tools-for-stm32.13.3.rel1.win32_1.0.0.202411081344/tools/bin/../lib/gcc/arm-none-eabi/13.3.1/thumb/v7-m/nofp/crti.o
                0x08005568                _fini
 .fini          0x0800556c        0x8 C:/ST/STM32CubeIDE_1.19.0/STM32CubeIDE/plugins/com.st.stm32cube.ide.mcu.externaltools.gnu-tools-for-stm32.13.3.rel1.win32_1.0.0.202411081344/tools/bin/../lib/gcc/arm-none-eabi/13.3.1/thumb/v7-m/nofp/crtn.o
                0x08005574                        . = ALIGN (0x4)
                0x08005574                        _etext = .

.vfp11_veneer   0x08005574        0x0
 .vfp11_veneer  0x08005574        0x0 linker stubs

.v4_bx          0x08005574        0x0
 .v4_bx         0x08005574        0x0 linker stubs

.iplt           0x08005574        0x0
 .iplt          0x08005574        0x0 C:/ST/STM32CubeIDE_1.19.0/STM32CubeIDE/plugins/com.st.stm32cube.ide.mcu.externaltools.gnu-tools-for-stm32.13.3.rel1.win32_1.0.0.202411081344/tools/bin/../lib/gcc/arm-none-eabi/13.3.1/thumb/v7-m/nofp/crtbegin.o

.rodata         0x08005574      0x108
                0x08005574                        . = ALIGN (0x4)
 *(.rodata)
 .rodata        0x08005574       0x4e ./Core/Src/i2c_lcd.o
 *fill*         0x080055c2        0x2 
 .rodata        0x080055c4       0x56 ./Core/Src/traffic_light.o
 *(.rodata*)
 *fill*         0x0800561a        0x2 
 .rodata.AHBPrescTable
                0x0800561c       0x10 ./Core/Src/system_stm32f1xx.o
                0x0800561c                AHBPrescTable
 .rodata.APBPrescTable
                0x0800562c        0x8 ./Core/Src/system_stm32f1xx.o
                0x0800562c                APBPrescTable
 .rodata.aPLLMULFactorTable.1
                0x08005634       0x10 ./Drivers/STM32F1xx_HAL_Driver/Src/stm32f1xx_hal_rcc.o
 .rodata.aPredivFactorTable.0
                0x08005644        0x2 ./Drivers/STM32F1xx_HAL_Driver/Src/stm32f1xx_hal_rcc.o
 .rodata._svfprintf_r.str1.1
                0x08005646       0x33 C:/ST/STM32CubeIDE_1.19.0/STM32CubeIDE/plugins/com.st.stm32cube.ide.mcu.externaltools.gnu-tools-for-stm32.13.3.rel1.win32_1.0.0.202411081344/tools/bin/../lib/gcc/arm-none-eabi/13.3.1/../../../../arm-none-eabi/lib/thumb/v7-m/nofp\libc_nano.a(libc_a-nano-svfprintf.o)
                                 0x11 (size before relaxing)
 .rodata._printf_i.str1.1
                0x08005679       0x22 C:/ST/STM32CubeIDE_1.19.0/STM32CubeIDE/plugins/com.st.stm32cube.ide.mcu.externaltools.gnu-tools-for-stm32.13.3.rel1.win32_1.0.0.202411081344/tools/bin/../lib/gcc/arm-none-eabi/13.3.1/../../../../arm-none-eabi/lib/thumb/v7-m/nofp\libc_nano.a(libc_a-nano-vfprintf_i.o)
                0x0800569c                        . = ALIGN (0x4)
 *fill*         0x08005679        0x3 

.rel.dyn        0x0800567c        0x0
 .rel.iplt      0x0800567c        0x0 C:/ST/STM32CubeIDE_1.19.0/STM32CubeIDE/plugins/com.st.stm32cube.ide.mcu.externaltools.gnu-tools-for-stm32.13.3.rel1.win32_1.0.0.202411081344/tools/bin/../lib/gcc/arm-none-eabi/13.3.1/thumb/v7-m/nofp/crtbegin.o

.ARM.extab      0x0800567c        0x0
                0x0800567c                        . = ALIGN (0x4)
 *(.ARM.extab* .gnu.linkonce.armextab.*)
                0x0800567c                        . = ALIGN (0x4)

.ARM            0x0800567c        0x0
                0x0800567c                        . = ALIGN (0x4)
                0x0800567c                        __exidx_start = .
 *(.ARM.exidx*)
                0x0800567c                        __exidx_end = .
                0x0800567c                        . = ALIGN (0x4)

.preinit_array  0x0800567c        0x0
                0x0800567c                        . = ALIGN (0x4)
                0x0800567c                        PROVIDE (__preinit_array_start = .)
 *(.preinit_array*)
                0x0800567c                        PROVIDE (__preinit_array_end = .)
                0x0800567c                        . = ALIGN (0x4)

.init_array     0x0800567c        0x4
                0x0800567c                        . = ALIGN (0x4)
                0x0800567c                        PROVIDE (__init_array_start = .)
 *(SORT_BY_NAME(.init_array.*))
 *(.init_array*)
 .init_array    0x0800567c        0x4 C:/ST/STM32CubeIDE_1.19.0/STM32CubeIDE/plugins/com.st.stm32cube.ide.mcu.externaltools.gnu-tools-for-stm32.13.3.rel1.win32_1.0.0.202411081344/tools/bin/../lib/gcc/arm-none-eabi/13.3.1/thumb/v7-m/nofp/crtbegin.o
                0x08005680                        PROVIDE (__init_array_end = .)
                0x08005680                        . = ALIGN (0x4)

.fini_array     0x08005680        0x4
                0x08005680                        . = ALIGN (0x4)
                [!provide]                        PROVIDE (__fini_array_start = .)
 *(SORT_BY_NAME(.fini_array.*))
 *(.fini_array*)
 .fini_array    0x08005680        0x4 C:/ST/STM32CubeIDE_1.19.0/STM32CubeIDE/plugins/com.st.stm32cube.ide.mcu.externaltools.gnu-tools-for-stm32.13.3.rel1.win32_1.0.0.202411081344/tools/bin/../lib/gcc/arm-none-eabi/13.3.1/thumb/v7-m/nofp/crtbegin.o
                [!provide]                        PROVIDE (__fini_array_end = .)
                0x08005684                        . = ALIGN (0x4)
                0x08005684                        _sidata = LOADADDR (.data)

.data           0x20000000       0xe4 load address 0x08005684
                0x20000000                        . = ALIGN (0x4)
                0x20000000                        _sdata = .
 *(.data)
 *(.data*)
 .data.button0  0x20000000       0x24 ./Core/Src/buttons.o
                0x20000000                button0
 .data.button1  0x20000024       0x24 ./Core/Src/buttons.o
                0x20000024                button1
 .data.button2  0x20000048       0x24 ./Core/Src/buttons.o
                0x20000048                button2
 .data.red_time
                0x2000006c        0x4 ./Core/Src/global.o
                0x2000006c                red_time
 .data.amber_time
                0x20000070        0x4 ./Core/Src/global.o
                0x20000070                amber_time
 .data.green_time
                0x20000074        0x4 ./Core/Src/global.o
                0x20000074                green_time
 .data.red_temp_time
                0x20000078        0x4 ./Core/Src/global.o
                0x20000078                red_temp_time
 .data.amber_temp_time
                0x2000007c        0x4 ./Core/Src/global.o
                0x2000007c                amber_temp_time
 .data.green_temp_time
                0x20000080        0x4 ./Core/Src/global.o
                0x20000080                green_temp_time
 .data.head     0x20000084        0x4 ./Core/Src/scheduler.o
                0x20000084                head
 .data.SystemCoreClock
                0x20000088        0x4 ./Core/Src/system_stm32f1xx.o
                0x20000088                SystemCoreClock
 .data.uwTickPrio
                0x2000008c        0x4 ./Drivers/STM32F1xx_HAL_Driver/Src/stm32f1xx_hal.o
                0x2000008c                uwTickPrio
 .data.uwTickFreq
                0x20000090        0x1 ./Drivers/STM32F1xx_HAL_Driver/Src/stm32f1xx_hal.o
                0x20000090                uwTickFreq
 *fill*         0x20000091        0x3 
 .data._impure_ptr
                0x20000094        0x4 C:/ST/STM32CubeIDE_1.19.0/STM32CubeIDE/plugins/com.st.stm32cube.ide.mcu.externaltools.gnu-tools-for-stm32.13.3.rel1.win32_1.0.0.202411081344/tools/bin/../lib/gcc/arm-none-eabi/13.3.1/../../../../arm-none-eabi/lib/thumb/v7-m/nofp\libc_nano.a(libc_a-impure.o)
                0x20000094                _impure_ptr
 .data._impure_data
                0x20000098       0x4c C:/ST/STM32CubeIDE_1.19.0/STM32CubeIDE/plugins/com.st.stm32cube.ide.mcu.externaltools.gnu-tools-for-stm32.13.3.rel1.win32_1.0.0.202411081344/tools/bin/../lib/gcc/arm-none-eabi/13.3.1/../../../../arm-none-eabi/lib/thumb/v7-m/nofp\libc_nano.a(libc_a-impure.o)
                0x20000098                _impure_data
 *(.RamFunc)
 *(.RamFunc*)
                0x200000e4                        . = ALIGN (0x4)
                0x200000e4                        _edata = .

.igot.plt       0x200000e4        0x0 load address 0x08005768
 .igot.plt      0x200000e4        0x0 C:/ST/STM32CubeIDE_1.19.0/STM32CubeIDE/plugins/com.st.stm32cube.ide.mcu.externaltools.gnu-tools-for-stm32.13.3.rel1.win32_1.0.0.202411081344/tools/bin/../lib/gcc/arm-none-eabi/13.3.1/thumb/v7-m/nofp/crtbegin.o
                0x200000e4                        . = ALIGN (0x4)

.bss            0x200000e4      0x6cc load address 0x08005768
                0x200000e4                        _sbss = .
                0x200000e4                        __bss_start__ = _sbss
 *(.bss)
 .bss           0x200000e4       0x1c C:/ST/STM32CubeIDE_1.19.0/STM32CubeIDE/plugins/com.st.stm32cube.ide.mcu.externaltools.gnu-tools-for-stm32.13.3.rel1.win32_1.0.0.202411081344/tools/bin/../lib/gcc/arm-none-eabi/13.3.1/thumb/v7-m/nofp/crtbegin.o
 *(.bss*)
 .bss.counter_way0
                0x20000100        0x4 ./Core/Src/global.o
                0x20000100                counter_way0
 .bss.counter_way1
                0x20000104        0x4 ./Core/Src/global.o
                0x20000104                counter_way1
 .bss.hi2c1     0x20000108       0x54 ./Core/Src/main.o
                0x20000108                hi2c1
 .bss.hspi2     0x2000015c       0x58 ./Core/Src/main.o
                0x2000015c                hspi2
 .bss.htim2     0x200001b4       0x48 ./Core/Src/main.o
                0x200001b4                htim2
 .bss.huart2    0x200001fc       0x48 ./Core/Src/main.o
                0x200001fc                huart2
 .bss.SCH_task_G
                0x20000244      0x3c0 ./Core/Src/scheduler.o
                0x20000244                SCH_task_G
 .bss.freeHead  0x20000604        0x4 ./Core/Src/scheduler.o
                0x20000604                freeHead
 .bss.Error_code_G
                0x20000608        0x4 ./Core/Src/scheduler.o
                0x20000608                Error_code_G
 .bss.timer_counter
                0x2000060c       0x28 ./Core/Src/software_timer.o
                0x2000060c                timer_counter
 .bss.timer_flag
                0x20000634       0x28 ./Core/Src/software_timer.o
                0x20000634                timer_flag
 .bss.__sbrk_heap_end
                0x2000065c        0x4 ./Core/Src/sysmem.o
 .bss.TRAFFIC_LIGHT_STATE
                0x20000660        0x1 ./Core/Src/traffic_light.o
                0x20000660                TRAFFIC_LIGHT_STATE
 *fill*         0x20000661        0x3 
 .bss.uwTick    0x20000664        0x4 ./Drivers/STM32F1xx_HAL_Driver/Src/stm32f1xx_hal.o
                0x20000664                uwTick
 .bss.__sf      0x20000668      0x138 C:/ST/STM32CubeIDE_1.19.0/STM32CubeIDE/plugins/com.st.stm32cube.ide.mcu.externaltools.gnu-tools-for-stm32.13.3.rel1.win32_1.0.0.202411081344/tools/bin/../lib/gcc/arm-none-eabi/13.3.1/../../../../arm-none-eabi/lib/thumb/v7-m/nofp\libc_nano.a(libc_a-findfp.o)
                0x20000668                __sf
 .bss.errno     0x200007a0        0x4 C:/ST/STM32CubeIDE_1.19.0/STM32CubeIDE/plugins/com.st.stm32cube.ide.mcu.externaltools.gnu-tools-for-stm32.13.3.rel1.win32_1.0.0.202411081344/tools/bin/../lib/gcc/arm-none-eabi/13.3.1/../../../../arm-none-eabi/lib/thumb/v7-m/nofp\libc_nano.a(libc_a-reent.o)
                0x200007a0                errno
 .bss.__lock___malloc_recursive_mutex
                0x200007a4        0x1 C:/ST/STM32CubeIDE_1.19.0/STM32CubeIDE/plugins/com.st.stm32cube.ide.mcu.externaltools.gnu-tools-for-stm32.13.3.rel1.win32_1.0.0.202411081344/tools/bin/../lib/gcc/arm-none-eabi/13.3.1/../../../../arm-none-eabi/lib/thumb/v7-m/nofp\libc_nano.a(libc_a-lock.o)
                0x200007a4                __lock___malloc_recursive_mutex
 *fill*         0x200007a5        0x3 
 .bss.__malloc_sbrk_start
                0x200007a8        0x4 C:/ST/STM32CubeIDE_1.19.0/STM32CubeIDE/plugins/com.st.stm32cube.ide.mcu.externaltools.gnu-tools-for-stm32.13.3.rel1.win32_1.0.0.202411081344/tools/bin/../lib/gcc/arm-none-eabi/13.3.1/../../../../arm-none-eabi/lib/thumb/v7-m/nofp\libc_nano.a(libc_a-mallocr.o)
                0x200007a8                __malloc_sbrk_start
 .bss.__malloc_free_list
                0x200007ac        0x4 C:/ST/STM32CubeIDE_1.19.0/STM32CubeIDE/plugins/com.st.stm32cube.ide.mcu.externaltools.gnu-tools-for-stm32.13.3.rel1.win32_1.0.0.202411081344/tools/bin/../lib/gcc/arm-none-eabi/13.3.1/../../../../arm-none-eabi/lib/thumb/v7-m/nofp\libc_nano.a(libc_a-mallocr.o)
                0x200007ac                __malloc_free_list
 *(COMMON)
                0x200007b0                        . = ALIGN (0x4)
                0x200007b0                        _ebss = .
                0x200007b0                        __bss_end__ = _ebss

._user_heap_stack
                0x200007b0      0x600 load address 0x08005768
                0x200007b0                        . = ALIGN (0x8)
                [!provide]                        PROVIDE (end = .)
                0x200007b0                        PROVIDE (_end = .)
                0x200009b0                        . = (. + _Min_Heap_Size)
 *fill*         0x200007b0      0x200 
                0x20000db0                        . = (. + _Min_Stack_Size)
 *fill*         0x200009b0      0x400 
                0x20000db0                        . = ALIGN (0x8)

/DISCARD/
 libc.a(*)
 libm.a(*)
 libgcc.a(*)

.ARM.attributes
                0x00000000       0x29
 *(.ARM.attributes)
 .ARM.attributes
                0x00000000       0x1d C:/ST/STM32CubeIDE_1.19.0/STM32CubeIDE/plugins/com.st.stm32cube.ide.mcu.externaltools.gnu-tools-for-stm32.13.3.rel1.win32_1.0.0.202411081344/tools/bin/../lib/gcc/arm-none-eabi/13.3.1/thumb/v7-m/nofp/crti.o
 .ARM.attributes
                0x0000001d       0x2d C:/ST/STM32CubeIDE_1.19.0/STM32CubeIDE/plugins/com.st.stm32cube.ide.mcu.externaltools.gnu-tools-for-stm32.13.3.rel1.win32_1.0.0.202411081344/tools/bin/../lib/gcc/arm-none-eabi/13.3.1/thumb/v7-m/nofp/crtbegin.o
 .ARM.attributes
                0x0000004a       0x2d ./Core/Src/buttons.o
 .ARM.attributes
                0x00000077       0x2d ./Core/Src/global.o
 .ARM.attributes
                0x000000a4       0x2d ./Core/Src/i2c_lcd.o
 .ARM.attributes
                0x000000d1       0x2d ./Core/Src/main.o
 .ARM.attributes
                0x000000fe       0x2d ./Core/Src/scheduler.o
 .ARM.attributes
                0x0000012b       0x2d ./Core/Src/software_timer.o
 .ARM.attributes
                0x00000158       0x2d ./Core/Src/stm32f1xx_hal_msp.o
 .ARM.attributes
                0x00000185       0x2d ./Core/Src/stm32f1xx_it.o
 .ARM.attributes
                0x000001b2       0x2d ./Core/Src/sysmem.o
 .ARM.attributes
                0x000001df       0x2d ./Core/Src/system_stm32f1xx.o
 .ARM.attributes
                0x0000020c       0x2d ./Core/Src/tasks.o
 .ARM.attributes
                0x00000239       0x2d ./Core/Src/traffic_light.o
 .ARM.attributes
                0x00000266       0x21 ./Core/Startup/startup_stm32f103rbtx.o
 .ARM.attributes
                0x00000287       0x2d ./Drivers/STM32F1xx_HAL_Driver/Src/stm32f1xx_hal.o
 .ARM.attributes
                0x000002b4       0x2d ./Drivers/STM32F1xx_HAL_Driver/Src/stm32f1xx_hal_cortex.o
 .ARM.attributes
                0x000002e1       0x2d ./Drivers/STM32F1xx_HAL_Driver/Src/stm32f1xx_hal_dma.o
 .ARM.attributes
                0x0000030e       0x2d ./Drivers/STM32F1xx_HAL_Driver/Src/stm32f1xx_hal_gpio.o
 .ARM.attributes
                0x0000033b       0x2d ./Drivers/STM32F1xx_HAL_Driver/Src/stm32f1xx_hal_i2c.o
 .ARM.attributes
                0x00000368       0x2d ./Drivers/STM32F1xx_HAL_Driver/Src/stm32f1xx_hal_pwr.o
 .ARM.attributes
                0x00000395       0x2d ./Drivers/STM32F1xx_HAL_Driver/Src/stm32f1xx_hal_rcc.o
 .ARM.attributes
                0x000003c2       0x2d ./Drivers/STM32F1xx_HAL_Driver/Src/stm32f1xx_hal_spi.o
 .ARM.attributes
                0x000003ef       0x2d ./Drivers/STM32F1xx_HAL_Driver/Src/stm32f1xx_hal_tim.o
 .ARM.attributes
                0x0000041c       0x2d ./Drivers/STM32F1xx_HAL_Driver/Src/stm32f1xx_hal_tim_ex.o
 .ARM.attributes
                0x00000449       0x2d ./Drivers/STM32F1xx_HAL_Driver/Src/stm32f1xx_hal_uart.o
 .ARM.attributes
                0x00000476       0x2d C:/ST/STM32CubeIDE_1.19.0/STM32CubeIDE/plugins/com.st.stm32cube.ide.mcu.externaltools.gnu-tools-for-stm32.13.3.rel1.win32_1.0.0.202411081344/tools/bin/../lib/gcc/arm-none-eabi/13.3.1/../../../../arm-none-eabi/lib/thumb/v7-m/nofp\libc_nano.a(libc_a-findfp.o)
 .ARM.attributes
                0x000004a3       0x2d C:/ST/STM32CubeIDE_1.19.0/STM32CubeIDE/plugins/com.st.stm32cube.ide.mcu.externaltools.gnu-tools-for-stm32.13.3.rel1.win32_1.0.0.202411081344/tools/bin/../lib/gcc/arm-none-eabi/13.3.1/../../../../arm-none-eabi/lib/thumb/v7-m/nofp\libc_nano.a(libc_a-sprintf.o)
 .ARM.attributes
                0x000004d0       0x2d C:/ST/STM32CubeIDE_1.19.0/STM32CubeIDE/plugins/com.st.stm32cube.ide.mcu.externaltools.gnu-tools-for-stm32.13.3.rel1.win32_1.0.0.202411081344/tools/bin/../lib/gcc/arm-none-eabi/13.3.1/../../../../arm-none-eabi/lib/thumb/v7-m/nofp\libc_nano.a(libc_a-memset.o)
 .ARM.attributes
                0x000004fd       0x2d C:/ST/STM32CubeIDE_1.19.0/STM32CubeIDE/plugins/com.st.stm32cube.ide.mcu.externaltools.gnu-tools-for-stm32.13.3.rel1.win32_1.0.0.202411081344/tools/bin/../lib/gcc/arm-none-eabi/13.3.1/../../../../arm-none-eabi/lib/thumb/v7-m/nofp\libc_nano.a(libc_a-reent.o)
 .ARM.attributes
                0x0000052a       0x2d C:/ST/STM32CubeIDE_1.19.0/STM32CubeIDE/plugins/com.st.stm32cube.ide.mcu.externaltools.gnu-tools-for-stm32.13.3.rel1.win32_1.0.0.202411081344/tools/bin/../lib/gcc/arm-none-eabi/13.3.1/../../../../arm-none-eabi/lib/thumb/v7-m/nofp\libc_nano.a(libc_a-impure.o)
 .ARM.attributes
                0x00000557       0x2d C:/ST/STM32CubeIDE_1.19.0/STM32CubeIDE/plugins/com.st.stm32cube.ide.mcu.externaltools.gnu-tools-for-stm32.13.3.rel1.win32_1.0.0.202411081344/tools/bin/../lib/gcc/arm-none-eabi/13.3.1/../../../../arm-none-eabi/lib/thumb/v7-m/nofp\libc_nano.a(libc_a-errno.o)
 .ARM.attributes
                0x00000584       0x2d C:/ST/STM32CubeIDE_1.19.0/STM32CubeIDE/plugins/com.st.stm32cube.ide.mcu.externaltools.gnu-tools-for-stm32.13.3.rel1.win32_1.0.0.202411081344/tools/bin/../lib/gcc/arm-none-eabi/13.3.1/../../../../arm-none-eabi/lib/thumb/v7-m/nofp\libc_nano.a(libc_a-init.o)
 .ARM.attributes
                0x000005b1       0x2d C:/ST/STM32CubeIDE_1.19.0/STM32CubeIDE/plugins/com.st.stm32cube.ide.mcu.externaltools.gnu-tools-for-stm32.13.3.rel1.win32_1.0.0.202411081344/tools/bin/../lib/gcc/arm-none-eabi/13.3.1/../../../../arm-none-eabi/lib/thumb/v7-m/nofp\libc_nano.a(libc_a-lock.o)
 .ARM.attributes
                0x000005de       0x2d C:/ST/STM32CubeIDE_1.19.0/STM32CubeIDE/plugins/com.st.stm32cube.ide.mcu.externaltools.gnu-tools-for-stm32.13.3.rel1.win32_1.0.0.202411081344/tools/bin/../lib/gcc/arm-none-eabi/13.3.1/../../../../arm-none-eabi/lib/thumb/v7-m/nofp\libc_nano.a(libc_a-freer.o)
 .ARM.attributes
                0x0000060b       0x2d C:/ST/STM32CubeIDE_1.19.0/STM32CubeIDE/plugins/com.st.stm32cube.ide.mcu.externaltools.gnu-tools-for-stm32.13.3.rel1.win32_1.0.0.202411081344/tools/bin/../lib/gcc/arm-none-eabi/13.3.1/../../../../arm-none-eabi/lib/thumb/v7-m/nofp\libc_nano.a(libc_a-mallocr.o)
 .ARM.attributes
                0x00000638       0x2d C:/ST/STM32CubeIDE_1.19.0/STM32CubeIDE/plugins/com.st.stm32cube.ide.mcu.externaltools.gnu-tools-for-stm32.13.3.rel1.win32_1.0.0.202411081344/tools/bin/../lib/gcc/arm-none-eabi/13.3.1/../../../../arm-none-eabi/lib/thumb/v7-m/nofp\libc_nano.a(libc_a-mlock.o)
 .ARM.attributes
                0x00000665       0x2d C:/ST/STM32CubeIDE_1.19.0/STM32CubeIDE/plugins/com.st.stm32cube.ide.mcu.externaltools.gnu-tools-for-stm32.13.3.rel1.win32_1.0.0.202411081344/tools/bin/../lib/gcc/arm-none-eabi/13.3.1/../../../../arm-none-eabi/lib/thumb/v7-m/nofp\libc_nano.a(libc_a-nano-svfprintf.o)
 .ARM.attributes
                0x00000692       0x2d C:/ST/STM32CubeIDE_1.19.0/STM32CubeIDE/plugins/com.st.stm32cube.ide.mcu.externaltools.gnu-tools-for-stm32.13.3.rel1.win32_1.0.0.202411081344/tools/bin/../lib/gcc/arm-none-eabi/13.3.1/../../../../arm-none-eabi/lib/thumb/v7-m/nofp\libc_nano.a(libc_a-nano-vfprintf_i.o)
 .ARM.attributes
                0x000006bf       0x2d C:/ST/STM32CubeIDE_1.19.0/STM32CubeIDE/plugins/com.st.stm32cube.ide.mcu.externaltools.gnu-tools-for-stm32.13.3.rel1.win32_1.0.0.202411081344/tools/bin/../lib/gcc/arm-none-eabi/13.3.1/../../../../arm-none-eabi/lib/thumb/v7-m/nofp\libc_nano.a(libc_a-memmove.o)
 .ARM.attributes
                0x000006ec       0x2d C:/ST/STM32CubeIDE_1.19.0/STM32CubeIDE/plugins/com.st.stm32cube.ide.mcu.externaltools.gnu-tools-for-stm32.13.3.rel1.win32_1.0.0.202411081344/tools/bin/../lib/gcc/arm-none-eabi/13.3.1/../../../../arm-none-eabi/lib/thumb/v7-m/nofp\libc_nano.a(libc_a-sbrkr.o)
 .ARM.attributes
                0x00000719       0x2d C:/ST/STM32CubeIDE_1.19.0/STM32CubeIDE/plugins/com.st.stm32cube.ide.mcu.externaltools.gnu-tools-for-stm32.13.3.rel1.win32_1.0.0.202411081344/tools/bin/../lib/gcc/arm-none-eabi/13.3.1/../../../../arm-none-eabi/lib/thumb/v7-m/nofp\libc_nano.a(libc_a-memchr-stub.o)
 .ARM.attributes
                0x00000746       0x2d C:/ST/STM32CubeIDE_1.19.0/STM32CubeIDE/plugins/com.st.stm32cube.ide.mcu.externaltools.gnu-tools-for-stm32.13.3.rel1.win32_1.0.0.202411081344/tools/bin/../lib/gcc/arm-none-eabi/13.3.1/../../../../arm-none-eabi/lib/thumb/v7-m/nofp\libc_nano.a(libc_a-memcpy-stub.o)
 .ARM.attributes
                0x00000773       0x2d C:/ST/STM32CubeIDE_1.19.0/STM32CubeIDE/plugins/com.st.stm32cube.ide.mcu.externaltools.gnu-tools-for-stm32.13.3.rel1.win32_1.0.0.202411081344/tools/bin/../lib/gcc/arm-none-eabi/13.3.1/../../../../arm-none-eabi/lib/thumb/v7-m/nofp\libc_nano.a(libc_a-reallocr.o)
 .ARM.attributes
                0x000007a0       0x2d C:/ST/STM32CubeIDE_1.19.0/STM32CubeIDE/plugins/com.st.stm32cube.ide.mcu.externaltools.gnu-tools-for-stm32.13.3.rel1.win32_1.0.0.202411081344/tools/bin/../lib/gcc/arm-none-eabi/13.3.1/../../../../arm-none-eabi/lib/thumb/v7-m/nofp\libc_nano.a(libc_a-msizer.o)
 .ARM.attributes
                0x000007cd       0x1d C:/ST/STM32CubeIDE_1.19.0/STM32CubeIDE/plugins/com.st.stm32cube.ide.mcu.externaltools.gnu-tools-for-stm32.13.3.rel1.win32_1.0.0.202411081344/tools/bin/../lib/gcc/arm-none-eabi/13.3.1/thumb/v7-m/nofp/crtn.o
OUTPUT(Final_Project_MCU.elf elf32-littlearm)
LOAD linker stubs
LOAD C:/ST/STM32CubeIDE_1.19.0/STM32CubeIDE/plugins/com.st.stm32cube.ide.mcu.externaltools.gnu-tools-for-stm32.13.3.rel1.win32_1.0.0.202411081344/tools/bin/../lib/gcc/arm-none-eabi/13.3.1/../../../../arm-none-eabi/lib/thumb/v7-m/nofp\libc.a
LOAD C:/ST/STM32CubeIDE_1.19.0/STM32CubeIDE/plugins/com.st.stm32cube.ide.mcu.externaltools.gnu-tools-for-stm32.13.3.rel1.win32_1.0.0.202411081344/tools/bin/../lib/gcc/arm-none-eabi/13.3.1/../../../../arm-none-eabi/lib/thumb/v7-m/nofp\libm.a
LOAD C:/ST/STM32CubeIDE_1.19.0/STM32CubeIDE/plugins/com.st.stm32cube.ide.mcu.externaltools.gnu-tools-for-stm32.13.3.rel1.win32_1.0.0.202411081344/tools/bin/../lib/gcc/arm-none-eabi/13.3.1/thumb/v7-m/nofp\libgcc.a

.debug_info     0x00000000    0x11fd1
 .debug_info    0x00000000      0x2a9 ./Core/Src/buttons.o
 .debug_info    0x000002a9      0x127 ./Core/Src/global.o
 .debug_info    0x000003d0      0x844 ./Core/Src/i2c_lcd.o
 .debug_info    0x00000c14     0x141b ./Core/Src/main.o
 .debug_info    0x0000202f      0x3fd ./Core/Src/scheduler.o
 .debug_info    0x0000242c      0x141 ./Core/Src/software_timer.o
 .debug_info    0x0000256d     0x1366 ./Core/Src/stm32f1xx_hal_msp.o
 .debug_info    0x000038d3      0x955 ./Core/Src/stm32f1xx_it.o
 .debug_info    0x00004228      0x168 ./Core/Src/sysmem.o
 .debug_info    0x00004390      0x222 ./Core/Src/system_stm32f1xx.o
 .debug_info    0x000045b2      0x216 ./Core/Src/tasks.o
 .debug_info    0x000047c8      0x5a2 ./Core/Src/traffic_light.o
 .debug_info    0x00004d6a       0x30 ./Core/Startup/startup_stm32f103rbtx.o
 .debug_info    0x00004d9a      0x704 ./Drivers/STM32F1xx_HAL_Driver/Src/stm32f1xx_hal.o
 .debug_info    0x0000549e      0xa87 ./Drivers/STM32F1xx_HAL_Driver/Src/stm32f1xx_hal_cortex.o
 .debug_info    0x00005f25      0x6d2 ./Drivers/STM32F1xx_HAL_Driver/Src/stm32f1xx_hal_dma.o
 .debug_info    0x000065f7      0x5ab ./Drivers/STM32F1xx_HAL_Driver/Src/stm32f1xx_hal_gpio.o
 .debug_info    0x00006ba2     0x2524 ./Drivers/STM32F1xx_HAL_Driver/Src/stm32f1xx_hal_i2c.o
 .debug_info    0x000090c6      0x628 ./Drivers/STM32F1xx_HAL_Driver/Src/stm32f1xx_hal_pwr.o
 .debug_info    0x000096ee      0x7d5 ./Drivers/STM32F1xx_HAL_Driver/Src/stm32f1xx_hal_rcc.o
 .debug_info    0x00009ec3     0x142d ./Drivers/STM32F1xx_HAL_Driver/Src/stm32f1xx_hal_spi.o
 .debug_info    0x0000b2f0     0x2959 ./Drivers/STM32F1xx_HAL_Driver/Src/stm32f1xx_hal_tim.o
 .debug_info    0x0000dc49     0x149b ./Drivers/STM32F1xx_HAL_Driver/Src/stm32f1xx_hal_tim_ex.o
 .debug_info    0x0000f0e4     0x2eed ./Drivers/STM32F1xx_HAL_Driver/Src/stm32f1xx_hal_uart.o

.debug_abbrev   0x00000000     0x2dff
 .debug_abbrev  0x00000000      0x19b ./Core/Src/buttons.o
 .debug_abbrev  0x0000019b       0x4e ./Core/Src/global.o
 .debug_abbrev  0x000001e9      0x1f5 ./Core/Src/i2c_lcd.o
 .debug_abbrev  0x000003de      0x358 ./Core/Src/main.o
 .debug_abbrev  0x00000736      0x27b ./Core/Src/scheduler.o
 .debug_abbrev  0x000009b1       0xdf ./Core/Src/software_timer.o
 .debug_abbrev  0x00000a90      0x21f ./Core/Src/stm32f1xx_hal_msp.o
 .debug_abbrev  0x00000caf      0x19a ./Core/Src/stm32f1xx_it.o
 .debug_abbrev  0x00000e49       0xbc ./Core/Src/sysmem.o
 .debug_abbrev  0x00000f05      0x13f ./Core/Src/system_stm32f1xx.o
 .debug_abbrev  0x00001044      0x150 ./Core/Src/tasks.o
 .debug_abbrev  0x00001194      0x1c2 ./Core/Src/traffic_light.o
 .debug_abbrev  0x00001356       0x24 ./Core/Startup/startup_stm32f103rbtx.o
 .debug_abbrev  0x0000137a      0x201 ./Drivers/STM32F1xx_HAL_Driver/Src/stm32f1xx_hal.o
 .debug_abbrev  0x0000157b      0x2f8 ./Drivers/STM32F1xx_HAL_Driver/Src/stm32f1xx_hal_cortex.o
 .debug_abbrev  0x00001873      0x20b ./Drivers/STM32F1xx_HAL_Driver/Src/stm32f1xx_hal_dma.o
 .debug_abbrev  0x00001a7e      0x1ca ./Drivers/STM32F1xx_HAL_Driver/Src/stm32f1xx_hal_gpio.o
 .debug_abbrev  0x00001c48      0x2a3 ./Drivers/STM32F1xx_HAL_Driver/Src/stm32f1xx_hal_i2c.o
 .debug_abbrev  0x00001eeb      0x1f6 ./Drivers/STM32F1xx_HAL_Driver/Src/stm32f1xx_hal_pwr.o
 .debug_abbrev  0x000020e1      0x2b3 ./Drivers/STM32F1xx_HAL_Driver/Src/stm32f1xx_hal_rcc.o
 .debug_abbrev  0x00002394      0x27a ./Drivers/STM32F1xx_HAL_Driver/Src/stm32f1xx_hal_spi.o
 .debug_abbrev  0x0000260e      0x277 ./Drivers/STM32F1xx_HAL_Driver/Src/stm32f1xx_hal_tim.o
 .debug_abbrev  0x00002885      0x282 ./Drivers/STM32F1xx_HAL_Driver/Src/stm32f1xx_hal_tim_ex.o
 .debug_abbrev  0x00002b07      0x2f8 ./Drivers/STM32F1xx_HAL_Driver/Src/stm32f1xx_hal_uart.o

.debug_aranges  0x00000000     0x13f0
 .debug_aranges
                0x00000000       0x38 ./Core/Src/buttons.o
 .debug_aranges
                0x00000038       0x18 ./Core/Src/global.o
 .debug_aranges
                0x00000050       0x60 ./Core/Src/i2c_lcd.o
 .debug_aranges
                0x000000b0       0x60 ./Core/Src/main.o
 .debug_aranges
                0x00000110       0x90 ./Core/Src/scheduler.o
 .debug_aranges
                0x000001a0       0x30 ./Core/Src/software_timer.o
 .debug_aranges
                0x000001d0       0x60 ./Core/Src/stm32f1xx_hal_msp.o
 .debug_aranges
                0x00000230       0x70 ./Core/Src/stm32f1xx_it.o
 .debug_aranges
                0x000002a0       0x20 ./Core/Src/sysmem.o
 .debug_aranges
                0x000002c0       0x28 ./Core/Src/system_stm32f1xx.o
 .debug_aranges
                0x000002e8       0x30 ./Core/Src/tasks.o
 .debug_aranges
                0x00000318      0x108 ./Core/Src/traffic_light.o
 .debug_aranges
                0x00000420       0x28 ./Core/Startup/startup_stm32f103rbtx.o
 .debug_aranges
                0x00000448       0xe0 ./Drivers/STM32F1xx_HAL_Driver/Src/stm32f1xx_hal.o
 .debug_aranges
                0x00000528      0x100 ./Drivers/STM32F1xx_HAL_Driver/Src/stm32f1xx_hal_cortex.o
 .debug_aranges
                0x00000628       0x80 ./Drivers/STM32F1xx_HAL_Driver/Src/stm32f1xx_hal_dma.o
 .debug_aranges
                0x000006a8       0x58 ./Drivers/STM32F1xx_HAL_Driver/Src/stm32f1xx_hal_gpio.o
 .debug_aranges
                0x00000700      0x2a8 ./Drivers/STM32F1xx_HAL_Driver/Src/stm32f1xx_hal_i2c.o
 .debug_aranges
                0x000009a8       0xa8 ./Drivers/STM32F1xx_HAL_Driver/Src/stm32f1xx_hal_pwr.o
 .debug_aranges
                0x00000a50       0x90 ./Drivers/STM32F1xx_HAL_Driver/Src/stm32f1xx_hal_rcc.o
 .debug_aranges
                0x00000ae0      0x1d0 ./Drivers/STM32F1xx_HAL_Driver/Src/stm32f1xx_hal_spi.o
 .debug_aranges
                0x00000cb0      0x3d0 ./Drivers/STM32F1xx_HAL_Driver/Src/stm32f1xx_hal_tim.o
 .debug_aranges
                0x00001080      0x168 ./Drivers/STM32F1xx_HAL_Driver/Src/stm32f1xx_hal_tim_ex.o
 .debug_aranges
                0x000011e8      0x208 ./Drivers/STM32F1xx_HAL_Driver/Src/stm32f1xx_hal_uart.o

.debug_rnglists
                0x00000000      0xf94
 .debug_rnglists
                0x00000000       0x26 ./Core/Src/buttons.o
 .debug_rnglists
                0x00000026       0x43 ./Core/Src/i2c_lcd.o
 .debug_rnglists
                0x00000069       0x46 ./Core/Src/main.o
 .debug_rnglists
                0x000000af       0x7b ./Core/Src/scheduler.o
 .debug_rnglists
                0x0000012a       0x1f ./Core/Src/software_timer.o
 .debug_rnglists
                0x00000149       0x46 ./Core/Src/stm32f1xx_hal_msp.o
 .debug_rnglists
                0x0000018f       0x4f ./Core/Src/stm32f1xx_it.o
 .debug_rnglists
                0x000001de       0x13 ./Core/Src/sysmem.o
 .debug_rnglists
                0x000001f1       0x1a ./Core/Src/system_stm32f1xx.o
 .debug_rnglists
                0x0000020b       0x1f ./Core/Src/tasks.o
 .debug_rnglists
                0x0000022a       0xc5 ./Core/Src/traffic_light.o
 .debug_rnglists
                0x000002ef       0x19 ./Core/Startup/startup_stm32f103rbtx.o
 .debug_rnglists
                0x00000308       0xa3 ./Drivers/STM32F1xx_HAL_Driver/Src/stm32f1xx_hal.o
 .debug_rnglists
                0x000003ab       0xbb ./Drivers/STM32F1xx_HAL_Driver/Src/stm32f1xx_hal_cortex.o
 .debug_rnglists
                0x00000466       0x64 ./Drivers/STM32F1xx_HAL_Driver/Src/stm32f1xx_hal_dma.o
 .debug_rnglists
                0x000004ca       0x3f ./Drivers/STM32F1xx_HAL_Driver/Src/stm32f1xx_hal_gpio.o
 .debug_rnglists
                0x00000509      0x23c ./Drivers/STM32F1xx_HAL_Driver/Src/stm32f1xx_hal_i2c.o
 .debug_rnglists
                0x00000745       0x7a ./Drivers/STM32F1xx_HAL_Driver/Src/stm32f1xx_hal_pwr.o
 .debug_rnglists
                0x000007bf       0x6c ./Drivers/STM32F1xx_HAL_Driver/Src/stm32f1xx_hal_rcc.o
 .debug_rnglists
                0x0000082b      0x16e ./Drivers/STM32F1xx_HAL_Driver/Src/stm32f1xx_hal_spi.o
 .debug_rnglists
                0x00000999      0x31a ./Drivers/STM32F1xx_HAL_Driver/Src/stm32f1xx_hal_tim.o
 .debug_rnglists
                0x00000cb3      0x125 ./Drivers/STM32F1xx_HAL_Driver/Src/stm32f1xx_hal_tim_ex.o
 .debug_rnglists
                0x00000dd8      0x1bc ./Drivers/STM32F1xx_HAL_Driver/Src/stm32f1xx_hal_uart.o

.debug_macro    0x00000000    0x19d21
 .debug_macro   0x00000000      0x2f0 ./Core/Src/buttons.o
 .debug_macro   0x000002f0      0xacc ./Core/Src/buttons.o
 .debug_macro   0x00000dbc      0x227 ./Core/Src/buttons.o
 .debug_macro   0x00000fe3       0x2e ./Core/Src/buttons.o
 .debug_macro   0x00001011       0x22 ./Core/Src/buttons.o
 .debug_macro   0x00001033       0x22 ./Core/Src/buttons.o
 .debug_macro   0x00001055       0x8e ./Core/Src/buttons.o
 .debug_macro   0x000010e3       0x51 ./Core/Src/buttons.o
 .debug_macro   0x00001134      0x103 ./Core/Src/buttons.o
 .debug_macro   0x00001237       0x6a ./Core/Src/buttons.o
 .debug_macro   0x000012a1      0x1df ./Core/Src/buttons.o
 .debug_macro   0x00001480       0x1c ./Core/Src/buttons.o
 .debug_macro   0x0000149c       0x22 ./Core/Src/buttons.o
 .debug_macro   0x000014be       0xbd ./Core/Src/buttons.o
 .debug_macro   0x0000157b      0xd23 ./Core/Src/buttons.o
 .debug_macro   0x0000229e     0xe09e ./Core/Src/buttons.o
 .debug_macro   0x0001033c       0x6d ./Core/Src/buttons.o
 .debug_macro   0x000103a9     0x34a2 ./Core/Src/buttons.o
 .debug_macro   0x0001384b      0x190 ./Core/Src/buttons.o
 .debug_macro   0x000139db       0x5c ./Core/Src/buttons.o
 .debug_macro   0x00013a37      0x5bc ./Core/Src/buttons.o
 .debug_macro   0x00013ff3      0x289 ./Core/Src/buttons.o
 .debug_macro   0x0001427c      0x1cb ./Core/Src/buttons.o
 .debug_macro   0x00014447      0x114 ./Core/Src/buttons.o
 .debug_macro   0x0001455b      0x1b2 ./Core/Src/buttons.o
 .debug_macro   0x0001470d       0x27 ./Core/Src/buttons.o
 .debug_macro   0x00014734      0x136 ./Core/Src/buttons.o
 .debug_macro   0x0001486a      0x1bc ./Core/Src/buttons.o
 .debug_macro   0x00014a26       0x34 ./Core/Src/buttons.o
 .debug_macro   0x00014a5a       0x3c ./Core/Src/buttons.o
 .debug_macro   0x00014a96       0x57 ./Core/Src/buttons.o
 .debug_macro   0x00014aed       0x87 ./Core/Src/buttons.o
 .debug_macro   0x00014b74      0x240 ./Core/Src/buttons.o
 .debug_macro   0x00014db4      0x287 ./Core/Src/buttons.o
 .debug_macro   0x0001503b      0x140 ./Core/Src/buttons.o
 .debug_macro   0x0001517b      0x217 ./Core/Src/buttons.o
 .debug_macro   0x00015392      0x8ed ./Core/Src/buttons.o
 .debug_macro   0x00015c7f      0x28e ./Core/Src/buttons.o
 .debug_macro   0x00015f0d       0x83 ./Core/Src/buttons.o
 .debug_macro   0x00015f90       0x61 ./Core/Src/buttons.o
 .debug_macro   0x00015ff1       0x24 ./Core/Src/buttons.o
 .debug_macro   0x00016015       0x43 ./Core/Src/buttons.o
 .debug_macro   0x00016058       0x34 ./Core/Src/buttons.o
 .debug_macro   0x0001608c       0x16 ./Core/Src/buttons.o
 .debug_macro   0x000160a2       0x3c ./Core/Src/buttons.o
 .debug_macro   0x000160de      0x370 ./Core/Src/buttons.o
 .debug_macro   0x0001644e       0x10 ./Core/Src/buttons.o
 .debug_macro   0x0001645e       0x16 ./Core/Src/buttons.o
 .debug_macro   0x00016474       0x4a ./Core/Src/buttons.o
 .debug_macro   0x000164be       0x34 ./Core/Src/buttons.o
 .debug_macro   0x000164f2       0x10 ./Core/Src/buttons.o
 .debug_macro   0x00016502       0x58 ./Core/Src/buttons.o
 .debug_macro   0x0001655a       0x8e ./Core/Src/buttons.o
 .debug_macro   0x000165e8       0x1c ./Core/Src/buttons.o
 .debug_macro   0x00016604      0x185 ./Core/Src/buttons.o
 .debug_macro   0x00016789       0x16 ./Core/Src/buttons.o
 .debug_macro   0x0001679f       0x16 ./Core/Src/buttons.o
 .debug_macro   0x000167b5      0x146 ./Core/Src/buttons.o
 .debug_macro   0x000168fb       0x2e ./Core/Src/buttons.o
 .debug_macro   0x00016929       0x6a ./Core/Src/buttons.o
 .debug_macro   0x00016993       0x70 ./Core/Src/buttons.o
 .debug_macro   0x00016a03      0x2f6 ./Core/Src/global.o
 .debug_macro   0x00016cf9       0x64 ./Core/Src/global.o
 .debug_macro   0x00016d5d      0x1c7 ./Core/Src/i2c_lcd.o
 .debug_macro   0x00016f24      0x2ec ./Core/Src/main.o
 .debug_macro   0x00017210      0x2f6 ./Core/Src/scheduler.o
 .debug_macro   0x00017506       0x28 ./Core/Src/scheduler.o
 .debug_macro   0x0001752e      0x2f6 ./Core/Src/software_timer.o
 .debug_macro   0x00017824      0x2ec ./Core/Src/stm32f1xx_hal_msp.o
 .debug_macro   0x00017b10      0x2f6 ./Core/Src/stm32f1xx_it.o
 .debug_macro   0x00017e06      0x112 ./Core/Src/sysmem.o
 .debug_macro   0x00017f18      0x23c ./Core/Src/sysmem.o
 .debug_macro   0x00018154      0x1b7 ./Core/Src/system_stm32f1xx.o
 .debug_macro   0x0001830b      0x2f0 ./Core/Src/tasks.o
 .debug_macro   0x000185fb      0x2f0 ./Core/Src/traffic_light.o
 .debug_macro   0x000188eb      0x1db ./Drivers/STM32F1xx_HAL_Driver/Src/stm32f1xx_hal.o
 .debug_macro   0x00018ac6      0x1b7 ./Drivers/STM32F1xx_HAL_Driver/Src/stm32f1xx_hal_cortex.o
 .debug_macro   0x00018c7d      0x1b7 ./Drivers/STM32F1xx_HAL_Driver/Src/stm32f1xx_hal_dma.o
 .debug_macro   0x00018e34      0x222 ./Drivers/STM32F1xx_HAL_Driver/Src/stm32f1xx_hal_gpio.o
 .debug_macro   0x00019056      0x205 ./Drivers/STM32F1xx_HAL_Driver/Src/stm32f1xx_hal_i2c.o
 .debug_macro   0x0001925b      0x217 ./Drivers/STM32F1xx_HAL_Driver/Src/stm32f1xx_hal_pwr.o
 .debug_macro   0x00019472      0x1c9 ./Drivers/STM32F1xx_HAL_Driver/Src/stm32f1xx_hal_rcc.o
 .debug_macro   0x0001963b      0x1bf ./Drivers/STM32F1xx_HAL_Driver/Src/stm32f1xx_hal_spi.o
 .debug_macro   0x000197fa      0x1b8 ./Drivers/STM32F1xx_HAL_Driver/Src/stm32f1xx_hal_tim.o
 .debug_macro   0x000199b2      0x1b7 ./Drivers/STM32F1xx_HAL_Driver/Src/stm32f1xx_hal_tim_ex.o
 .debug_macro   0x00019b69      0x1b8 ./Drivers/STM32F1xx_HAL_Driver/Src/stm32f1xx_hal_uart.o

.debug_line     0x00000000    0x184a4
 .debug_line    0x00000000      0x9aa ./Core/Src/buttons.o
 .debug_line    0x000009aa      0x8bf ./Core/Src/global.o
 .debug_line    0x00001269      0x841 ./Core/Src/i2c_lcd.o
 .debug_line    0x00001aaa      0xae2 ./Core/Src/main.o
 .debug_line    0x0000258c      0xc25 ./Core/Src/scheduler.o
 .debug_line    0x000031b1      0x943 ./Core/Src/software_timer.o
 .debug_line    0x00003af4      0xa09 ./Core/Src/stm32f1xx_hal_msp.o
 .debug_line    0x000044fd      0x9c1 ./Core/Src/stm32f1xx_it.o
 .debug_line    0x00004ebe      0x588 ./Core/Src/sysmem.o
 .debug_line    0x00005446      0x7a9 ./Core/Src/system_stm32f1xx.o
 .debug_line    0x00005bef      0x905 ./Core/Src/tasks.o
 .debug_line    0x000064f4      0xeea ./Core/Src/traffic_light.o
 .debug_line    0x000073de       0x78 ./Core/Startup/startup_stm32f103rbtx.o
 .debug_line    0x00007456      0x9da ./Drivers/STM32F1xx_HAL_Driver/Src/stm32f1xx_hal.o
 .debug_line    0x00007e30      0xba4 ./Drivers/STM32F1xx_HAL_Driver/Src/stm32f1xx_hal_cortex.o
 .debug_line    0x000089d4      0xde4 ./Drivers/STM32F1xx_HAL_Driver/Src/stm32f1xx_hal_dma.o
 .debug_line    0x000097b8      0xa37 ./Drivers/STM32F1xx_HAL_Driver/Src/stm32f1xx_hal_gpio.o
 .debug_line    0x0000a1ef     0x3bd7 ./Drivers/STM32F1xx_HAL_Driver/Src/stm32f1xx_hal_i2c.o
 .debug_line    0x0000ddc6      0x97e ./Drivers/STM32F1xx_HAL_Driver/Src/stm32f1xx_hal_pwr.o
 .debug_line    0x0000e744      0xe93 ./Drivers/STM32F1xx_HAL_Driver/Src/stm32f1xx_hal_rcc.o
 .debug_line    0x0000f5d7     0x1c71 ./Drivers/STM32F1xx_HAL_Driver/Src/stm32f1xx_hal_spi.o
 .debug_line    0x00011248     0x34c8 ./Drivers/STM32F1xx_HAL_Driver/Src/stm32f1xx_hal_tim.o
 .debug_line    0x00014710     0x189e ./Drivers/STM32F1xx_HAL_Driver/Src/stm32f1xx_hal_tim_ex.o
 .debug_line    0x00015fae     0x24f6 ./Drivers/STM32F1xx_HAL_Driver/Src/stm32f1xx_hal_uart.o

.debug_str      0x00000000    0x8f5b5
 .debug_str     0x00000000    0x8f5b5 ./Core/Src/buttons.o
                              0x8a02e (size before relaxing)
 .debug_str     0x0008f5b5    0x89f7b ./Core/Src/global.o
 .debug_str     0x0008f5b5    0x869e1 ./Core/Src/i2c_lcd.o
 .debug_str     0x0008f5b5    0x8ae88 ./Core/Src/main.o
 .debug_str     0x0008f5b5    0x8a102 ./Core/Src/scheduler.o
 .debug_str     0x0008f5b5    0x89f64 ./Core/Src/software_timer.o
 .debug_str     0x0008f5b5    0x8aea9 ./Core/Src/stm32f1xx_hal_msp.o
 .debug_str     0x0008f5b5    0x8a709 ./Core/Src/stm32f1xx_it.o
 .debug_str     0x0008f5b5     0x7717 ./Core/Src/sysmem.o
 .debug_str     0x0008f5b5    0x864bd ./Core/Src/system_stm32f1xx.o
 .debug_str     0x0008f5b5    0x89ff4 ./Core/Src/tasks.o
 .debug_str     0x0008f5b5    0x8a3d8 ./Core/Src/traffic_light.o
 .debug_str     0x0008f5b5       0x71 ./Core/Startup/startup_stm32f103rbtx.o
 .debug_str     0x0008f5b5    0x86bf0 ./Drivers/STM32F1xx_HAL_Driver/Src/stm32f1xx_hal.o
 .debug_str     0x0008f5b5    0x86b3c ./Drivers/STM32F1xx_HAL_Driver/Src/stm32f1xx_hal_cortex.o
 .debug_str     0x0008f5b5    0x86866 ./Drivers/STM32F1xx_HAL_Driver/Src/stm32f1xx_hal_dma.o
 .debug_str     0x0008f5b5    0x86843 ./Drivers/STM32F1xx_HAL_Driver/Src/stm32f1xx_hal_gpio.o
 .debug_str     0x0008f5b5    0x87584 ./Drivers/STM32F1xx_HAL_Driver/Src/stm32f1xx_hal_i2c.o
 .debug_str     0x0008f5b5    0x869f4 ./Drivers/STM32F1xx_HAL_Driver/Src/stm32f1xx_hal_pwr.o
 .debug_str     0x0008f5b5    0x868ec ./Drivers/STM32F1xx_HAL_Driver/Src/stm32f1xx_hal_rcc.o
 .debug_str     0x0008f5b5    0x86de3 ./Drivers/STM32F1xx_HAL_Driver/Src/stm32f1xx_hal_spi.o
 .debug_str     0x0008f5b5    0x878ee ./Drivers/STM32F1xx_HAL_Driver/Src/stm32f1xx_hal_tim.o
 .debug_str     0x0008f5b5    0x870fa ./Drivers/STM32F1xx_HAL_Driver/Src/stm32f1xx_hal_tim_ex.o
 .debug_str     0x0008f5b5    0x86f5d ./Drivers/STM32F1xx_HAL_Driver/Src/stm32f1xx_hal_uart.o

.comment        0x00000000       0x43
 .comment       0x00000000       0x43 ./Core/Src/buttons.o
                                 0x44 (size before relaxing)
 .comment       0x00000043       0x44 ./Core/Src/global.o
 .comment       0x00000043       0x44 ./Core/Src/i2c_lcd.o
 .comment       0x00000043       0x44 ./Core/Src/main.o
 .comment       0x00000043       0x44 ./Core/Src/scheduler.o
 .comment       0x00000043       0x44 ./Core/Src/software_timer.o
 .comment       0x00000043       0x44 ./Core/Src/stm32f1xx_hal_msp.o
 .comment       0x00000043       0x44 ./Core/Src/stm32f1xx_it.o
 .comment       0x00000043       0x44 ./Core/Src/sysmem.o
 .comment       0x00000043       0x44 ./Core/Src/system_stm32f1xx.o
 .comment       0x00000043       0x44 ./Core/Src/tasks.o
 .comment       0x00000043       0x44 ./Core/Src/traffic_light.o
 .comment       0x00000043       0x44 ./Drivers/STM32F1xx_HAL_Driver/Src/stm32f1xx_hal.o
 .comment       0x00000043       0x44 ./Drivers/STM32F1xx_HAL_Driver/Src/stm32f1xx_hal_cortex.o
 .comment       0x00000043       0x44 ./Drivers/STM32F1xx_HAL_Driver/Src/stm32f1xx_hal_dma.o
 .comment       0x00000043       0x44 ./Drivers/STM32F1xx_HAL_Driver/Src/stm32f1xx_hal_gpio.o
 .comment       0x00000043       0x44 ./Drivers/STM32F1xx_HAL_Driver/Src/stm32f1xx_hal_i2c.o
 .comment       0x00000043       0x44 ./Drivers/STM32F1xx_HAL_Driver/Src/stm32f1xx_hal_pwr.o
 .comment       0x00000043       0x44 ./Drivers/STM32F1xx_HAL_Driver/Src/stm32f1xx_hal_rcc.o
 .comment       0x00000043       0x44 ./Drivers/STM32F1xx_HAL_Driver/Src/stm32f1xx_hal_spi.o
 .comment       0x00000043       0x44 ./Drivers/STM32F1xx_HAL_Driver/Src/stm32f1xx_hal_tim.o
 .comment       0x00000043       0x44 ./Drivers/STM32F1xx_HAL_Driver/Src/stm32f1xx_hal_tim_ex.o
 .comment       0x00000043       0x44 ./Drivers/STM32F1xx_HAL_Driver/Src/stm32f1xx_hal_uart.o

.debug_frame    0x00000000     0x5770
 .debug_frame   0x00000000       0xac ./Core/Src/buttons.o
 .debug_frame   0x000000ac      0x144 ./Core/Src/i2c_lcd.o
 .debug_frame   0x000001f0      0x128 ./Core/Src/main.o
 .debug_frame   0x00000318      0x214 ./Core/Src/scheduler.o
 .debug_frame   0x0000052c       0x88 ./Core/Src/software_timer.o
 .debug_frame   0x000005b4      0x158 ./Core/Src/stm32f1xx_hal_msp.o
 .debug_frame   0x0000070c      0x13c ./Core/Src/stm32f1xx_it.o
 .debug_frame   0x00000848       0x34 ./Core/Src/sysmem.o
 .debug_frame   0x0000087c       0x58 ./Core/Src/system_stm32f1xx.o
 .debug_frame   0x000008d4       0x64 ./Core/Src/tasks.o
 .debug_frame   0x00000938      0x370 ./Core/Src/traffic_light.o
 .debug_frame   0x00000ca8      0x334 ./Drivers/STM32F1xx_HAL_Driver/Src/stm32f1xx_hal.o
 .debug_frame   0x00000fdc      0x428 ./Drivers/STM32F1xx_HAL_Driver/Src/stm32f1xx_hal_cortex.o
 .debug_frame   0x00001404      0x208 ./Drivers/STM32F1xx_HAL_Driver/Src/stm32f1xx_hal_dma.o
 .debug_frame   0x0000160c      0x14c ./Drivers/STM32F1xx_HAL_Driver/Src/stm32f1xx_hal_gpio.o
 .debug_frame   0x00001758      0xc84 ./Drivers/STM32F1xx_HAL_Driver/Src/stm32f1xx_hal_i2c.o
 .debug_frame   0x000023dc      0x270 ./Drivers/STM32F1xx_HAL_Driver/Src/stm32f1xx_hal_pwr.o
 .debug_frame   0x0000264c      0x218 ./Drivers/STM32F1xx_HAL_Driver/Src/stm32f1xx_hal_rcc.o
 .debug_frame   0x00002864      0x824 ./Drivers/STM32F1xx_HAL_Driver/Src/stm32f1xx_hal_spi.o
 .debug_frame   0x00003088     0x11b8 ./Drivers/STM32F1xx_HAL_Driver/Src/stm32f1xx_hal_tim.o
 .debug_frame   0x00004240      0x638 ./Drivers/STM32F1xx_HAL_Driver/Src/stm32f1xx_hal_tim_ex.o
 .debug_frame   0x00004878      0x944 ./Drivers/STM32F1xx_HAL_Driver/Src/stm32f1xx_hal_uart.o
 .debug_frame   0x000051bc      0x144 C:/ST/STM32CubeIDE_1.19.0/STM32CubeIDE/plugins/com.st.stm32cube.ide.mcu.externaltools.gnu-tools-for-stm32.13.3.rel1.win32_1.0.0.202411081344/tools/bin/../lib/gcc/arm-none-eabi/13.3.1/../../../../arm-none-eabi/lib/thumb/v7-m/nofp\libc_nano.a(libc_a-findfp.o)
 .debug_frame   0x00005300       0x74 C:/ST/STM32CubeIDE_1.19.0/STM32CubeIDE/plugins/com.st.stm32cube.ide.mcu.externaltools.gnu-tools-for-stm32.13.3.rel1.win32_1.0.0.202411081344/tools/bin/../lib/gcc/arm-none-eabi/13.3.1/../../../../arm-none-eabi/lib/thumb/v7-m/nofp\libc_nano.a(libc_a-sprintf.o)
 .debug_frame   0x00005374       0x20 C:/ST/STM32CubeIDE_1.19.0/STM32CubeIDE/plugins/com.st.stm32cube.ide.mcu.externaltools.gnu-tools-for-stm32.13.3.rel1.win32_1.0.0.202411081344/tools/bin/../lib/gcc/arm-none-eabi/13.3.1/../../../../arm-none-eabi/lib/thumb/v7-m/nofp\libc_nano.a(libc_a-memset.o)
 .debug_frame   0x00005394       0x38 C:/ST/STM32CubeIDE_1.19.0/STM32CubeIDE/plugins/com.st.stm32cube.ide.mcu.externaltools.gnu-tools-for-stm32.13.3.rel1.win32_1.0.0.202411081344/tools/bin/../lib/gcc/arm-none-eabi/13.3.1/../../../../arm-none-eabi/lib/thumb/v7-m/nofp\libc_nano.a(libc_a-reent.o)
 .debug_frame   0x000053cc       0x20 C:/ST/STM32CubeIDE_1.19.0/STM32CubeIDE/plugins/com.st.stm32cube.ide.mcu.externaltools.gnu-tools-for-stm32.13.3.rel1.win32_1.0.0.202411081344/tools/bin/../lib/gcc/arm-none-eabi/13.3.1/../../../../arm-none-eabi/lib/thumb/v7-m/nofp\libc_nano.a(libc_a-errno.o)
 .debug_frame   0x000053ec       0x2c C:/ST/STM32CubeIDE_1.19.0/STM32CubeIDE/plugins/com.st.stm32cube.ide.mcu.externaltools.gnu-tools-for-stm32.13.3.rel1.win32_1.0.0.202411081344/tools/bin/../lib/gcc/arm-none-eabi/13.3.1/../../../../arm-none-eabi/lib/thumb/v7-m/nofp\libc_nano.a(libc_a-init.o)
 .debug_frame   0x00005418       0xb0 C:/ST/STM32CubeIDE_1.19.0/STM32CubeIDE/plugins/com.st.stm32cube.ide.mcu.externaltools.gnu-tools-for-stm32.13.3.rel1.win32_1.0.0.202411081344/tools/bin/../lib/gcc/arm-none-eabi/13.3.1/../../../../arm-none-eabi/lib/thumb/v7-m/nofp\libc_nano.a(libc_a-lock.o)
 .debug_frame   0x000054c8       0x38 C:/ST/STM32CubeIDE_1.19.0/STM32CubeIDE/plugins/com.st.stm32cube.ide.mcu.externaltools.gnu-tools-for-stm32.13.3.rel1.win32_1.0.0.202411081344/tools/bin/../lib/gcc/arm-none-eabi/13.3.1/../../../../arm-none-eabi/lib/thumb/v7-m/nofp\libc_nano.a(libc_a-freer.o)
 .debug_frame   0x00005500       0x50 C:/ST/STM32CubeIDE_1.19.0/STM32CubeIDE/plugins/com.st.stm32cube.ide.mcu.externaltools.gnu-tools-for-stm32.13.3.rel1.win32_1.0.0.202411081344/tools/bin/../lib/gcc/arm-none-eabi/13.3.1/../../../../arm-none-eabi/lib/thumb/v7-m/nofp\libc_nano.a(libc_a-mallocr.o)
 .debug_frame   0x00005550       0x30 C:/ST/STM32CubeIDE_1.19.0/STM32CubeIDE/plugins/com.st.stm32cube.ide.mcu.externaltools.gnu-tools-for-stm32.13.3.rel1.win32_1.0.0.202411081344/tools/bin/../lib/gcc/arm-none-eabi/13.3.1/../../../../arm-none-eabi/lib/thumb/v7-m/nofp\libc_nano.a(libc_a-mlock.o)
 .debug_frame   0x00005580       0x90 C:/ST/STM32CubeIDE_1.19.0/STM32CubeIDE/plugins/com.st.stm32cube.ide.mcu.externaltools.gnu-tools-for-stm32.13.3.rel1.win32_1.0.0.202411081344/tools/bin/../lib/gcc/arm-none-eabi/13.3.1/../../../../arm-none-eabi/lib/thumb/v7-m/nofp\libc_nano.a(libc_a-nano-svfprintf.o)
 .debug_frame   0x00005610       0x60 C:/ST/STM32CubeIDE_1.19.0/STM32CubeIDE/plugins/com.st.stm32cube.ide.mcu.externaltools.gnu-tools-for-stm32.13.3.rel1.win32_1.0.0.202411081344/tools/bin/../lib/gcc/arm-none-eabi/13.3.1/../../../../arm-none-eabi/lib/thumb/v7-m/nofp\libc_nano.a(libc_a-nano-vfprintf_i.o)
 .debug_frame   0x00005670       0x28 C:/ST/STM32CubeIDE_1.19.0/STM32CubeIDE/plugins/com.st.stm32cube.ide.mcu.externaltools.gnu-tools-for-stm32.13.3.rel1.win32_1.0.0.202411081344/tools/bin/../lib/gcc/arm-none-eabi/13.3.1/../../../../arm-none-eabi/lib/thumb/v7-m/nofp\libc_nano.a(libc_a-memmove.o)
 .debug_frame   0x00005698       0x2c C:/ST/STM32CubeIDE_1.19.0/STM32CubeIDE/plugins/com.st.stm32cube.ide.mcu.externaltools.gnu-tools-for-stm32.13.3.rel1.win32_1.0.0.202411081344/tools/bin/../lib/gcc/arm-none-eabi/13.3.1/../../../../arm-none-eabi/lib/thumb/v7-m/nofp\libc_nano.a(libc_a-sbrkr.o)
 .debug_frame   0x000056c4       0x28 C:/ST/STM32CubeIDE_1.19.0/STM32CubeIDE/plugins/com.st.stm32cube.ide.mcu.externaltools.gnu-tools-for-stm32.13.3.rel1.win32_1.0.0.202411081344/tools/bin/../lib/gcc/arm-none-eabi/13.3.1/../../../../arm-none-eabi/lib/thumb/v7-m/nofp\libc_nano.a(libc_a-memchr-stub.o)
 .debug_frame   0x000056ec       0x28 C:/ST/STM32CubeIDE_1.19.0/STM32CubeIDE/plugins/com.st.stm32cube.ide.mcu.externaltools.gnu-tools-for-stm32.13.3.rel1.win32_1.0.0.202411081344/tools/bin/../lib/gcc/arm-none-eabi/13.3.1/../../../../arm-none-eabi/lib/thumb/v7-m/nofp\libc_nano.a(libc_a-memcpy-stub.o)
 .debug_frame   0x00005714       0x3c C:/ST/STM32CubeIDE_1.19.0/STM32CubeIDE/plugins/com.st.stm32cube.ide.mcu.externaltools.gnu-tools-for-stm32.13.3.rel1.win32_1.0.0.202411081344/tools/bin/../lib/gcc/arm-none-eabi/13.3.1/../../../../arm-none-eabi/lib/thumb/v7-m/nofp\libc_nano.a(libc_a-reallocr.o)
 .debug_frame   0x00005750       0x20 C:/ST/STM32CubeIDE_1.19.0/STM32CubeIDE/plugins/com.st.stm32cube.ide.mcu.externaltools.gnu-tools-for-stm32.13.3.rel1.win32_1.0.0.202411081344/tools/bin/../lib/gcc/arm-none-eabi/13.3.1/../../../../arm-none-eabi/lib/thumb/v7-m/nofp\libc_nano.a(libc_a-msizer.o)

.debug_line_str
                0x00000000       0x55
 .debug_line_str
                0x00000000       0x55 ./Core/Startup/startup_stm32f103rbtx.o
