../Core/Src/scheduler.c:15:6:List_resetNodeData	16	static
../Core/Src/scheduler.c:24:6:initFreeList	16	static
../Core/Src/scheduler.c:33:6:List_init	8	static
../Core/Src/scheduler.c:40:9:List_getFreeIndex	16	static
../Core/Src/scheduler.c:52:6:List_freeIndex	16	static
../Core/Src/scheduler.c:65:9:List_isEmpty	4	static
../Core/Src/scheduler.c:70:6:List_insertNode	24	static
../Core/Src/scheduler.c:128:6:List_popHead	4	static
../Core/Src/scheduler.c:138:6:SCH_Init	8	static
../Core/Src/scheduler.c:144:6:SCH_Update	8	static
../Core/Src/scheduler.c:162:6:SCH_Dispatch_Tasks	16	static
../Core/Src/scheduler.c:201:10:SCH_Add_Task	32	static
../Core/Src/scheduler.c:219:9:SCH_Delete_Task	32	static
../Core/Src/scheduler.c:270:6:SCH_Report_Status	4	static
../Core/Src/scheduler.c:276:6:SCH_Go_To_Sleep	8	static
