../Core/Src/traffic_light.c:12:6:fsm_traffic_light	8	static
../Core/Src/traffic_light.c:158:6:turn_on_red	8	static
../Core/Src/traffic_light.c:167:6:turn_on_amber	8	static
../Core/Src/traffic_light.c:176:6:turn_on_green	8	static
../Core/Src/traffic_light.c:185:6:turn_on_red_green	8	static
../Core/Src/traffic_light.c:194:6:turn_on_red_amber	8	static
../Core/Src/traffic_light.c:203:6:turn_on_green_red	8	static
../Core/Src/traffic_light.c:212:6:turn_on_amber_red	8	static
../Core/Src/traffic_light.c:221:6:init_auto_red_green	8	static
../Core/Src/traffic_light.c:233:6:auto_red_green	8	static
../Core/Src/traffic_light.c:249:6:init_auto_red_amber	8	static
../Core/Src/traffic_light.c:261:6:auto_red_amber	8	static
../Core/Src/traffic_light.c:277:6:init_auto_green_red	8	static
../Core/Src/traffic_light.c:289:6:auto_green_red	8	static
../Core/Src/traffic_light.c:305:6:init_auto_amber_red	8	static
../Core/Src/traffic_light.c:317:6:auto_amber_red	8	static
../Core/Src/traffic_light.c:333:6:init_red_time_config	8	static
../Core/Src/traffic_light.c:340:6:red_time_config	16	static
../Core/Src/traffic_light.c:379:6:init_amber_time_config	8	static
../Core/Src/traffic_light.c:386:6:amber_time_config	16	static
../Core/Src/traffic_light.c:425:6:init_green_time_config	8	static
../Core/Src/traffic_light.c:432:6:green_time_config	16	static
../Core/Src/traffic_light.c:468:6:init_manual_red_green	8	static
../Core/Src/traffic_light.c:474:6:manual_red_green	8	static
../Core/Src/traffic_light.c:483:6:init_manual_red_amber	8	static
../Core/Src/traffic_light.c:489:6:manual_red_amber	8	static
../Core/Src/traffic_light.c:498:6:init_manual_green_red	8	static
../Core/Src/traffic_light.c:504:6:manual_green_red	8	static
../Core/Src/traffic_light.c:513:6:init_manual_amber_red	8	static
../Core/Src/traffic_light.c:519:6:manual_amber_red	8	static
